Archive member included to satisfy reference by file (symbol)

C:/devkitPro/libctru/lib\libcitro2d.a(base.o)
                              main.o (C2D_Init)
C:/devkitPro/libctru/lib\libcitro2d.a(text.o)
                              main.o (C2D_TextBufNew)
C:/devkitPro/libctru/lib\libcitro2d.a(font.o)
                              C:/devkitPro/libctru/lib\libcitro2d.a(text.o) (C2D_FontGlyphIndexFromCodePoint)
C:/devkitPro/libctru/lib\libcitro2d.a(render2d.shbin.o)
                              C:/devkitPro/libctru/lib\libcitro2d.a(base.o) (render2d_shbin)
C:/devkitPro/libctru/lib\libcitro3d.a(base.o)
                              main.o (C3D_Init)
C:/devkitPro/libctru/lib\libcitro3d.a(renderqueue.o)
                              C:/devkitPro/libctru/lib\libcitro3d.a(base.o) (C3Di_RenderQueueEnableVBlank)
C:/devkitPro/libctru/lib\libcitro3d.a(texture.o)
                              C:/devkitPro/libctru/lib\libcitro2d.a(base.o) (C3D_TexBind)
C:/devkitPro/libctru/lib\libcitro3d.a(framebuffer.o)
                              C:/devkitPro/libctru/lib\libcitro3d.a(renderqueue.o) (C3D_CalcColorBufSize)
C:/devkitPro/libctru/lib\libcitro3d.a(texenv.o)
                              C:/devkitPro/libctru/lib\libcitro2d.a(base.o) (C3D_GetTexEnv)
C:/devkitPro/libctru/lib\libcitro3d.a(proctex.o)
                              C:/devkitPro/libctru/lib\libcitro2d.a(base.o) (C3D_ProcTexInit)
C:/devkitPro/libctru/lib\libcitro3d.a(buffers.o)
                              C:/devkitPro/libctru/lib\libcitro2d.a(base.o) (BufInfo_Init)
C:/devkitPro/libctru/lib\libcitro3d.a(drawArrays.o)
                              C:/devkitPro/libctru/lib\libcitro2d.a(base.o) (C3D_DrawArrays)
C:/devkitPro/libctru/lib\libcitro3d.a(effect.o)
                              C:/devkitPro/libctru/lib\libcitro3d.a(base.o) (C3D_DepthMap)
C:/devkitPro/libctru/lib\libcitro3d.a(attribs.o)
                              C:/devkitPro/libctru/lib\libcitro2d.a(base.o) (AttrInfo_Init)
C:/devkitPro/libctru/lib\libcitro3d.a(immediate.o)
                              C:/devkitPro/libctru/lib\libcitro3d.a(base.o) (C3D_ImmSendAttrib)
C:/devkitPro/libctru/lib\libcitro3d.a(uniforms.o)
                              C:/devkitPro/libctru/lib\libcitro3d.a(base.o) (C3D_UpdateUniforms)
C:/devkitPro/libctru/lib\libcitro3d.a(mtx_ortho.o)
                              C:/devkitPro/libctru/lib\libcitro2d.a(base.o) (Mtx_Ortho)
C:/devkitPro/libctru/lib\libcitro3d.a(mtx_scale.o)
                              C:/devkitPro/libctru/lib\libcitro2d.a(base.o) (Mtx_Scale)
C:/devkitPro/libctru/lib\libcitro3d.a(mtx_multiply.o)
                              C:/devkitPro/libctru/lib\libcitro2d.a(base.o) (Mtx_Multiply)
C:/devkitPro/libctru/lib\libcitro3d.a(mtx_orthotilt.o)
                              C:/devkitPro/libctru/lib\libcitro2d.a(base.o) (Mtx_OrthoTilt)
C:/devkitPro/libctru/lib\libcitro3d.a(mtx_translate.o)
                              C:/devkitPro/libctru/lib\libcitro2d.a(base.o) (Mtx_Translate)
C:/devkitPro/libctru/lib\libcitro3d.a(mtx_rotatez.o)
                              C:/devkitPro/libctru/lib\libcitro2d.a(base.o) (Mtx_RotateZ)
C:/devkitPro/libctru/lib\libctru.a(vram.o)
                              C:/devkitPro/libctru/lib\libcitro3d.a(renderqueue.o) (vramAlloc)
C:/devkitPro/libctru/lib\libctru.a(linear.o)
                              C:/devkitPro/libctru/lib\libcitro2d.a(base.o) (linearAlloc)
C:/devkitPro/libctru/lib\libctru.a(mem_pool.o)
                              C:/devkitPro/libctru/lib\libctru.a(vram.o) (MemPool::Allocate(MemChunk&, unsigned long, int))
C:/devkitPro/libctru/lib\libctru.a(romfs_dev.o)
                              C:/devkitPro/libctru/lib\libcitro2d.a(font.o) (romfsMountFromTitle)
C:/devkitPro/libctru/lib\libctru.a(os.o)
                              C:/devkitPro/libctru/lib\libcitro3d.a(texture.o) (osConvertVirtToPhys)
C:/devkitPro/libctru/lib\libctru.a(path_buf.o)
                              C:/devkitPro/libctru/lib\libctru.a(romfs_dev.o) (__ctru_dev_utf16_buf)
C:/devkitPro/libctru/lib\libctru.a(font.o)
                              C:/devkitPro/libctru/lib\libcitro2d.a(text.o) (fontEnsureMapped)
C:/devkitPro/libctru/lib\libctru.a(srv.o)
                              main.o (srvInit)
C:/devkitPro/libctru/lib\libctru.a(gfx.o)
                              main.o (gfxSet3D)
C:/devkitPro/libctru/lib\libctru.a(shaderProgram.o)
                              C:/devkitPro/libctru/lib\libcitro2d.a(base.o) (shaderInstanceGetUniformLocation)
C:/devkitPro/libctru/lib\libctru.a(shbin.o)
                              C:/devkitPro/libctru/lib\libcitro2d.a(base.o) (DVLB_ParseFile)
C:/devkitPro/libctru/lib\libctru.a(gx.o)
                              C:/devkitPro/libctru/lib\libcitro3d.a(renderqueue.o) (GX_BindQueue)
C:/devkitPro/libctru/lib\libctru.a(gxqueue.o)
                              C:/devkitPro/libctru/lib\libcitro3d.a(renderqueue.o) (gxCmdQueueClear)
C:/devkitPro/libctru/lib\libctru.a(gpu.o)
[...]
Memory Configuration

Name             Origin             Length             Attributes
*default*        0x0000000000000000 0xffffffffffffffff

Linker script and memory map

                0x0000000000100000                PROVIDE (__start__ = 0x100000)
                0x0000000000100000                . = __start__

.text           0x0000000000100000    0x1e4b4
 *(.crt0)
 .crt0          0x0000000000100000       0x94 c:/devkitpro/devkitarm/bin/../lib/gcc/arm-none-eabi/11.1.0/../../../../arm-none-eabi/lib/armv6k/fpu/3dsx_crt0.o
                0x0000000000100000                _start
                0x0000000000100008                __service_ptr
                0x000000000010000c                __apt_appid
                0x0000000000100010                __heap_size
                0x0000000000100014                __linear_heap_size
                0x0000000000100018                __system_arglist
                0x000000000010001c                __system_runflags
 *(.init)
 .init          0x0000000000100094        0xc c:/devkitpro/devkitarm/bin/../lib/gcc/arm-none-eabi/11.1.0/armv6k/fpu/crti.o
                0x0000000000100094                _init
 .init          0x00000000001000a0        0xc c:/devkitpro/devkitarm/bin/../lib/gcc/arm-none-eabi/11.1.0/armv6k/fpu/crtn.o
                0x00000000001000ac                . = ALIGN (0x4)
 *(.text)
 .text          0x00000000001000ac      0x20c c:/devkitpro/devkitarm/bin/../lib/gcc/arm-none-eabi/11.1.0/armv6k/fpu\libgcc.a(_udivsi3.o)
                0x00000000001000ac                __aeabi_uidiv
                0x00000000001000ac                __udivsi3
                0x0000000000100298                __aeabi_uidivmod
 .text          0x00000000001002b8      0x240 c:/devkitpro/devkitarm/bin/../lib/gcc/arm-none-eabi/11.1.0/armv6k/fpu\libgcc.a(_divsi3.o)
                0x00000000001002b8                __divsi3
                0x00000000001002b8                __aeabi_idiv
                0x00000000001004d8                __aeabi_idivmod
 .text          0x00000000001004f8        0x4 c:/devkitpro/devkitarm/bin/../lib/gcc/arm-none-eabi/11.1.0/armv6k/fpu\libgcc.a(_dvmd_tls.o)
                0x00000000001004f8                __aeabi_idiv0
                0x00000000001004f8                __aeabi_ldiv0
 .text          0x00000000001004fc       0xd4 c:/devkitpro/devkitarm/bin/../lib/gcc/arm-none-eabi/11.1.0/armv6k/fpu\libgcc.a(_aeabi_ldivmod.o)
                0x00000000001004fc                __aeabi_ldivmod
 .text          0x00000000001005d0       0x3c c:/devkitpro/devkitarm/bin/../lib/gcc/arm-none-eabi/11.1.0/armv6k/fpu\libgcc.a(_aeabi_uldivmod.o)
                0x00000000001005d0                __aeabi_uldivmod
 *fill*         0x000000000010060c       0x14 
 .text          0x0000000000100620      0x390 c:/devkitpro/devkitarm/bin/../lib/gcc/arm-none-eabi/11.1.0/../../../../arm-none-eabi/lib/armv6k/fpu\libg.a(lib_a-strcmp.o)
                0x0000000000100628                strcmp
 *(.text.*)
 .text.__do_global_dtors_aux
                0x00000000001009b0       0x40 c:/devkitpro/devkitarm/bin/../lib/gcc/arm-none-eabi/11.1.0/armv6k/fpu/crtbegin.o
 .text.frame_dummy
                0x00000000001009f0       0x2c c:/devkitpro/devkitarm/bin/../lib/gcc/arm-none-eabi/11.1.0/armv6k/fpu/crtbegin.o
 .text.checkButtons
                0x0000000000100a1c      0x26c buttons.o
                0x0000000000100a1c                checkButtons
 .text.startup.main
                0x0000000000100c88      0xd64 main.o
                0x0000000000100c88                main
 .text.m_useColor
                0x00000000001019ec       0x14 mochalibs.o
                0x00000000001019ec                m_useColor
 .text.touchWithin
                0x0000000000101a00       0x40 mochalibs.o
                0x0000000000101a00                touchWithin
 .text.adv_background
                0x0000000000101a40       0x50 mochalibs.o
                0x0000000000101a40                adv_background
 .text.m_background
                0x0000000000101a90       0x60 mochalibs.o
                0x0000000000101a90                m_background
 .text.m_rect   0x0000000000101af0       0x88 mochalibs.o
                0x0000000000101af0                m_rect
 .text.rgbsTop  0x0000000000101b78       0xf4 screens.o
                0x0000000000101b78                rgbsTop
 .text.rgbsBtm  0x0000000000101c6c       0xec screens.o
                0x0000000000101c6c                rgbsBtm
 .text.drawLStick
                0x0000000000101d58       0x5c sticks.o
                0x0000000000101d58                drawLStick
 .text.touchPosLines
                0x0000000000101db4       0x98 touchscreen.o
                0x0000000000101db4                touchPosLines
 .text.C2Di_FrameEndHook
                0x0000000000101e4c       0x34 C:/devkitPro/libctru/lib\libcitro2d.a(base.o)
 .text.C2D_Init
                0x0000000000101e80      0x330 C:/devkitPro/libctru/lib\libcitro2d.a(base.o)
                0x0000000000101e80                C2D_Init
 .text.C2D_Fini
                0x00000000001021b0       0x44 C:/devkitPro/libctru/lib\libcitro2d.a(base.o)
                0x00000000001021b0                C2D_Fini
 .text.C2D_Prepare
                0x00000000001021f4       0xd0 C:/devkitPro/libctru/lib\libcitro2d.a(base.o)
                0x00000000001021f4                C2D_Prepare
 .text.C2D_Flush
                0x00000000001022c4       0x3c C:/devkitPro/libctru/lib\libcitro2d.a(base.o)
                0x00000000001022c4                C2D_Flush
 .text.C2D_SceneSize
                0x0000000000102300      0x108 C:/devkitPro/libctru/lib\libcitro2d.a(base.o)
                0x0000000000102300                C2D_SceneSize
 .text.C2D_CreateScreenTarget
                0x0000000000102408       0x58 C:/devkitPro/libctru/lib\libcitro2d.a(base.o)
                0x0000000000102408                C2D_CreateScreenTarget
 .text.C2D_TargetClear
                0x0000000000102460       0x58 C:/devkitPro/libctru/lib\libcitro2d.a(base.o)
                0x0000000000102460                C2D_TargetClear
 .text.C2Di_AppendVtx
                0x00000000001024b8       0x40 C:/devkitPro/libctru/lib\libcitro2d.a(base.o)
                0x00000000001024b8                C2Di_AppendVtx
 .text.C2Di_Update
                0x00000000001024f8      0x22c C:/devkitPro/libctru/lib\libcitro2d.a(base.o)
                0x00000000001024f8                C2Di_Update
 .text.C2D_DrawLine
                0x0000000000102724      0x220 C:/devkitPro/libctru/lib\libcitro2d.a(base.o)
                0x0000000000102724                C2D_DrawLine
 .text.C2D_DrawRectangle
                0x0000000000102944      0x1b0 C:/devkitPro/libctru/lib\libcitro2d.a(base.o)
                0x0000000000102944                C2D_DrawRectangle
 .text.C2Di_GlyphComp
                0x0000000000102af4       0x18 C:/devkitPro/libctru/lib\libcitro2d.a(text.o)
 .text.C2Di_CalcLineWidths
                0x0000000000102b0c      0x140 C:/devkitPro/libctru/lib\libcitro2d.a(text.o)
 .text.C2D_TextBufNew
                0x0000000000102c4c      0x1d0 C:/devkitPro/libctru/lib\libcitro2d.a(text.o)
                0x0000000000102c4c                C2D_TextBufNew
 .text.C2D_TextBufDelete
                0x0000000000102e1c        0x4 C:/devkitPro/libctru/lib\libcitro2d.a(text.o)
                0x0000000000102e1c                C2D_TextBufDelete
 .text.C2D_TextBufClear
                0x0000000000102e20        0xc C:/devkitPro/libctru/lib\libcitro2d.a(text.o)
                0x0000000000102e20                C2D_TextBufClear
 .text.C2D_TextFontParseLine
                0x0000000000102e2c      0x1c8 C:/devkitPro/libctru/lib\libcitro2d.a(text.o)
                0x0000000000102e2c                C2D_TextFontParseLine
 .text.C2D_TextFontParse
                0x0000000000102ff4       0xa8 C:/devkitPro/libctru/lib\libcitro2d.a(text.o)
                0x0000000000102ff4                C2D_TextFontParse
 .text.C2D_TextParse
                0x000000000010309c       0x14 C:/devkitPro/libctru/lib\libcitro2d.a(text.o)
                0x000000000010309c                C2D_TextParse
 .text.C2D_TextOptimize
                0x00000000001030b0       0x30 C:/devkitPro/libctru/lib\libcitro2d.a(text.o)
                0x00000000001030b0                C2D_TextOptimize
 .text.C2D_DrawText
                0x00000000001030e0     0x10d4 C:/devkitPro/libctru/lib\libcitro2d.a(text.o)
                0x00000000001030e0                C2D_DrawText
 .text.C2D_FontGlyphIndexFromCodePoint
                0x00000000001041b4       0x44 C:/devkitPro/libctru/lib\libcitro2d.a(font.o)
                0x00000000001041b4                C2D_FontGlyphIndexFromCodePoint
 .text.C2D_FontCalcGlyphPos
                0x00000000001041f8       0x78 C:/devkitPro/libctru/lib\libcitro2d.a(font.o)
                0x00000000001041f8                C2D_FontCalcGlyphPos
 .text.C3Di_LightEnvUpdate
                0x0000000000104270        0x4 C:/devkitPro/libctru/lib\libcitro3d.a(base.o)
                0x0000000000104270                C3Di_LightEnvUpdate
 .text.C3Di_LightEnvDirty
                0x0000000000104274        0x4 C:/devkitPro/libctru/lib\libcitro3d.a(base.o)
                0x0000000000104274                C3Di_LightEnvDirty
 .text.C3Di_AptEventHook
                0x0000000000104278       0xb4 C:/devkitPro/libctru/lib\libcitro3d.a(base.o)
 .text.C3Di_GasUpdate
                0x000000000010432c        0x4 C:/devkitPro/libctru/lib\libcitro3d.a(base.o)
                0x000000000010432c                C3Di_GasUpdate
 .text.C3D_Init
                0x0000000000104330      0x1e0 C:/devkitPro/libctru/lib\libcitro3d.a(base.o)
                0x0000000000104330                C3D_Init
 .text.C3D_SetViewport
                0x0000000000104510       0x98 C:/devkitPro/libctru/lib\libcitro3d.a(base.o)
                0x0000000000104510                C3D_SetViewport
 .text.C3Di_UpdateContext
                0x00000000001045a8      0x4ec C:/devkitPro/libctru/lib\libcitro3d.a(base.o)
                0x00000000001045a8                C3Di_UpdateContext
 .text.C3Di_SplitFrame
                0x0000000000104a94       0xe0 C:/devkitPro/libctru/lib\libcitro3d.a(base.o)
                0x0000000000104a94                C3Di_SplitFrame
 .text.C3D_Fini
                0x0000000000104b74       0x44 C:/devkitPro/libctru/lib\libcitro3d.a(base.o)
                0x0000000000104b74                C3D_Fini
 .text.C3D_BindProgram
                0x0000000000104bb8      0x108 C:/devkitPro/libctru/lib\libcitro3d.a(base.o)
                0x0000000000104bb8                C3D_BindProgram
 .text.onVBlank0
                0x0000000000104cc0       0x4c C:/devkitPro/libctru/lib\libcitro3d.a(renderqueue.o)
 .text.onVBlank1
                0x0000000000104d0c       0x4c C:/devkitPro/libctru/lib\libcitro3d.a(renderqueue.o)
 .text.C3Di_RenderTargetDestroy
                0x0000000000104d58       0x80 C:/devkitPro/libctru/lib\libcitro3d.a(renderqueue.o)
 .text.onQueueFinish
                0x0000000000104dd8       0xf4 C:/devkitPro/libctru/lib\libcitro3d.a(renderqueue.o)
 .text.C3Di_RenderQueueEnableVBlank
                0x0000000000104ecc       0x38 C:/devkitPro/libctru/lib\libcitro3d.a(renderqueue.o)
                0x0000000000104ecc                C3Di_RenderQueueEnableVBlank
 .text.C3Di_RenderQueueDisableVBlank
                0x0000000000104f04       0x30 C:/devkitPro/libctru/lib\libcitro3d.a(renderqueue.o)
                0x0000000000104f04                C3Di_RenderQueueDisableVBlank
 .text.C3Di_RenderQueueInit
                0x0000000000104f34       0x60 C:/devkitPro/libctru/lib\libcitro3d.a(renderqueue.o)
                0x0000000000104f34                C3Di_RenderQueueInit
 .text.C3Di_RenderQueueExit
                0x0000000000104f94       0xb0 C:/devkitPro/libctru/lib\libcitro3d.a(renderqueue.o)
                0x0000000000104f94                C3Di_RenderQueueExit
 .text.C3Di_RenderQueueWaitDone
                0x0000000000105044       0x34 C:/devkitPro/libctru/lib\libcitro3d.a(renderqueue.o)
                0x0000000000105044                C3Di_RenderQueueWaitDone
 .text.C3D_FrameBegin
                0x0000000000105078       0xe4 C:/devkitPro/libctru/lib\libcitro3d.a(renderqueue.o)
                0x0000000000105078                C3D_FrameBegin
 .text.C3D_FrameDrawOn
                0x000000000010515c       0x48 C:/devkitPro/libctru/lib\libcitro3d.a(renderqueue.o)
                0x000000000010515c                C3D_FrameDrawOn
 .text.C3D_FrameSplit
                0x00000000001051a4       0x58 C:/devkitPro/libctru/lib\libcitro3d.a(renderqueue.o)
                0x00000000001051a4                C3D_FrameSplit
 .text.C3D_FrameEnd
                0x00000000001051fc      0x1d8 C:/devkitPro/libctru/lib\libcitro3d.a(renderqueue.o)
                0x00000000001051fc                C3D_FrameEnd
 .text.C3D_FrameEndHook
                0x00000000001053d4       0x1c C:/devkitPro/libctru/lib\libcitro3d.a(renderqueue.o)
                0x00000000001053d4                C3D_FrameEndHook
 .text.C3D_RenderTargetCreate
                0x00000000001053f0      0x128 C:/devkitPro/libctru/lib\libcitro3d.a(renderqueue.o)
                0x00000000001053f0                C3D_RenderTargetCreate
 .text.C3D_RenderTargetSetOutput
                0x0000000000105518       0xa8 C:/devkitPro/libctru/lib\libcitro3d.a(renderqueue.o)
                0x0000000000105518                C3D_RenderTargetSetOutput
 .text.C3D_TexBind
                0x00000000001055c0       0x44 C:/devkitPro/libctru/lib\libcitro3d.a(texture.o)
                0x00000000001055c0                C3D_TexBind
 .text.C3Di_SetTex
                0x0000000000105604      0x16c C:/devkitPro/libctru/lib\libcitro3d.a(texture.o)
                0x0000000000105604                C3Di_SetTex
 .text.C3D_CalcColorBufSize
                0x0000000000105770       0x1c C:/devkitPro/libctru/lib\libcitro3d.a(framebuffer.o)
                0x0000000000105770                C3D_CalcColorBufSize
 .text.C3D_CalcDepthBufSize
                0x000000000010578c       0x1c C:/devkitPro/libctru/lib\libcitro3d.a(framebuffer.o)
                0x000000000010578c                C3D_CalcDepthBufSize
 .text.C3D_SetFrameBuf
                0x00000000001057a8       0x44 C:/devkitPro/libctru/lib\libcitro3d.a(framebuffer.o)
                0x00000000001057a8                C3D_SetFrameBuf
 .text.C3Di_FrameBufBind
                0x00000000001057ec      0x16c C:/devkitPro/libctru/lib\libcitro3d.a(framebuffer.o)
                0x00000000001057ec                C3Di_FrameBufBind
 .text.C3D_FrameBufClear
                0x0000000000105958       0xcc C:/devkitPro/libctru/lib\libcitro3d.a(framebuffer.o)
                0x0000000000105958                C3D_FrameBufClear
 .text.C3D_FrameBufTransfer
                0x0000000000105a24       0x44 C:/devkitPro/libctru/lib\libcitro3d.a(framebuffer.o)
                0x0000000000105a24                C3D_FrameBufTransfer
 .text.C3D_GetTexEnv
                0x0000000000105a68       0x34 C:/devkitPro/libctru/lib\libcitro3d.a(texenv.o)
                0x0000000000105a68                C3D_GetTexEnv
 .text.C3Di_TexEnvBind
                0x0000000000105a9c       0x24 C:/devkitPro/libctru/lib\libcitro3d.a(texenv.o)
                0x0000000000105a9c                C3Di_TexEnvBind
 .text.C3D_ProcTexInit
                0x0000000000105ac0       0x70 C:/devkitPro/libctru/lib\libcitro3d.a(proctex.o)
                0x0000000000105ac0                C3D_ProcTexInit
 .text.C3D_ProcTexBind
                0x0000000000105b30       0x54 C:/devkitPro/libctru/lib\libcitro3d.a(proctex.o)
                0x0000000000105b30                C3D_ProcTexBind
 .text.C3D_ProcTexLutBind
                0x0000000000105b84       0x5c C:/devkitPro/libctru/lib\libcitro3d.a(proctex.o)
                0x0000000000105b84                C3D_ProcTexLutBind
 .text.ProcTexLut_FromArray
                0x0000000000105be0       0xa4 C:/devkitPro/libctru/lib\libcitro3d.a(proctex.o)
                0x0000000000105be0                ProcTexLut_FromArray
 .text.C3Di_ProcTexUpdate
                0x0000000000105c84      0x17c C:/devkitPro/libctru/lib\libcitro3d.a(proctex.o)
                0x0000000000105c84                C3Di_ProcTexUpdate
 .text.C3Di_ProcTexDirty
                0x0000000000105e00       0x68 C:/devkitPro/libctru/lib\libcitro3d.a(proctex.o)
                0x0000000000105e00                C3Di_ProcTexDirty
 .text.BufInfo_Init
                0x0000000000105e68       0x24 C:/devkitPro/libctru/lib\libcitro3d.a(buffers.o)
                0x0000000000105e68                BufInfo_Init
 .text.BufInfo_Add
                0x0000000000105e8c       0x80 C:/devkitPro/libctru/lib\libcitro3d.a(buffers.o)
                0x0000000000105e8c                BufInfo_Add
 .text.C3D_SetBufInfo
                0x0000000000105f0c       0x40 C:/devkitPro/libctru/lib\libcitro3d.a(buffers.o)
                0x0000000000105f0c                C3D_SetBufInfo
 .text.C3Di_BufInfoBind
                0x0000000000105f4c       0x48 C:/devkitPro/libctru/lib\libcitro3d.a(buffers.o)
                0x0000000000105f4c                C3Di_BufInfoBind
 .text.C3D_DrawArrays
                0x0000000000105f94      0x148 C:/devkitPro/libctru/lib\libcitro3d.a(drawArrays.o)
                0x0000000000105f94                C3D_DrawArrays
 .text.C3D_DepthMap
                0x00000000001060dc       0x40 C:/devkitPro/libctru/lib\libcitro3d.a(effect.o)
                0x00000000001060dc                C3D_DepthMap
 .text.C3D_CullFace
                0x000000000010611c       0x1c C:/devkitPro/libctru/lib\libcitro3d.a(effect.o)
                0x000000000010611c                C3D_CullFace
 .text.C3D_StencilTest
                0x0000000000106138       0x40 C:/devkitPro/libctru/lib\libcitro3d.a(effect.o)
                0x0000000000106138                C3D_StencilTest
 .text.C3D_StencilOp
                0x0000000000106178       0x24 C:/devkitPro/libctru/lib\libcitro3d.a(effect.o)
                0x0000000000106178                C3D_StencilOp
 .text.C3D_BlendingColor
                0x000000000010619c       0x1c C:/devkitPro/libctru/lib\libcitro3d.a(effect.o)
                0x000000000010619c                C3D_BlendingColor
 .text.C3D_EarlyDepthTest
                0x00000000001061b8       0x24 C:/devkitPro/libctru/lib\libcitro3d.a(effect.o)
                0x00000000001061b8                C3D_EarlyDepthTest
 .text.C3D_DepthTest
                0x00000000001061dc       0x2c C:/devkitPro/libctru/lib\libcitro3d.a(effect.o)
                0x00000000001061dc                C3D_DepthTest
 .text.C3D_AlphaTest
                0x0000000000106208       0x2c C:/devkitPro/libctru/lib\libcitro3d.a(effect.o)
                0x0000000000106208                C3D_AlphaTest
 .text.C3D_AlphaBlend
                0x0000000000106234       0x50 C:/devkitPro/libctru/lib\libcitro3d.a(effect.o)
                0x0000000000106234                C3D_AlphaBlend
 .text.C3D_FragOpMode
                0x0000000000106284       0x30 C:/devkitPro/libctru/lib\libcitro3d.a(effect.o)
                0x0000000000106284                C3D_FragOpMode
 .text.C3D_FragOpShadow
                0x00000000001062b4       0x44 C:/devkitPro/libctru/lib\libcitro3d.a(effect.o)
                0x00000000001062b4                C3D_FragOpShadow
 .text.C3Di_EffectBind
                0x00000000001062f8      0x1ac C:/devkitPro/libctru/lib\libcitro3d.a(effect.o)
                0x00000000001062f8                C3Di_EffectBind
 .text.AttrInfo_Init
                0x00000000001064a4       0x28 C:/devkitPro/libctru/lib\libcitro3d.a(attribs.o)
                0x00000000001064a4                AttrInfo_Init
 .text.AttrInfo_AddLoader
                0x00000000001064cc       0x98 C:/devkitPro/libctru/lib\libcitro3d.a(attribs.o)
                0x00000000001064cc                AttrInfo_AddLoader
 .text.C3D_SetAttrInfo
                0x0000000000106564       0x54 C:/devkitPro/libctru/lib\libcitro3d.a(attribs.o)
                0x0000000000106564                C3D_SetAttrInfo
 .text.C3Di_AttrInfoBind
                0x00000000001065b8       0x80 C:/devkitPro/libctru/lib\libcitro3d.a(attribs.o)
                0x00000000001065b8                C3Di_AttrInfoBind
 .text.C3D_ImmSendAttrib
                0x0000000000106638       0xa8 C:/devkitPro/libctru/lib\libcitro3d.a(immediate.o)
                0x0000000000106638                C3D_ImmSendAttrib
 .text.C3D_UpdateUniforms
                0x00000000001066e0      0x29c C:/devkitPro/libctru/lib\libcitro3d.a(uniforms.o)
                0x00000000001066e0                C3D_UpdateUniforms
 .text.C3Di_DirtyUniforms
                0x000000000010697c       0xc0 C:/devkitPro/libctru/lib\libcitro3d.a(uniforms.o)
                0x000000000010697c                C3Di_DirtyUniforms
 .text.C3Di_LoadShaderUniforms
                0x0000000000106a3c       0xd8 C:/devkitPro/libctru/lib\libcitro3d.a(uniforms.o)
                0x0000000000106a3c                C3Di_LoadShaderUniforms
 .text.C3Di_ClearShaderUniforms
                0x0000000000106b14       0x28 C:/devkitPro/libctru/lib\libcitro3d.a(uniforms.o)
                0x0000000000106b14                C3Di_ClearShaderUniforms
 .text.Mtx_Ortho
                0x0000000000106b3c       0xcc C:/devkitPro/libctru/lib\libcitro3d.a(mtx_ortho.o)
                0x0000000000106b3c                Mtx_Ortho
 .text.Mtx_OrthoTilt
                0x0000000000106c08       0xcc C:/devkitPro/libctru/lib\libcitro3d.a(mtx_orthotilt.o)
                0x0000000000106c08                Mtx_OrthoTilt
 .text._ZL21addrMapNodeComparatorPK11rbtree_nodeS1_
                0x0000000000106cd4       0x24 C:/devkitPro/libctru/lib\libctru.a(vram.o)
 .text._ZL21addrMapNodeDestructorP11rbtree_node
                0x0000000000106cf8        0x4 C:/devkitPro/libctru/lib\libctru.a(vram.o)
 .text.vramMemAlign
                0x0000000000106cfc      0x114 C:/devkitPro/libctru/lib\libctru.a(vram.o)
                0x0000000000106cfc                vramMemAlign
 .text.vramAlloc
                0x0000000000106e10        0x8 C:/devkitPro/libctru/lib\libctru.a(vram.o)
                0x0000000000106e10                vramAlloc
 .text.vramFree
                0x0000000000106e18       0x5c C:/devkitPro/libctru/lib\libctru.a(vram.o)
                0x0000000000106e18                vramFree
 .text._ZL21addrMapNodeComparatorPK11rbtree_nodeS1_
                0x0000000000106e74       0x24 C:/devkitPro/libctru/lib\libctru.a(linear.o)
 .text._ZL21addrMapNodeDestructorP11rbtree_node
                0x0000000000106e98        0x4 C:/devkitPro/libctru/lib\libctru.a(linear.o)
 .text.linearMemAlign
                0x0000000000106e9c      0x120 C:/devkitPro/libctru/lib\libctru.a(linear.o)
                0x0000000000106e9c                linearMemAlign
 .text.linearAlloc
                0x0000000000106fbc        0x8 C:/devkitPro/libctru/lib\libctru.a(linear.o)
                0x0000000000106fbc                linearAlloc
 .text.linearFree
                0x0000000000106fc4       0x5c C:/devkitPro/libctru/lib\libctru.a(linear.o)
                0x0000000000106fc4                linearFree
 .text._ZN7MemPool13CoalesceRightEP8MemBlock
                0x0000000000107020       0x84 C:/devkitPro/libctru/lib\libctru.a(mem_pool.o)
                0x0000000000107020                MemPool::CoalesceRight(MemBlock*)
 .text._ZN7MemPool8AllocateER8MemChunkmi
                0x00000000001070a4      0x170 C:/devkitPro/libctru/lib\libctru.a(mem_pool.o)
                0x00000000001070a4                MemPool::Allocate(MemChunk&, unsigned long, int)
 .text._ZN7MemPool10DeallocateERK8MemChunk
                0x0000000000107214       0xfc C:/devkitPro/libctru/lib\libctru.a(mem_pool.o)
                0x0000000000107214                MemPool::Deallocate(MemChunk const&)
 .text.osConvertVirtToPhys
                0x0000000000107310       0x74 C:/devkitPro/libctru/lib\libctru.a(os.o)
                0x0000000000107310                osConvertVirtToPhys
 .text.osGetTimeRef
                0x0000000000107384       0x54 C:/devkitPro/libctru/lib\libctru.a(os.o)
                0x0000000000107384                osGetTimeRef
 .text.osGetTime
                0x00000000001073d8       0xe4 C:/devkitPro/libctru/lib\libctru.a(os.o)
                0x00000000001073d8                osGetTime
 .text.__libctru_gtod
                0x00000000001074bc       0x74 C:/devkitPro/libctru/lib\libctru.a(os.o)
                0x00000000001074bc                __libctru_gtod
 .text.__ctru_speedup_config
                0x0000000000107530       0x34 C:/devkitPro/libctru/lib\libctru.a(os.o)
                0x0000000000107530                __ctru_speedup_config
 .text.fontEnsureMapped
                0x0000000000107564       0x9c C:/devkitPro/libctru/lib\libctru.a(font.o)
                0x0000000000107564                fontEnsureMapped
 .text.fontGlyphIndexFromCodePoint
                0x0000000000107600       0xfc C:/devkitPro/libctru/lib\libctru.a(font.o)
                0x0000000000107600                fontGlyphIndexFromCodePoint
 .text.fontGetCharWidthInfo
                0x00000000001076fc       0x6c C:/devkitPro/libctru/lib\libctru.a(font.o)
                0x00000000001076fc                fontGetCharWidthInfo
 .text.fontCalcGlyphPos
                0x0000000000107768      0x1c0 C:/devkitPro/libctru/lib\libctru.a(font.o)
                0x0000000000107768                fontCalcGlyphPos
 .text.srvInit  0x0000000000107928      0x124 C:/devkitPro/libctru/lib\libctru.a(srv.o)
                0x0000000000107928                srvInit
 .text.srvExit  0x0000000000107a4c       0x58 C:/devkitPro/libctru/lib\libctru.a(srv.o)
                0x0000000000107a4c                srvExit
 .text.srvGetServiceHandleDirect
                0x0000000000107aa4       0x80 C:/devkitPro/libctru/lib\libctru.a(srv.o)
                0x0000000000107aa4                srvGetServiceHandleDirect
 .text.srvGetServiceHandle
                0x0000000000107b24       0x48 C:/devkitPro/libctru/lib\libctru.a(srv.o)
                0x0000000000107b24                srvGetServiceHandle
 .text.srvPublishToSubscriber
                0x0000000000107b6c       0x38 C:/devkitPro/libctru/lib\libctru.a(srv.o)
                0x0000000000107b6c                srvPublishToSubscriber
 .text.gfxPresentFramebuffer
                0x0000000000107ba4       0xd0 C:/devkitPro/libctru/lib\libctru.a(gfx.o)
 .text.gfxSet3D
                0x0000000000107c74       0x10 C:/devkitPro/libctru/lib\libctru.a(gfx.o)
                0x0000000000107c74                gfxSet3D
 .text.gfxIsWide
                0x0000000000107c84       0x1c C:/devkitPro/libctru/lib\libctru.a(gfx.o)
                0x0000000000107c84                gfxIsWide
 .text.gfxSetScreenFormat
                0x0000000000107ca0       0xec C:/devkitPro/libctru/lib\libctru.a(gfx.o)
                0x0000000000107ca0                gfxSetScreenFormat
 .text.gfxInit  0x0000000000107d8c      0x108 C:/devkitPro/libctru/lib\libctru.a(gfx.o)
                0x0000000000107d8c                gfxInit
 .text.gfxInitDefault
                0x0000000000107e94       0x10 C:/devkitPro/libctru/lib\libctru.a(gfx.o)
                0x0000000000107e94                gfxInitDefault
 .text.gfxExit  0x0000000000107ea4       0xb4 C:/devkitPro/libctru/lib\libctru.a(gfx.o)
                0x0000000000107ea4                gfxExit
 .text.gfxGetFramebuffer
                0x0000000000107f58       0xa0 C:/devkitPro/libctru/lib\libctru.a(gfx.o)
                0x0000000000107f58                gfxGetFramebuffer
 .text.gfxScreenSwapBuffers
                0x0000000000107ff8       0x30 C:/devkitPro/libctru/lib\libctru.a(gfx.o)
                0x0000000000107ff8                gfxScreenSwapBuffers
 .text.shaderInstanceInit
                0x0000000000108028      0x1e0 C:/devkitPro/libctru/lib\libctru.a(shaderProgram.o)
                0x0000000000108028                shaderInstanceInit
 .text.shaderInstanceGetUniformLocation
                0x0000000000108208       0x18 C:/devkitPro/libctru/lib\libctru.a(shaderProgram.o)
                0x0000000000108208                shaderInstanceGetUniformLocation
 .text.shaderProgramInit
                0x0000000000108220       0x1c C:/devkitPro/libctru/lib\libctru.a(shaderProgram.o)
                0x0000000000108220                shaderProgramInit
 .text.shaderProgramFree
                0x000000000010823c       0x64 C:/devkitPro/libctru/lib\libctru.a(shaderProgram.o)
                0x000000000010823c                shaderProgramFree
 .text.shaderProgramSetVsh
                0x00000000001082a0       0x80 C:/devkitPro/libctru/lib\libctru.a(shaderProgram.o)
                0x00000000001082a0                shaderProgramSetVsh
 .text.shaderProgramConfigure
                0x0000000000108320      0x8c0 C:/devkitPro/libctru/lib\libctru.a(shaderProgram.o)
                0x0000000000108320                shaderProgramConfigure
 .text.DVLE_GenerateOutmap.part.0
                0x0000000000108be0      0x1f8 C:/devkitPro/libctru/lib\libctru.a(shbin.o)
 .text.DVLB_ParseFile
                0x0000000000108dd8      0x1cc C:/devkitPro/libctru/lib\libctru.a(shbin.o)
                0x0000000000108dd8                DVLB_ParseFile
 .text.DVLB_Free
                0x0000000000108fa4       0x38 C:/devkitPro/libctru/lib\libctru.a(shbin.o)
                0x0000000000108fa4                DVLB_Free
 .text.DVLE_GetUniformRegister
                0x0000000000108fdc       0x74 C:/devkitPro/libctru/lib\libctru.a(shbin.o)
                0x0000000000108fdc                DVLE_GetUniformRegister
 .text.GX_BindQueue
                0x0000000000109050       0x10 C:/devkitPro/libctru/lib\libctru.a(gx.o)
                0x0000000000109050                GX_BindQueue
 .text.GX_ProcessCommandList
                0x0000000000109060       0x78 C:/devkitPro/libctru/lib\libctru.a(gx.o)
                0x0000000000109060                GX_ProcessCommandList
 .text.GX_MemoryFill
                0x00000000001090d8       0x74 C:/devkitPro/libctru/lib\libctru.a(gx.o)
                0x00000000001090d8                GX_MemoryFill
 .text.GX_DisplayTransfer
                0x000000000010914c       0x70 C:/devkitPro/libctru/lib\libctru.a(gx.o)
                0x000000000010914c                GX_DisplayTransfer
 .text.gxCmdQueueDoCommands.part.0
                0x00000000001091bc       0x68 C:/devkitPro/libctru/lib\libctru.a(gxqueue.o)
 .text.gxCmdQueueInterrupt
                0x0000000000109224       0xc8 C:/devkitPro/libctru/lib\libctru.a(gxqueue.o)
                0x0000000000109224                gxCmdQueueInterrupt
 .text.gxCmdQueueClear
                0x00000000001092ec       0x4c C:/devkitPro/libctru/lib\libctru.a(gxqueue.o)
                0x00000000001092ec                gxCmdQueueClear
 .text.gxCmdQueueAdd
                0x0000000000109338       0xf8 C:/devkitPro/libctru/lib\libctru.a(gxqueue.o)
                0x0000000000109338                gxCmdQueueAdd
 .text.gxCmdQueueRun
                0x0000000000109430       0x80 C:/devkitPro/libctru/lib\libctru.a(gxqueue.o)
                0x0000000000109430                gxCmdQueueRun
 .text.gxCmdQueueStop
                0x00000000001094b0       0x60 C:/devkitPro/libctru/lib\libctru.a(gxqueue.o)
                0x00000000001094b0                gxCmdQueueStop
 .text.gxCmdQueueWait
                0x0000000000109510       0x74 C:/devkitPro/libctru/lib\libctru.a(gxqueue.o)
                0x0000000000109510                gxCmdQueueWait
 .text.GPUCMD_Add
                0x0000000000109584      0x13c C:/devkitPro/libctru/lib\libctru.a(gpu.o)
                0x0000000000109584                GPUCMD_Add
 .text.GPUCMD_Split
                0x00000000001096c0       0xac C:/devkitPro/libctru/lib\libctru.a(gpu.o)
                0x00000000001096c0                GPUCMD_Split
 .text.f32tof16
                0x000000000010976c       0x40 C:/devkitPro/libctru/lib\libctru.a(gpu.o)
                0x000000000010976c                f32tof16
 .text.f32tof24
                0x00000000001097ac       0x40 C:/devkitPro/libctru/lib\libctru.a(gpu.o)
                0x00000000001097ac                f32tof24
 .text.f32tof31
                0x00000000001097ec       0x44 C:/devkitPro/libctru/lib\libctru.a(gpu.o)
                0x00000000001097ec                f32tof31
 .text.gspHardwareInit
                0x0000000000109830      0xc58 C:/devkitPro/libctru/lib\libctru.a(gspgpu.o)
 .text.gspInit  0x000000000010a488      0x254 C:/devkitPro/libctru/lib\libctru.a(gspgpu.o)
                0x000000000010a488                gspInit
 .text.gspExit  0x000000000010a6dc       0xf0 C:/devkitPro/libctru/lib\libctru.a(gspgpu.o)
                0x000000000010a6dc                gspExit
 .text.gspHasGpuRight
                0x000000000010a7cc       0x10 C:/devkitPro/libctru/lib\libctru.a(gspgpu.o)
                0x000000000010a7cc                gspHasGpuRight
 .text.gspPresentBuffer
                0x000000000010a7dc       0x98 C:/devkitPro/libctru/lib\libctru.a(gspgpu.o)
                0x000000000010a7dc                gspPresentBuffer
 .text.gspSetEventCallback
                0x000000000010a874       0x30 C:/devkitPro/libctru/lib\libctru.a(gspgpu.o)
                0x000000000010a874                gspSetEventCallback
 .text.gspWaitForEvent
                0x000000000010a8a4       0x50 C:/devkitPro/libctru/lib\libctru.a(gspgpu.o)
                0x000000000010a8a4                gspWaitForEvent
 .text.gspWaitForAnyEvent
                0x000000000010a8f4       0x4c C:/devkitPro/libctru/lib\libctru.a(gspgpu.o)
                0x000000000010a8f4                gspWaitForAnyEvent
 .text.gspEventThreadMain
                0x000000000010a940      0x160 C:/devkitPro/libctru/lib\libctru.a(gspgpu.o)
 .text.gspSubmitGxCommand
                0x000000000010aaa0      0x130 C:/devkitPro/libctru/lib\libctru.a(gspgpu.o)
                0x000000000010aaa0                gspSubmitGxCommand
 .text.GSPGPU_FlushDataCache
                0x000000000010abd0       0x50 C:/devkitPro/libctru/lib\libctru.a(gspgpu.o)
                0x000000000010abd0                GSPGPU_FlushDataCache
 .text.GSPGPU_SetLcdForceBlack
                0x000000000010ac20       0x34 C:/devkitPro/libctru/lib\libctru.a(gspgpu.o)
                0x000000000010ac20                GSPGPU_SetLcdForceBlack
 .text.GSPGPU_AcquireRight
                0x000000000010ac54       0x68 C:/devkitPro/libctru/lib\libctru.a(gspgpu.o)
                0x000000000010ac54                GSPGPU_AcquireRight
 .text.GSPGPU_ReleaseRight
                0x000000000010acbc       0x48 C:/devkitPro/libctru/lib\libctru.a(gspgpu.o)
                0x000000000010acbc                GSPGPU_ReleaseRight
 .text.GSPGPU_ImportDisplayCaptureInfo
                0x000000000010ad04       0x7c C:/devkitPro/libctru/lib\libctru.a(gspgpu.o)
                0x000000000010ad04                GSPGPU_ImportDisplayCaptureInfo
 .text.GSPGPU_SaveVramSysArea
                0x000000000010ad80       0x2c C:/devkitPro/libctru/lib\libctru.a(gspgpu.o)
                0x000000000010ad80                GSPGPU_SaveVramSysArea
 .text.GSPGPU_RestoreVramSysArea
                0x000000000010adac       0x2c C:/devkitPro/libctru/lib\libctru.a(gspgpu.o)
                0x000000000010adac                GSPGPU_RestoreVramSysArea
 .text.aptConvertScreenForCapture
                0x000000000010add8      0x1b0 C:/devkitPro/libctru/lib\libctru.a(apt.o)
 .text.aptDspSleep
                0x000000000010af88        0x8 C:/devkitPro/libctru/lib\libctru.a(apt.o)
                0x000000000010af88                aptDspSleep
 .text.aptDspWakeup
                0x000000000010af90        0x4 C:/devkitPro/libctru/lib\libctru.a(apt.o)
                0x000000000010af90                aptDspWakeup
 .text.aptDspCancel
                0x000000000010af94        0x4 C:/devkitPro/libctru/lib\libctru.a(apt.o)
                0x000000000010af94                aptDspCancel
 .text.aptSendCommand
                0x000000000010af98      0x15c C:/devkitPro/libctru/lib\libctru.a(apt.o)
                0x000000000010af98                aptSendCommand
 .text.aptExitProcess
                0x000000000010b0f4       0x38 C:/devkitPro/libctru/lib\libctru.a(apt.o)
 .text.aptExit  0x000000000010b12c      0x2f0 C:/devkitPro/libctru/lib\libctru.a(apt.o)
                0x000000000010b12c                aptExit
 .text.aptHandleSleep
                0x000000000010b41c       0xd8 C:/devkitPro/libctru/lib\libctru.a(apt.o)
                0x000000000010b41c                aptHandleSleep
 .text.aptHook  0x000000000010b4f4       0x30 C:/devkitPro/libctru/lib\libctru.a(apt.o)
                0x000000000010b4f4                aptHook
 .text.aptUnhook
                0x000000000010b524       0x30 C:/devkitPro/libctru/lib\libctru.a(apt.o)
                0x000000000010b524                aptUnhook
 .text.APT_HardwareResetAsync
                0x000000000010b554       0x20 C:/devkitPro/libctru/lib\libctru.a(apt.o)
                0x000000000010b554                APT_HardwareResetAsync
 .text.APT_SleepIfShellClosed
                0x000000000010b574       0x84 C:/devkitPro/libctru/lib\libctru.a(apt.o)
                0x000000000010b574                APT_SleepIfShellClosed
 .text.aptSetSleepAllowed
                0x000000000010b5f8       0x84 C:/devkitPro/libctru/lib\libctru.a(apt.o)
                0x000000000010b5f8                aptSetSleepAllowed
 .text.APT_UnlockTransition
                0x000000000010b67c       0x84 C:/devkitPro/libctru/lib\libctru.a(apt.o)
                0x000000000010b67c                APT_UnlockTransition
 .text.aptEventHandler
                0x000000000010b700      0x484 C:/devkitPro/libctru/lib\libctru.a(apt.o)
 .text.APT_ReceiveParameter
                0x000000000010bb84       0xb0 C:/devkitPro/libctru/lib\libctru.a(apt.o)
                0x000000000010bb84                APT_ReceiveParameter
 .text.aptReceiveParameter.constprop.0
                0x000000000010bc34       0xb0 C:/devkitPro/libctru/lib\libctru.a(apt.o)
 *fill*         0x000000000010bce4        0x4 
 .text.aptScreenTransfer
                0x000000000010bce8      0x2bc C:/devkitPro/libctru/lib\libctru.a(apt.o)
 .text.aptWaitForWakeUp.isra.0
                0x000000000010bfa4      0x2d0 C:/devkitPro/libctru/lib\libctru.a(apt.o)
 .text.aptJumpToHomeMenu
                0x000000000010c274       0xf8 C:/devkitPro/libctru/lib\libctru.a(apt.o)
                0x000000000010c274                aptJumpToHomeMenu
 .text.aptMainLoop
                0x000000000010c36c       0x4c C:/devkitPro/libctru/lib\libctru.a(apt.o)
                0x000000000010c36c                aptMainLoop
 .text.aptInit  0x000000000010c3b8      0x234 C:/devkitPro/libctru/lib\libctru.a(apt.o)
                0x000000000010c3b8                aptInit
 .text.APT_CheckNew3DS
                0x000000000010c5ec       0x7c C:/devkitPro/libctru/lib\libctru.a(apt.o)
                0x000000000010c5ec                APT_CheckNew3DS
 .text.APT_GetSharedFont
                0x000000000010c668       0x48 C:/devkitPro/libctru/lib\libctru.a(apt.o)
                0x000000000010c668                APT_GetSharedFont
 .text.hidShouldUseIrrst
                0x000000000010c6b0       0x24 C:/devkitPro/libctru/lib\libctru.a(hid.o)
                0x000000000010c6b0                hidShouldUseIrrst
 .text.hidInit  0x000000000010c6d4      0x18c C:/devkitPro/libctru/lib\libctru.a(hid.o)
                0x000000000010c6d4                hidInit
 .text.hidExit  0x000000000010c860       0xe8 C:/devkitPro/libctru/lib\libctru.a(hid.o)
                0x000000000010c860                hidExit
 .text.hidScanInput
                0x000000000010c948      0x294 C:/devkitPro/libctru/lib\libctru.a(hid.o)
                0x000000000010c948                hidScanInput
 .text.hidKeysHeld
                0x000000000010cbdc       0x10 C:/devkitPro/libctru/lib\libctru.a(hid.o)
                0x000000000010cbdc                hidKeysHeld
 .text.hidKeysDown
                0x000000000010cbec       0x10 C:/devkitPro/libctru/lib\libctru.a(hid.o)
                0x000000000010cbec                hidKeysDown
 .text.hidTouchRead
                0x000000000010cbfc       0x18 C:/devkitPro/libctru/lib\libctru.a(hid.o)
                0x000000000010cbfc                hidTouchRead
 .text.hidCircleRead
                0x000000000010cc14       0x18 C:/devkitPro/libctru/lib\libctru.a(hid.o)
                0x000000000010cc14                hidCircleRead
 .text.srvPmGetSessionHandle
                0x000000000010cc2c        0xc C:/devkitPro/libctru/lib\libctru.a(srvpm.o)
                0x000000000010cc2c                srvPmGetSessionHandle
 .text.ptmSysmInit
                0x000000000010cc38       0x74 C:/devkitPro/libctru/lib\libctru.a(ptmsysm.o)
                0x000000000010cc38                ptmSysmInit
 .text.ptmSysmExit
                0x000000000010ccac       0x3c C:/devkitPro/libctru/lib\libctru.a(ptmsysm.o)
                0x000000000010ccac                ptmSysmExit
 .text.PTMSYSM_ConfigureNew3DSCPU
                0x000000000010cce8       0x34 C:/devkitPro/libctru/lib\libctru.a(ptmsysm.o)
                0x000000000010cce8                PTMSYSM_ConfigureNew3DSCPU
 .text.fsInit   0x000000000010cd1c       0xc8 C:/devkitPro/libctru/lib\libctru.a(fs.o)
                0x000000000010cd1c                fsInit
 .text.fsExit   0x000000000010cde4       0x3c C:/devkitPro/libctru/lib\libctru.a(fs.o)
                0x000000000010cde4                fsExit
 .text.fsExemptFromSession
                0x000000000010ce20       0x60 C:/devkitPro/libctru/lib\libctru.a(fs.o)
                0x000000000010ce20                fsExemptFromSession
 .text.fsUnexemptFromSession
                0x000000000010ce80       0x50 C:/devkitPro/libctru/lib\libctru.a(fs.o)
                0x000000000010ce80                fsUnexemptFromSession
 .text.FSUSER_OpenFile
                0x000000000010ced0       0xcc C:/devkitPro/libctru/lib\libctru.a(fs.o)
                0x000000000010ced0                FSUSER_OpenFile
 .text.FSUSER_DeleteFile
                0x000000000010cf9c       0xbc C:/devkitPro/libctru/lib\libctru.a(fs.o)
                0x000000000010cf9c                FSUSER_DeleteFile
 .text.FSUSER_RenameFile
                0x000000000010d058       0xf8 C:/devkitPro/libctru/lib\libctru.a(fs.o)
                0x000000000010d058                FSUSER_RenameFile
 .text.FSUSER_DeleteDirectory
                0x000000000010d150       0xbc C:/devkitPro/libctru/lib\libctru.a(fs.o)
                0x000000000010d150                FSUSER_DeleteDirectory
 .text.FSUSER_CreateFile
                0x000000000010d20c       0xd4 C:/devkitPro/libctru/lib\libctru.a(fs.o)
                0x000000000010d20c                FSUSER_CreateFile
 .text.FSUSER_CreateDirectory
                0x000000000010d2e0       0xc4 C:/devkitPro/libctru/lib\libctru.a(fs.o)
                0x000000000010d2e0                FSUSER_CreateDirectory
 .text.FSUSER_RenameDirectory
                0x000000000010d3a4       0xf8 C:/devkitPro/libctru/lib\libctru.a(fs.o)
                0x000000000010d3a4                FSUSER_RenameDirectory
 .text.FSUSER_OpenDirectory
                0x000000000010d49c       0xb4 C:/devkitPro/libctru/lib\libctru.a(fs.o)
                0x000000000010d49c                FSUSER_OpenDirectory
 .text.FSUSER_OpenArchive
                0x000000000010d550       0x94 C:/devkitPro/libctru/lib\libctru.a(fs.o)
                0x000000000010d550                FSUSER_OpenArchive
 .text.FSUSER_CloseArchive
                0x000000000010d5e4       0x8c C:/devkitPro/libctru/lib\libctru.a(fs.o)
                0x000000000010d5e4                FSUSER_CloseArchive
 .text.FSUSER_GetSdmcArchiveResource
                0x000000000010d670       0x74 C:/devkitPro/libctru/lib\libctru.a(fs.o)
                0x000000000010d670                FSUSER_GetSdmcArchiveResource
 .text.FSUSER_IsSdmcWritable
                0x000000000010d6e4       0x64 C:/devkitPro/libctru/lib\libctru.a(fs.o)
                0x000000000010d6e4                FSUSER_IsSdmcWritable
 .text.FSFILE_Read
                0x000000000010d748       0x58 C:/devkitPro/libctru/lib\libctru.a(fs.o)
                0x000000000010d748                FSFILE_Read
 .text.FSFILE_Write
                0x000000000010d7a0       0x60 C:/devkitPro/libctru/lib\libctru.a(fs.o)
                0x000000000010d7a0                FSFILE_Write
 .text.FSFILE_GetSize
                0x000000000010d800       0x38 C:/devkitPro/libctru/lib\libctru.a(fs.o)
                0x000000000010d800                FSFILE_GetSize
 .text.FSFILE_SetSize
                0x000000000010d838       0x28 C:/devkitPro/libctru/lib\libctru.a(fs.o)
                0x000000000010d838                FSFILE_SetSize
 .text.FSFILE_Close
                0x000000000010d860       0x3c C:/devkitPro/libctru/lib\libctru.a(fs.o)
                0x000000000010d860                FSFILE_Close
 .text.FSFILE_Flush
                0x000000000010d89c       0x24 C:/devkitPro/libctru/lib\libctru.a(fs.o)
                0x000000000010d89c                FSFILE_Flush
 .text.FSDIR_Read
                0x000000000010d8c0       0x50 C:/devkitPro/libctru/lib\libctru.a(fs.o)
                0x000000000010d8c0                FSDIR_Read
 .text.FSDIR_Close
                0x000000000010d910       0x3c C:/devkitPro/libctru/lib\libctru.a(fs.o)
                0x000000000010d910                FSDIR_Close
 .text.rbtree_init
                0x000000000010d94c       0x10 C:/devkitPro/libctru/lib\libctru.a(rbtree_init.o)
                0x000000000010d94c                rbtree_init
 .text.do_insert
                0x000000000010d95c      0x1a0 C:/devkitPro/libctru/lib\libctru.a(rbtree_insert.o)
 .text.rbtree_insert
                0x000000000010dafc        0x8 C:/devkitPro/libctru/lib\libctru.a(rbtree_insert.o)
                0x000000000010dafc                rbtree_insert
 .text.rbtree_rotate
                0x000000000010db04       0x90 C:/devkitPro/libctru/lib\libctru.a(rbtree_rotate.o)
                0x000000000010db04                rbtree_rotate
 .text.rbtree_remove
                0x000000000010db94      0x338 C:/devkitPro/libctru/lib\libctru.a(rbtree_remove.o)
                0x000000000010db94                rbtree_remove
 .text.rbtree_find
                0x000000000010decc       0x74 C:/devkitPro/libctru/lib\libctru.a(rbtree_find.o)
                0x000000000010decc                rbtree_find
 .text.utf16_to_utf8
                0x000000000010df40       0xe8 C:/devkitPro/libctru/lib\libctru.a(utf16_to_utf8.o)
                0x000000000010df40                utf16_to_utf8
 .text.decode_utf16
                0x000000000010e028       0x64 C:/devkitPro/libctru/lib\libctru.a(decode_utf16.o)
                0x000000000010e028                decode_utf16
 .text.decode_utf8
                0x000000000010e08c      0x13c C:/devkitPro/libctru/lib\libctru.a(decode_utf8.o)
                0x000000000010e08c                decode_utf8
 .text.utf8_to_utf16
                0x000000000010e1c8       0xc0 C:/devkitPro/libctru/lib\libctru.a(utf8_to_utf16.o)
                0x000000000010e1c8                utf8_to_utf16
 .text.__system_allocateHeaps
                0x000000000010e288      0x1e0 C:/devkitPro/libctru/lib\libctru.a(allocateHeaps.o)
                0x000000000010e288                __system_allocateHeaps
 .text.__libctru_init
                0x000000000010e468       0x38 C:/devkitPro/libctru/lib\libctru.a(ctru_init.o)
                0x000000000010e468                __libctru_init
 .text.__system_initArgv
                0x000000000010e4a0       0xf0 C:/devkitPro/libctru/lib\libctru.a(initArgv.o)
                0x000000000010e4a0                __system_initArgv
 .text.svcControlMemory
                0x000000000010e590       0x20 C:/devkitPro/libctru/lib\libctru.a(svc.o)
                0x000000000010e590                svcControlMemory
 .text.svcQueryMemory
                0x000000000010e5b0       0x30 C:/devkitPro/libctru/lib\libctru.a(svc.o)
                0x000000000010e5b0                svcQueryMemory
 .text.svcExitProcess
                0x000000000010e5e0        0x8 C:/devkitPro/libctru/lib\libctru.a(svc.o)
                0x000000000010e5e0                svcExitProcess
 .text.svcCreateThread
                0x000000000010e5e8       0x20 C:/devkitPro/libctru/lib\libctru.a(svc.o)
                0x000000000010e5e8                svcCreateThread
 .text.svcExitThread
                0x000000000010e608        0x8 C:/devkitPro/libctru/lib\libctru.a(svc.o)
                0x000000000010e608                svcExitThread
 .text.svcSleepThread
                0x000000000010e610        0x8 C:/devkitPro/libctru/lib\libctru.a(svc.o)
                0x000000000010e610                svcSleepThread
 .text.svcReleaseMutex
                0x000000000010e618        0x8 C:/devkitPro/libctru/lib\libctru.a(svc.o)
                0x000000000010e618                svcReleaseMutex
 .text.svcCreateEvent
                0x000000000010e620       0x14 C:/devkitPro/libctru/lib\libctru.a(svc.o)
                0x000000000010e620                svcCreateEvent
 .text.svcSignalEvent
                0x000000000010e634        0x8 C:/devkitPro/libctru/lib\libctru.a(svc.o)
                0x000000000010e634                svcSignalEvent
 .text.svcClearEvent
                0x000000000010e63c        0x8 C:/devkitPro/libctru/lib\libctru.a(svc.o)
                0x000000000010e63c                svcClearEvent
 .text.svcMapMemoryBlock
                0x000000000010e644        0x8 C:/devkitPro/libctru/lib\libctru.a(svc.o)
                0x000000000010e644                svcMapMemoryBlock
 .text.svcUnmapMemoryBlock
                0x000000000010e64c        0x8 C:/devkitPro/libctru/lib\libctru.a(svc.o)
                0x000000000010e64c                svcUnmapMemoryBlock
 .text.svcCreateAddressArbiter
                0x000000000010e654       0x14 C:/devkitPro/libctru/lib\libctru.a(svc.o)
                0x000000000010e654                svcCreateAddressArbiter
 .text.svcArbitrateAddressNoTimeout
                0x000000000010e668        0x8 C:/devkitPro/libctru/lib\libctru.a(svc.o)
                0x000000000010e668                svcArbitrateAddressNoTimeout
 .text.svcCloseHandle
                0x000000000010e670        0x8 C:/devkitPro/libctru/lib\libctru.a(svc.o)
                0x000000000010e670                svcCloseHandle
 .text.svcWaitSynchronization
                0x000000000010e678        0x8 C:/devkitPro/libctru/lib\libctru.a(svc.o)
                0x000000000010e678                svcWaitSynchronization
 .text.svcWaitSynchronizationN
                0x000000000010e680       0x28 C:/devkitPro/libctru/lib\libctru.a(svc.o)
                0x000000000010e680                svcWaitSynchronizationN
 .text.svcDuplicateHandle
                0x000000000010e6a8       0x14 C:/devkitPro/libctru/lib\libctru.a(svc.o)
                0x000000000010e6a8                svcDuplicateHandle
 .text.svcGetSystemTick
                0x000000000010e6bc        0x8 C:/devkitPro/libctru/lib\libctru.a(svc.o)
                0x000000000010e6bc                svcGetSystemTick
 .text.svcConnectToPort
                0x000000000010e6c4       0x14 C:/devkitPro/libctru/lib\libctru.a(svc.o)
                0x000000000010e6c4                svcConnectToPort
 .text.svcSendSyncRequest
                0x000000000010e6d8        0x8 C:/devkitPro/libctru/lib\libctru.a(svc.o)
                0x000000000010e6d8                svcSendSyncRequest
 .text.svcGetResourceLimit
                0x000000000010e6e0       0x14 C:/devkitPro/libctru/lib\libctru.a(svc.o)
                0x000000000010e6e0                svcGetResourceLimit
 .text.svcGetResourceLimitLimitValues
                0x000000000010e6f4        0x8 C:/devkitPro/libctru/lib\libctru.a(svc.o)
                0x000000000010e6f4                svcGetResourceLimitLimitValues
 .text.svcGetResourceLimitCurrentValues
                0x000000000010e6fc        0x8 C:/devkitPro/libctru/lib\libctru.a(svc.o)
                0x000000000010e6fc                svcGetResourceLimitCurrentValues
 .text.svcBreak
                0x000000000010e704        0x8 C:/devkitPro/libctru/lib\libctru.a(svc.o)
                0x000000000010e704                svcBreak
 .text.initSystem
                0x000000000010e70c       0x50 C:/devkitPro/libctru/lib\libctru.a(stack_adjust.o)
                0x000000000010e70c                initSystem
 .text.__ctru_exit
                0x000000000010e75c       0x18 C:/devkitPro/libctru/lib\libctru.a(stack_adjust.o)
                0x000000000010e75c                __ctru_exit
 .text.__aeabi_read_tp
                0x000000000010e774        0xc C:/devkitPro/libctru/lib\libctru.a(readtp.o)
                0x000000000010e774                __aeabi_read_tp
 .text.__sync_init
                0x000000000010e780        0xc C:/devkitPro/libctru/lib\libctru.a(synchronization.o)
                0x000000000010e780                __sync_init
 .text.__sync_fini
                0x000000000010e78c       0x18 C:/devkitPro/libctru/lib\libctru.a(synchronization.o)
                0x000000000010e78c                __sync_fini
 .text.syncArbitrateAddress
                0x000000000010e7a4       0x2c C:/devkitPro/libctru/lib\libctru.a(synchronization.o)
                0x000000000010e7a4                syncArbitrateAddress
 .text.LightLock_Init
                0x000000000010e7d0       0x1c C:/devkitPro/libctru/lib\libctru.a(synchronization.o)
                0x000000000010e7d0                LightLock_Init
 .text.LightLock_Lock
                0x000000000010e7ec       0x94 C:/devkitPro/libctru/lib\libctru.a(synchronization.o)
                0x000000000010e7ec                LightLock_Lock
 .text.LightLock_TryLock
                0x000000000010e880       0x44 C:/devkitPro/libctru/lib\libctru.a(synchronization.o)
                0x000000000010e880                LightLock_TryLock
 .text.LightLock_Unlock
                0x000000000010e8c4       0x40 C:/devkitPro/libctru/lib\libctru.a(synchronization.o)
                0x000000000010e8c4                LightLock_Unlock
 .text.RecursiveLock_Init
                0x000000000010e904       0x24 C:/devkitPro/libctru/lib\libctru.a(synchronization.o)
                0x000000000010e904                RecursiveLock_Init
 .text.RecursiveLock_Lock
                0x000000000010e928       0x30 C:/devkitPro/libctru/lib\libctru.a(synchronization.o)
                0x000000000010e928                RecursiveLock_Lock
 .text.RecursiveLock_TryLock
                0x000000000010e958       0x78 C:/devkitPro/libctru/lib\libctru.a(synchronization.o)
                0x000000000010e958                RecursiveLock_TryLock
 .text.RecursiveLock_Unlock
                0x000000000010e9d0       0x54 C:/devkitPro/libctru/lib\libctru.a(synchronization.o)
                0x000000000010e9d0                RecursiveLock_Unlock
 .text.LightEvent_Init
                0x000000000010ea24       0x40 C:/devkitPro/libctru/lib\libctru.a(synchronization.o)
                0x000000000010ea24                LightEvent_Init
 .text.LightEvent_Clear
                0x000000000010ea64       0xa4 C:/devkitPro/libctru/lib\libctru.a(synchronization.o)
                0x000000000010ea64                LightEvent_Clear
 .text.LightEvent_Signal
                0x000000000010eb08       0xc8 C:/devkitPro/libctru/lib\libctru.a(synchronization.o)
                0x000000000010eb08                LightEvent_Signal
 .text.LightEvent_TryWait
                0x000000000010ebd0       0x58 C:/devkitPro/libctru/lib\libctru.a(synchronization.o)
                0x000000000010ebd0                LightEvent_TryWait
 .text.LightEvent_Wait
                0x000000000010ec28       0xb0 C:/devkitPro/libctru/lib\libctru.a(synchronization.o)
                0x000000000010ec28                LightEvent_Wait
 .text.envGetHandle
                0x000000000010ecd8       0x84 C:/devkitPro/libctru/lib\libctru.a(env.o)
                0x000000000010ecd8                envGetHandle
 .text.envDestroyHandles
                0x000000000010ed5c       0x50 C:/devkitPro/libctru/lib\libctru.a(env.o)
                0x000000000010ed5c                envDestroyHandles
 .text.threadCreate
                0x000000000010edac      0x188 C:/devkitPro/libctru/lib\libctru.a(thread.o)
                0x000000000010edac                threadCreate
 .text.threadFree
                0x000000000010ef34       0x2c C:/devkitPro/libctru/lib\libctru.a(thread.o)
                0x000000000010ef34                threadFree
 .text.threadJoin
                0x000000000010ef60       0x24 C:/devkitPro/libctru/lib\libctru.a(thread.o)
                0x000000000010ef60                threadJoin
 .text.threadGetCurrent
                0x000000000010ef84       0x30 C:/devkitPro/libctru/lib\libctru.a(thread.o)
                0x000000000010ef84                threadGetCurrent
 .text.threadExit
                0x000000000010efb4       0x40 C:/devkitPro/libctru/lib\libctru.a(thread.o)
                0x000000000010efb4                threadExit
 .text._thread_begin
                0x000000000010eff4       0x44 C:/devkitPro/libctru/lib\libctru.a(thread.o)
 .text.mappableFindAddressWithin
                0x000000000010f038       0x94 C:/devkitPro/libctru/lib\libctru.a(mappable.o)
 .text.mappableInit
                0x000000000010f0cc       0x28 C:/devkitPro/libctru/lib\libctru.a(mappable.o)
                0x000000000010f0cc                mappableInit
 .text.mappableAlloc
                0x000000000010f0f4       0x80 C:/devkitPro/libctru/lib\libctru.a(mappable.o)
                0x000000000010f0f4                mappableAlloc
 .text.mappableFree
                0x000000000010f174        0x4 C:/devkitPro/libctru/lib\libctru.a(mappable.o)
                0x000000000010f174                mappableFree
 .text.irrstInit
                0x000000000010f178      0x160 C:/devkitPro/libctru/lib\libctru.a(irrst.o)
                0x000000000010f178                irrstInit
 .text.irrstExit
                0x000000000010f2d8       0xcc C:/devkitPro/libctru/lib\libctru.a(irrst.o)
                0x000000000010f2d8                irrstExit
 .text.irrstScanInput
                0x000000000010f3a4       0xb0 C:/devkitPro/libctru/lib\libctru.a(irrst.o)
                0x000000000010f3a4                irrstScanInput
 .text.irrstKeysHeld
                0x000000000010f454       0x24 C:/devkitPro/libctru/lib\libctru.a(irrst.o)
                0x000000000010f454                irrstKeysHeld
 .text.rbtree_node_next
                0x000000000010f478       0x50 C:/devkitPro/libctru/lib\libctru.a(rbtree_iterator.o)
                0x000000000010f478                rbtree_node_next
 .text.encode_utf16
                0x000000000010f4c8       0x60 C:/devkitPro/libctru/lib\libctru.a(encode_utf16.o)
                0x000000000010f4c8                encode_utf16
 .text.encode_utf8
                0x000000000010f528       0xfc C:/devkitPro/libctru/lib\libctru.a(encode_utf8.o)
                0x000000000010f528                encode_utf8
 .text.__appInit
                0x000000000010f624       0x30 C:/devkitPro/libctru/lib\libctru.a(appInit.o)
                0x000000000010f624                __appInit
 .text.__libctru_nanosleep
                0x000000000010f654       0x30 C:/devkitPro/libctru/lib\libctru.a(syscalls.o)
 .text.__libctru_get_reent
                0x000000000010f684       0x30 C:/devkitPro/libctru/lib\libctru.a(syscalls.o)
 .text.__system_initSyscalls
                0x000000000010f6b4       0xf8 C:/devkitPro/libctru/lib\libctru.a(syscalls.o)
                0x000000000010f6b4                __system_initSyscalls
 .text.__appExit
                0x000000000010f7ac       0x30 C:/devkitPro/libctru/lib\libctru.a(appExit.o)
                0x000000000010f7ac                __appExit
 .text.__libctru_exit
                0x000000000010f7dc       0x90 C:/devkitPro/libctru/lib\libctru.a(ctru_exit.o)
                0x000000000010f7dc                __libctru_exit
 .text.archive_link
                0x000000000010f86c       0x14 C:/devkitPro/libctru/lib\libctru.a(archive_dev.o)
 .text.archive_dirreset
                0x000000000010f880       0x14 C:/devkitPro/libctru/lib\libctru.a(archive_dev.o)
 .text.archive_chmod
                0x000000000010f894       0x14 C:/devkitPro/libctru/lib\libctru.a(archive_dev.o)
 .text.error_cmp
                0x000000000010f8a8       0x24 C:/devkitPro/libctru/lib\libctru.a(archive_dev.o)
 .text.archive_translate_error
                0x000000000010f8cc       0x50 C:/devkitPro/libctru/lib\libctru.a(archive_dev.o)
 .text.archive_seek
                0x000000000010f91c       0xd4 C:/devkitPro/libctru/lib\libctru.a(archive_dev.o)
 .text._archiveInit.part.0
                0x000000000010f9f0       0x7c C:/devkitPro/libctru/lib\libctru.a(archive_dev.o)
 .text.archiveFindDevice.part.0
                0x000000000010fa6c       0x8c C:/devkitPro/libctru/lib\libctru.a(archive_dev.o)
 .text.archive_utf16path
                0x000000000010faf8      0x294 C:/devkitPro/libctru/lib\libctru.a(archive_dev.o)
 .text._archiveUnmountDeviceStruct.part.0
                0x000000000010fd8c       0xa0 C:/devkitPro/libctru/lib\libctru.a(archive_dev.o)
 .text.archive_fchmod
                0x000000000010fe2c       0x14 C:/devkitPro/libctru/lib\libctru.a(archive_dev.o)
 .text.archive_statvfs
                0x000000000010fe40       0x14 C:/devkitPro/libctru/lib\libctru.a(archive_dev.o)
 .text._archiveMountDevice
                0x000000000010fe54      0x158 C:/devkitPro/libctru/lib\libctru.a(archive_dev.o)
 .text.archive_diropen
                0x000000000010ffac       0xe8 C:/devkitPro/libctru/lib\libctru.a(archive_dev.o)
 .text.archive_fstat
                0x0000000000110094       0xa4 C:/devkitPro/libctru/lib\libctru.a(archive_dev.o)
 .text.archive_close
                0x0000000000110138       0x6c C:/devkitPro/libctru/lib\libctru.a(archive_dev.o)
 .text.archive_fsync
                0x00000000001101a4       0x6c C:/devkitPro/libctru/lib\libctru.a(archive_dev.o)
 .text.archive_dirclose
                0x0000000000110210       0x70 C:/devkitPro/libctru/lib\libctru.a(archive_dev.o)
 .text.sdmc_statvfs
                0x0000000000110280       0xe8 C:/devkitPro/libctru/lib\libctru.a(archive_dev.o)
 .text.archive_ftruncate
                0x0000000000110368       0x80 C:/devkitPro/libctru/lib\libctru.a(archive_dev.o)
 .text.archive_chdir
                0x00000000001103e8       0xfc C:/devkitPro/libctru/lib\libctru.a(archive_dev.o)
 .text.archive_read
                0x00000000001104e4       0xb0 C:/devkitPro/libctru/lib\libctru.a(archive_dev.o)
 .text.archive_unlink
                0x0000000000110594       0xac C:/devkitPro/libctru/lib\libctru.a(archive_dev.o)
 .text.archive_rmdir
                0x0000000000110640       0xc8 C:/devkitPro/libctru/lib\libctru.a(archive_dev.o)
 .text.archive_mkdir
                0x0000000000110708       0xec C:/devkitPro/libctru/lib\libctru.a(archive_dev.o)
 .text.archive_stat
                0x00000000001107f4      0x1a8 C:/devkitPro/libctru/lib\libctru.a(archive_dev.o)
 .text.archive_rename
                0x000000000011099c      0x184 C:/devkitPro/libctru/lib\libctru.a(archive_dev.o)
 .text.archive_dirnext
                0x0000000000110b20      0x168 C:/devkitPro/libctru/lib\libctru.a(archive_dev.o)
 .text.archive_write
                0x0000000000110c88      0x12c C:/devkitPro/libctru/lib\libctru.a(archive_dev.o)
 .text.archive_open
                0x0000000000110db4      0x1f0 C:/devkitPro/libctru/lib\libctru.a(archive_dev.o)
 .text.archiveMountSdmc
                0x0000000000110fa4      0x1a4 C:/devkitPro/libctru/lib\libctru.a(archive_dev.o)
                0x0000000000110fa4                archiveMountSdmc
 .text.archiveUnmountAll
                0x0000000000111148       0x54 C:/devkitPro/libctru/lib\libctru.a(archive_dev.o)
                0x0000000000111148                archiveUnmountAll
 .text.ceilf    0x000000000011119c       0xb8 c:/devkitpro/devkitarm/bin/../lib/gcc/arm-none-eabi/11.1.0/../../../../arm-none-eabi/lib/armv6k/fpu\libm.a(lib_a-sf_ceil.o)
                0x000000000011119c                ceilf
 .text.sqrtf    0x0000000000111254       0x50 c:/devkitpro/devkitarm/bin/../lib/gcc/arm-none-eabi/11.1.0/../../../../arm-none-eabi/lib/armv6k/fpu\libm.a(lib_a-wf_sqrt.o)
                0x0000000000111254                sqrtf
 .text.__ieee754_sqrtf
                0x00000000001112a4        0x8 c:/devkitpro/devkitarm/bin/../lib/gcc/arm-none-eabi/11.1.0/../../../../arm-none-eabi/lib/armv6k/fpu\libm.a(lib_a-ef_sqrt.o)
                0x00000000001112a4                __ieee754_sqrtf
 .text.__udivmoddi4
                0x00000000001112ac      0x120 c:/devkitpro/devkitarm/bin/../lib/gcc/arm-none-eabi/11.1.0/armv6k/fpu\libgcc.a(_udivmoddi4.o)
                0x00000000001112ac                __udivmoddi4
 .text.bsearch  0x00000000001113cc       0x78 c:/devkitpro/devkitarm/bin/../lib/gcc/arm-none-eabi/11.1.0/../../../../arm-none-eabi/lib/armv6k/fpu\libg.a(lib_a-bsearch.o)
                0x00000000001113cc                bsearch
 .text.calloc   0x0000000000111444       0x28 c:/devkitpro/devkitarm/bin/../lib/gcc/arm-none-eabi/11.1.0/../../../../arm-none-eabi/lib/armv6k/fpu\libg.a(lib_a-calloc.o)
                0x0000000000111444                calloc
 .text._calloc_r
                0x000000000011146c       0xbc c:/devkitpro/devkitarm/bin/../lib/gcc/arm-none-eabi/11.1.0/../../../../arm-none-eabi/lib/armv6k/fpu\libg.a(lib_a-callocr.o)
                0x000000000011146c                _calloc_r
 .text.__errno  0x0000000000111528        0xc c:/devkitpro/devkitarm/bin/../lib/gcc/arm-none-eabi/11.1.0/../../../../arm-none-eabi/lib/armv6k/fpu\libg.a(lib_a-errno.o)
                0x0000000000111528                __errno
 .text.exit     0x0000000000111534       0x34 c:/devkitpro/devkitarm/bin/../lib/gcc/arm-none-eabi/11.1.0/../../../../arm-none-eabi/lib/armv6k/fpu\libg.a(lib_a-exit.o)
                0x0000000000111534                exit
 .text._fclose_r
                0x0000000000111568      0x160 c:/devkitpro/devkitarm/bin/../lib/gcc/arm-none-eabi/11.1.0/../../../../arm-none-eabi/lib/armv6k/fpu\libg.a(lib_a-fclose.o)
                0x0000000000111568                _fclose_r
 .text.__sflush_r
                0x00000000001116c8      0x258 c:/devkitpro/devkitarm/bin/../lib/gcc/arm-none-eabi/11.1.0/../../../../arm-none-eabi/lib/armv6k/fpu\libg.a(lib_a-fflush.o)
                0x00000000001116c8                __sflush_r
 .text._fflush_r
                0x0000000000111920       0x94 c:/devkitpro/devkitarm/bin/../lib/gcc/arm-none-eabi/11.1.0/../../../../arm-none-eabi/lib/armv6k/fpu\libg.a(lib_a-fflush.o)
                0x0000000000111920                _fflush_r
 .text._cleanup_r
                0x00000000001119b4        0xc c:/devkitpro/devkitarm/bin/../lib/gcc/arm-none-eabi/11.1.0/../../../../arm-none-eabi/lib/armv6k/fpu\libg.a(lib_a-findfp.o)
                0x00000000001119b4                _cleanup_r
 .text.__sinit  0x00000000001119c0      0x184 c:/devkitpro/devkitarm/bin/../lib/gcc/arm-none-eabi/11.1.0/../../../../arm-none-eabi/lib/armv6k/fpu\libg.a(lib_a-findfp.o)
                0x00000000001119c0                __sinit
 .text.__sfp_lock_acquire
                0x0000000000111b44        0xc c:/devkitpro/devkitarm/bin/../lib/gcc/arm-none-eabi/11.1.0/../../../../arm-none-eabi/lib/armv6k/fpu\libg.a(lib_a-findfp.o)
                0x0000000000111b44                __sfp_lock_acquire
 .text.__sfp_lock_release
                0x0000000000111b50        0xc c:/devkitpro/devkitarm/bin/../lib/gcc/arm-none-eabi/11.1.0/../../../../arm-none-eabi/lib/armv6k/fpu\libg.a(lib_a-findfp.o)
                0x0000000000111b50                __sfp_lock_release
 .text.__libc_fini_array
                0x0000000000111b5c       0x3c c:/devkitpro/devkitarm/bin/../lib/gcc/arm-none-eabi/11.1.0/../../../../arm-none-eabi/lib/armv6k/fpu\libg.a(lib_a-fini.o)
                0x0000000000111b5c                __libc_fini_array
 .text._malloc_trim_r
                0x0000000000111b98       0xf8 c:/devkitpro/devkitarm/bin/../lib/gcc/arm-none-eabi/11.1.0/../../../../arm-none-eabi/lib/armv6k/fpu\libg.a(lib_a-freer.o)
                0x0000000000111b98                _malloc_trim_r
 .text._free_r  0x0000000000111c90      0x2e4 c:/devkitpro/devkitarm/bin/../lib/gcc/arm-none-eabi/11.1.0/../../../../arm-none-eabi/lib/armv6k/fpu\libg.a(lib_a-freer.o)
                0x0000000000111c90                _free_r
 .text._fwalk_reent
                0x0000000000111f74       0x70 c:/devkitpro/devkitarm/bin/../lib/gcc/arm-none-eabi/11.1.0/../../../../arm-none-eabi/lib/armv6k/fpu\libg.a(lib_a-fwalk.o)
                0x0000000000111f74                _fwalk_reent
 .text.__libc_init_array
                0x0000000000111fe4       0x7c c:/devkitpro/devkitarm/bin/../lib/gcc/arm-none-eabi/11.1.0/../../../../arm-none-eabi/lib/armv6k/fpu\libg.a(lib_a-init.o)
                0x0000000000111fe4                __libc_init_array
 .text.__smakebuf_r
                0x0000000000112060      0x138 c:/devkitpro/devkitarm/bin/../lib/gcc/arm-none-eabi/11.1.0/../../../../arm-none-eabi/lib/armv6k/fpu\libg.a(lib_a-makebuf.o)
                0x0000000000112060                __smakebuf_r
 .text.memalign
                0x0000000000112198       0x28 c:/devkitpro/devkitarm/bin/../lib/gcc/arm-none-eabi/11.1.0/../../../../arm-none-eabi/lib/armv6k/fpu\libg.a(lib_a-malign.o)
                0x0000000000112198                memalign
 .text._memalign_r
                0x00000000001121c0      0x150 c:/devkitpro/devkitarm/bin/../lib/gcc/arm-none-eabi/11.1.0/../../../../arm-none-eabi/lib/armv6k/fpu\libg.a(lib_a-malignr.o)
                0x00000000001121c0                _memalign_r
 .text.malloc   0x0000000000112310       0x20 c:/devkitpro/devkitarm/bin/../lib/gcc/arm-none-eabi/11.1.0/../../../../arm-none-eabi/lib/armv6k/fpu\libg.a(lib_a-malloc.o)
                0x0000000000112310                malloc
 .text.free     0x0000000000112330       0x20 c:/devkitpro/devkitarm/bin/../lib/gcc/arm-none-eabi/11.1.0/../../../../arm-none-eabi/lib/armv6k/fpu\libg.a(lib_a-malloc.o)
                0x0000000000112330                free
 .text._malloc_r
                0x0000000000112350      0x7e0 c:/devkitpro/devkitarm/bin/../lib/gcc/arm-none-eabi/11.1.0/../../../../arm-none-eabi/lib/armv6k/fpu\libg.a(lib_a-mallocr.o)
                0x0000000000112350                _malloc_r
 .text.memcpy   0x0000000000112b30      0x11c c:/devkitpro/devkitarm/bin/../lib/gcc/arm-none-eabi/11.1.0/../../../../arm-none-eabi/lib/armv6k/fpu\libg.a(lib_a-memcpy-stub.o)
                0x0000000000112b30                memcpy
 .text.memset   0x0000000000112c4c      0x118 c:/devkitpro/devkitarm/bin/../lib/gcc/arm-none-eabi/11.1.0/../../../../arm-none-eabi/lib/armv6k/fpu\libg.a(lib_a-memset.o)
                0x0000000000112c4c                memset
 .text.__malloc_lock
                0x0000000000112d64        0xc c:/devkitpro/devkitarm/bin/../lib/gcc/arm-none-eabi/11.1.0/../../../../arm-none-eabi/lib/armv6k/fpu\libg.a(lib_a-mlock.o)
                0x0000000000112d64                __malloc_lock
 .text.__malloc_unlock
                0x0000000000112d70        0xc c:/devkitpro/devkitarm/bin/../lib/gcc/arm-none-eabi/11.1.0/../../../../arm-none-eabi/lib/armv6k/fpu\libg.a(lib_a-mlock.o)
                0x0000000000112d70                __malloc_unlock
 .text.qsort    0x0000000000112d7c      0x958 c:/devkitpro/devkitarm/bin/../lib/gcc/arm-none-eabi/11.1.0/../../../../arm-none-eabi/lib/armv6k/fpu\libg.a(lib_a-qsort.o)
                0x0000000000112d7c                qsort
 .text._realloc_r
                0x00000000001136d4      0x558 c:/devkitpro/devkitarm/bin/../lib/gcc/arm-none-eabi/11.1.0/../../../../arm-none-eabi/lib/armv6k/fpu\libg.a(lib_a-reallocr.o)
                0x00000000001136d4                _realloc_r
 .text.sprintf  0x0000000000113c2c       0x64 c:/devkitpro/devkitarm/bin/../lib/gcc/arm-none-eabi/11.1.0/../../../../arm-none-eabi/lib/armv6k/fpu\libg.a(lib_a-sprintf.o)
                0x0000000000113c2c                sprintf
 .text.__sread  0x0000000000113c90       0x44 c:/devkitpro/devkitarm/bin/../lib/gcc/arm-none-eabi/11.1.0/../../../../arm-none-eabi/lib/armv6k/fpu\libg.a(lib_a-stdio.o)
                0x0000000000113c90                __sread
 .text.__swrite
                0x0000000000113cd4       0x68 c:/devkitpro/devkitarm/bin/../lib/gcc/arm-none-eabi/11.1.0/../../../../arm-none-eabi/lib/armv6k/fpu\libg.a(lib_a-stdio.o)
                0x0000000000113cd4                __swrite
 .text.__sseek  0x0000000000113d3c       0x48 c:/devkitpro/devkitarm/bin/../lib/gcc/arm-none-eabi/11.1.0/../../../../arm-none-eabi/lib/armv6k/fpu\libg.a(lib_a-stdio.o)
                0x0000000000113d3c                __sseek
 .text.__sclose
                0x0000000000113d84        0x8 c:/devkitpro/devkitarm/bin/../lib/gcc/arm-none-eabi/11.1.0/../../../../arm-none-eabi/lib/armv6k/fpu\libg.a(lib_a-stdio.o)
                0x0000000000113d84                __sclose
 .text.strchr   0x0000000000113d8c      0x12c c:/devkitpro/devkitarm/bin/../lib/gcc/arm-none-eabi/11.1.0/../../../../arm-none-eabi/lib/armv6k/fpu\libg.a(lib_a-strchr.o)
                0x0000000000113d8c                strchr
 .text.strlen   0x0000000000113eb8       0x5c c:/devkitpro/devkitarm/bin/../lib/gcc/arm-none-eabi/11.1.0/../../../../arm-none-eabi/lib/armv6k/fpu\libg.a(lib_a-strlen-stub.o)
                0x0000000000113eb8                strlen
 .text.strncat  0x0000000000113f14       0xec c:/devkitpro/devkitarm/bin/../lib/gcc/arm-none-eabi/11.1.0/../../../../arm-none-eabi/lib/armv6k/fpu\libg.a(lib_a-strncat.o)
                0x0000000000113f14                strncat
 .text.strncmp  0x0000000000114000       0xdc c:/devkitpro/devkitarm/bin/../lib/gcc/arm-none-eabi/11.1.0/../../../../arm-none-eabi/lib/armv6k/fpu\libg.a(lib_a-strncmp.o)
                0x0000000000114000                strncmp
 .text.strncpy  0x00000000001140dc       0xc0 c:/devkitpro/devkitarm/bin/../lib/gcc/arm-none-eabi/11.1.0/../../../../arm-none-eabi/lib/armv6k/fpu\libg.a(lib_a-strncpy.o)
                0x00000000001140dc                strncpy
 .text.strnlen  0x000000000011419c       0x48 c:/devkitpro/devkitarm/bin/../lib/gcc/arm-none-eabi/11.1.0/../../../../arm-none-eabi/lib/armv6k/fpu\libg.a(lib_a-strnlen.o)
                0x000000000011419c                strnlen
 .text.get_arg  0x00000000001141e4      0x628 c:/devkitpro/devkitarm/bin/../lib/gcc/arm-none-eabi/11.1.0/../../../../arm-none-eabi/lib/armv6k/fpu\libg.a(lib_a-svfprintf.o)
 *fill*         0x000000000011480c        0x4 
 .text._svfprintf_r
                0x0000000000114810     0x35b8 c:/devkitpro/devkitarm/bin/../lib/gcc/arm-none-eabi/11.1.0/../../../../arm-none-eabi/lib/armv6k/fpu\libg.a(lib_a-svfprintf.o)
                0x0000000000114810                _svfprintf_r
 .text._wcrtomb_r
                0x0000000000117dc8       0x54 c:/devkitpro/devkitarm/bin/../lib/gcc/arm-none-eabi/11.1.0/../../../../arm-none-eabi/lib/armv6k/fpu\libg.a(lib_a-wcrtomb.o)
                0x0000000000117dc8                _wcrtomb_r
 .text._wcsrtombs_r
                0x0000000000117e1c       0x28 c:/devkitpro/devkitarm/bin/../lib/gcc/arm-none-eabi/11.1.0/../../../../arm-none-eabi/lib/armv6k/fpu\libg.a(lib_a-wcsrtombs.o)
                0x0000000000117e1c                _wcsrtombs_r
 .text.__call_exitprocs
                0x0000000000117e44      0x114 c:/devkitpro/devkitarm/bin/../lib/gcc/arm-none-eabi/11.1.0/../../../../arm-none-eabi/lib/armv6k/fpu\libg.a(lib_a-__call_atexit.o)
                0x0000000000117e44                __call_exitprocs
 .text.quorem   0x0000000000117f58      0x1ac c:/devkitpro/devkitarm/bin/../lib/gcc/arm-none-eabi/11.1.0/../../../../arm-none-eabi/lib/armv6k/fpu\libg.a(lib_a-dtoa.o)
 *fill*         0x0000000000118104        0x4 
 .text._dtoa_r  0x0000000000118108     0x12cc c:/devkitpro/devkitarm/bin/../lib/gcc/arm-none-eabi/11.1.0/../../../../arm-none-eabi/lib/armv6k/fpu\libg.a(lib_a-dtoa.o)
                0x0000000000118108                _dtoa_r
 .text._localeconv_r
                0x00000000001193d4        0xc c:/devkitpro/devkitarm/bin/../lib/gcc/arm-none-eabi/11.1.0/../../../../arm-none-eabi/lib/armv6k/fpu\libg.a(lib_a-localeconv.o)
                0x00000000001193d4                _localeconv_r
 .text.__locale_mb_cur_max
                0x00000000001193e0       0x10 c:/devkitpro/devkitarm/bin/../lib/gcc/arm-none-eabi/11.1.0/../../../../arm-none-eabi/lib/armv6k/fpu\libg.a(lib_a-locale.o)
                0x00000000001193e0                __locale_mb_cur_max
 .text.__utf8_mbtowc
                0x00000000001193f0      0x2e4 c:/devkitpro/devkitarm/bin/../lib/gcc/arm-none-eabi/11.1.0/../../../../arm-none-eabi/lib/armv6k/fpu\libg.a(lib_a-mbtowc_r.o)
                0x00000000001193f0                __utf8_mbtowc
 .text.memchr   0x00000000001196d4       0xe0 c:/devkitpro/devkitarm/bin/../lib/gcc/arm-none-eabi/11.1.0/../../../../arm-none-eabi/lib/armv6k/fpu\libg.a(lib_a-memchr-stub.o)
                0x00000000001196d4                memchr
 .text.memmove  0x00000000001197b4      0x154 c:/devkitpro/devkitarm/bin/../lib/gcc/arm-none-eabi/11.1.0/../../../../arm-none-eabi/lib/armv6k/fpu\libg.a(lib_a-memmove.o)
                0x00000000001197b4                memmove
 .text._Balloc  0x0000000000119908       0x88 c:/devkitpro/devkitarm/bin/../lib/gcc/arm-none-eabi/11.1.0/../../../../arm-none-eabi/lib/armv6k/fpu\libg.a(lib_a-mprec.o)
                0x0000000000119908                _Balloc
 .text._Bfree   0x0000000000119990       0x1c c:/devkitpro/devkitarm/bin/../lib/gcc/arm-none-eabi/11.1.0/../../../../arm-none-eabi/lib/armv6k/fpu\libg.a(lib_a-mprec.o)
                0x0000000000119990                _Bfree
 .text.__multadd
                0x00000000001199ac       0xf4 c:/devkitpro/devkitarm/bin/../lib/gcc/arm-none-eabi/11.1.0/../../../../arm-none-eabi/lib/armv6k/fpu\libg.a(lib_a-mprec.o)
                0x00000000001199ac                __multadd
 .text.__hi0bits
                0x0000000000119aa0       0x58 c:/devkitpro/devkitarm/bin/../lib/gcc/arm-none-eabi/11.1.0/../../../../arm-none-eabi/lib/armv6k/fpu\libg.a(lib_a-mprec.o)
                0x0000000000119aa0                __hi0bits
 .text.__lo0bits
                0x0000000000119af8       0x94 c:/devkitpro/devkitarm/bin/../lib/gcc/arm-none-eabi/11.1.0/../../../../arm-none-eabi/lib/armv6k/fpu\libg.a(lib_a-mprec.o)
                0x0000000000119af8                __lo0bits
 .text.__i2b    0x0000000000119b8c       0xa4 c:/devkitpro/devkitarm/bin/../lib/gcc/arm-none-eabi/11.1.0/../../../../arm-none-eabi/lib/armv6k/fpu\libg.a(lib_a-mprec.o)
                0x0000000000119b8c                __i2b
 .text.__multiply
                0x0000000000119c30      0x204 c:/devkitpro/devkitarm/bin/../lib/gcc/arm-none-eabi/11.1.0/../../../../arm-none-eabi/lib/armv6k/fpu\libg.a(lib_a-mprec.o)
                0x0000000000119c30                __multiply
 .text.__pow5mult
                0x0000000000119e34      0x120 c:/devkitpro/devkitarm/bin/../lib/gcc/arm-none-eabi/11.1.0/../../../../arm-none-eabi/lib/armv6k/fpu\libg.a(lib_a-mprec.o)
                0x0000000000119e34                __pow5mult
 .text.__lshift
                0x0000000000119f54      0x13c c:/devkitpro/devkitarm/bin/../lib/gcc/arm-none-eabi/11.1.0/../../../../arm-none-eabi/lib/armv6k/fpu\libg.a(lib_a-mprec.o)
                0x0000000000119f54                __lshift
 .text.__mcmp   0x000000000011a090       0x58 c:/devkitpro/devkitarm/bin/../lib/gcc/arm-none-eabi/11.1.0/../../../../arm-none-eabi/lib/armv6k/fpu\libg.a(lib_a-mprec.o)
                0x000000000011a090                __mcmp
 .text.__mdiff  0x000000000011a0e8      0x1cc c:/devkitpro/devkitarm/bin/../lib/gcc/arm-none-eabi/11.1.0/../../../../arm-none-eabi/lib/armv6k/fpu\libg.a(lib_a-mprec.o)
                0x000000000011a0e8                __mdiff
 .text.__d2b    0x000000000011a2b4      0x124 c:/devkitpro/devkitarm/bin/../lib/gcc/arm-none-eabi/11.1.0/../../../../arm-none-eabi/lib/armv6k/fpu\libg.a(lib_a-mprec.o)
                0x000000000011a2b4                __d2b
 .text.frexp    0x000000000011a3d8       0xa8 c:/devkitpro/devkitarm/bin/../lib/gcc/arm-none-eabi/11.1.0/../../../../arm-none-eabi/lib/armv6k/fpu\libg.a(lib_a-s_frexp.o)
                0x000000000011a3d8                frexp
 .text.__ssprint_r
                0x000000000011a480      0x190 c:/devkitpro/devkitarm/bin/../lib/gcc/arm-none-eabi/11.1.0/../../../../arm-none-eabi/lib/armv6k/fpu\libg.a(lib_a-svfiprintf.o)
                0x000000000011a480                __ssprint_r
 .text._wcsnrtombs_l
                0x000000000011a610      0x190 c:/devkitpro/devkitarm/bin/../lib/gcc/arm-none-eabi/11.1.0/../../../../arm-none-eabi/lib/armv6k/fpu\libg.a(lib_a-wcsnrtombs.o)
                0x000000000011a610                _wcsnrtombs_l
 .text._wcsnrtombs_r
                0x000000000011a7a0       0x4c c:/devkitpro/devkitarm/bin/../lib/gcc/arm-none-eabi/11.1.0/../../../../arm-none-eabi/lib/armv6k/fpu\libg.a(lib_a-wcsnrtombs.o)
                0x000000000011a7a0                _wcsnrtombs_r
 .text.__utf8_wctomb
                0x000000000011a7ec       0xf0 c:/devkitpro/devkitarm/bin/../lib/gcc/arm-none-eabi/11.1.0/../../../../arm-none-eabi/lib/armv6k/fpu\libg.a(lib_a-wctomb_r.o)
                0x000000000011a7ec                __utf8_wctomb
 .text.__assert_func
                0x000000000011a8dc       0x54 c:/devkitpro/devkitarm/bin/../lib/gcc/arm-none-eabi/11.1.0/../../../../arm-none-eabi/lib/armv6k/fpu\libg.a(lib_a-assert.o)
                0x000000000011a8dc                __assert_func
 .text.fiprintf
                0x000000000011a930       0x3c c:/devkitpro/devkitarm/bin/../lib/gcc/arm-none-eabi/11.1.0/../../../../arm-none-eabi/lib/armv6k/fpu\libg.a(lib_a-fiprintf.o)
                0x000000000011a930                fiprintf
 .text.get_arg  0x000000000011a96c      0x628 c:/devkitpro/devkitarm/bin/../lib/gcc/arm-none-eabi/11.1.0/../../../../arm-none-eabi/lib/armv6k/fpu\libg.a(lib_a-vfiprintf.o)
 .text.__sprint_r
                0x000000000011af94       0x30 c:/devkitpro/devkitarm/bin/../lib/gcc/arm-none-eabi/11.1.0/../../../../arm-none-eabi/lib/armv6k/fpu\libg.a(lib_a-vfiprintf.o)
                0x000000000011af94                __sprint_r
 .text._vfiprintf_r
                0x000000000011afc4     0x233c c:/devkitpro/devkitarm/bin/../lib/gcc/arm-none-eabi/11.1.0/../../../../arm-none-eabi/lib/armv6k/fpu\libg.a(lib_a-vfiprintf.o)
                0x000000000011afc4                _vfiprintf_r
 .text.__sbprintf
                0x000000000011d300       0xd4 c:/devkitpro/devkitarm/bin/../lib/gcc/arm-none-eabi/11.1.0/../../../../arm-none-eabi/lib/armv6k/fpu\libg.a(lib_a-vfiprintf.o)
 .text.__swsetup_r
                0x000000000011d3d4      0x154 c:/devkitpro/devkitarm/bin/../lib/gcc/arm-none-eabi/11.1.0/../../../../arm-none-eabi/lib/armv6k/fpu\libg.a(lib_a-wsetup.o)
                0x000000000011d3d4                __swsetup_r
 .text.abort    0x000000000011d528       0x14 c:/devkitpro/devkitarm/bin/../lib/gcc/arm-none-eabi/11.1.0/../../../../arm-none-eabi/lib/armv6k/fpu\libg.a(lib_a-abort.o)
                0x000000000011d528                abort
 .text.__sfvwrite_r
                0x000000000011d53c      0x4c0 c:/devkitpro/devkitarm/bin/../lib/gcc/arm-none-eabi/11.1.0/../../../../arm-none-eabi/lib/armv6k/fpu\libg.a(lib_a-fvwrite.o)
                0x000000000011d53c                __sfvwrite_r
 .text._raise_r
                0x000000000011d9fc       0x98 c:/devkitpro/devkitarm/bin/../lib/gcc/arm-none-eabi/11.1.0/../../../../arm-none-eabi/lib/armv6k/fpu\libg.a(lib_a-signal.o)
                0x000000000011d9fc                _raise_r
 .text.raise    0x000000000011da94       0x20 c:/devkitpro/devkitarm/bin/../lib/gcc/arm-none-eabi/11.1.0/../../../../arm-none-eabi/lib/armv6k/fpu\libg.a(lib_a-signal.o)
                0x000000000011da94                raise
 .text.null_write
                0x000000000011dab4        0x8 c:/devkitpro/devkitarm/bin/../lib/gcc/arm-none-eabi/11.1.0/../../../../arm-none-eabi/lib/armv6k/fpu\libsysbase.a(iosupport.o)
 .text.setDefaultDevice
                0x000000000011dabc       0x18 c:/devkitpro/devkitarm/bin/../lib/gcc/arm-none-eabi/11.1.0/../../../../arm-none-eabi/lib/armv6k/fpu\libsysbase.a(iosupport.o)
                0x000000000011dabc                setDefaultDevice
 .text.FindDevice
                0x000000000011dad4       0xc8 c:/devkitpro/devkitarm/bin/../lib/gcc/arm-none-eabi/11.1.0/../../../../arm-none-eabi/lib/armv6k/fpu\libsysbase.a(iosupport.o)
                0x000000000011dad4                FindDevice
 .text.RemoveDevice
                0x000000000011db9c       0x28 c:/devkitpro/devkitarm/bin/../lib/gcc/arm-none-eabi/11.1.0/../../../../arm-none-eabi/lib/armv6k/fpu\libsysbase.a(iosupport.o)
                0x000000000011db9c                RemoveDevice
 .text.AddDevice
                0x000000000011dbc4       0x9c c:/devkitpro/devkitarm/bin/../lib/gcc/arm-none-eabi/11.1.0/../../../../arm-none-eabi/lib/armv6k/fpu\libsysbase.a(iosupport.o)
                0x000000000011dbc4                AddDevice
 .text.GetDeviceOpTab
                0x000000000011dc60       0x20 c:/devkitpro/devkitarm/bin/../lib/gcc/arm-none-eabi/11.1.0/../../../../arm-none-eabi/lib/armv6k/fpu\libsysbase.a(iosupport.o)
                0x000000000011dc60                GetDeviceOpTab
 .text._fstat_r
                0x000000000011dc80       0x78 c:/devkitpro/devkitarm/bin/../lib/gcc/arm-none-eabi/11.1.0/../../../../arm-none-eabi/lib/armv6k/fpu\libsysbase.a(fstat.o)
                0x000000000011dc80                _fstat_r
 .text._getpid_r
                0x000000000011dcf8       0x14 c:/devkitpro/devkitarm/bin/../lib/gcc/arm-none-eabi/11.1.0/../../../../arm-none-eabi/lib/armv6k/fpu\libsysbase.a(getpid.o)
                0x000000000011dcf8                _getpid_r
 .text._isatty_r
                0x000000000011dd0c        0x8 c:/devkitpro/devkitarm/bin/../lib/gcc/arm-none-eabi/11.1.0/../../../../arm-none-eabi/lib/armv6k/fpu\libsysbase.a(isatty.o)
                0x000000000011dd0c                _isatty_r
 .text._kill_r  0x000000000011dd14       0x14 c:/devkitpro/devkitarm/bin/../lib/gcc/arm-none-eabi/11.1.0/../../../../arm-none-eabi/lib/armv6k/fpu\libsysbase.a(kill.o)
                0x000000000011dd14                _kill_r
 .text._lseek_r
                0x000000000011dd28       0x84 c:/devkitpro/devkitarm/bin/../lib/gcc/arm-none-eabi/11.1.0/../../../../arm-none-eabi/lib/armv6k/fpu\libsysbase.a(lseek.o)
                0x000000000011dd28                _lseek_r
 .text._read_r  0x000000000011ddac       0x80 c:/devkitpro/devkitarm/bin/../lib/gcc/arm-none-eabi/11.1.0/../../../../arm-none-eabi/lib/armv6k/fpu\libsysbase.a(read.o)
                0x000000000011ddac                _read_r
 .text._sbrk_r  0x000000000011de2c       0x78 c:/devkitpro/devkitarm/bin/../lib/gcc/arm-none-eabi/11.1.0/../../../../arm-none-eabi/lib/armv6k/fpu\libsysbase.a(sbrk.o)
                0x000000000011de2c                _sbrk_r
 .text._write_r
                0x000000000011dea4       0x80 c:/devkitpro/devkitarm/bin/../lib/gcc/arm-none-eabi/11.1.0/../../../../arm-none-eabi/lib/armv6k/fpu\libsysbase.a(write.o)
                0x000000000011dea4                _write_r
 .text._exit    0x000000000011df24       0x24 c:/devkitpro/devkitarm/bin/../lib/gcc/arm-none-eabi/11.1.0/../../../../arm-none-eabi/lib/armv6k/fpu\libsysbase.a(_exit.o)
                0x000000000011df24                _exit
 .text._concatenate_path
                0x000000000011df48      0x1b8 c:/devkitpro/devkitarm/bin/../lib/gcc/arm-none-eabi/11.1.0/../../../../arm-none-eabi/lib/armv6k/fpu\libsysbase.a(chdir.o)
                0x000000000011df48                _concatenate_path
 .text.chdir    0x000000000011e100      0x160 c:/devkitpro/devkitarm/bin/../lib/gcc/arm-none-eabi/11.1.0/../../../../arm-none-eabi/lib/armv6k/fpu\libsysbase.a(chdir.o)
                0x000000000011e100                chdir
 .text.__flockfile
                0x000000000011e260        0x8 c:/devkitpro/devkitarm/bin/../lib/gcc/arm-none-eabi/11.1.0/../../../../arm-none-eabi/lib/armv6k/fpu\libsysbase.a(flock.o)
                0x000000000011e260                __flockfile
 .text.__funlockfile
                0x000000000011e268        0x8 c:/devkitpro/devkitarm/bin/../lib/gcc/arm-none-eabi/11.1.0/../../../../arm-none-eabi/lib/armv6k/fpu\libsysbase.a(flock.o)
                0x000000000011e268                __funlockfile
 .text.__libc_lock_acquire
                0x000000000011e270       0x18 c:/devkitpro/devkitarm/bin/../lib/gcc/arm-none-eabi/11.1.0/../../../../arm-none-eabi/lib/armv6k/fpu\libsysbase.a(syscall_support.o)
                0x000000000011e270                __libc_lock_acquire
 .text.__libc_lock_release
                0x000000000011e288       0x18 c:/devkitpro/devkitarm/bin/../lib/gcc/arm-none-eabi/11.1.0/../../../../arm-none-eabi/lib/armv6k/fpu\libsysbase.a(syscall_support.o)
                0x000000000011e288                __libc_lock_release
 .text.__libc_lock_init_recursive
                0x000000000011e2a0       0x18 c:/devkitpro/devkitarm/bin/../lib/gcc/arm-none-eabi/11.1.0/../../../../arm-none-eabi/lib/armv6k/fpu\libsysbase.a(syscall_support.o)
                0x000000000011e2a0                __libc_lock_init_recursive
 .text.__libc_lock_acquire_recursive
                0x000000000011e2b8       0x18 c:/devkitpro/devkitarm/bin/../lib/gcc/arm-none-eabi/11.1.0/../../../../arm-none-eabi/lib/armv6k/fpu\libsysbase.a(syscall_support.o)
                0x000000000011e2b8                __libc_lock_acquire_recursive
 .text.__libc_lock_release_recursive
                0x000000000011e2d0       0x18 c:/devkitpro/devkitarm/bin/../lib/gcc/arm-none-eabi/11.1.0/../../../../arm-none-eabi/lib/armv6k/fpu\libsysbase.a(syscall_support.o)
                0x000000000011e2d0                __libc_lock_release_recursive
 .text.__libc_lock_close_recursive
                0x000000000011e2e8       0x18 c:/devkitpro/devkitarm/bin/../lib/gcc/arm-none-eabi/11.1.0/../../../../arm-none-eabi/lib/armv6k/fpu\libsysbase.a(syscall_support.o)
                0x000000000011e2e8                __libc_lock_close_recursive
 .text.__get_handle
                0x000000000011e300       0x3c c:/devkitpro/devkitarm/bin/../lib/gcc/arm-none-eabi/11.1.0/../../../../arm-none-eabi/lib/armv6k/fpu\libsysbase.a(handle_manager.o)
                0x000000000011e300                __get_handle
 .text._close_r
                0x000000000011e33c       0xf4 c:/devkitpro/devkitarm/bin/../lib/gcc/arm-none-eabi/11.1.0/../../../../arm-none-eabi/lib/armv6k/fpu\libsysbase.a(handle_manager.o)
                0x000000000011e33c                _close_r
 .text.__getreent
                0x000000000011e430       0x28 c:/devkitpro/devkitarm/bin/../lib/gcc/arm-none-eabi/11.1.0/../../../../arm-none-eabi/lib/armv6k/fpu\libsysbase.a(getreent.o)
                0x000000000011e430                __getreent
 .text.strrchr  0x000000000011e458       0x44 c:/devkitpro/devkitarm/bin/../lib/gcc/arm-none-eabi/11.1.0/../../../../arm-none-eabi/lib/armv6k/fpu\libg.a(lib_a-strrchr.o)
                0x000000000011e458                strrchr
 *(.glue_7)
 .glue_7        0x000000000011e49c        0x0 linker stubs
 *(.glue_7t)
 .glue_7t       0x000000000011e49c        0x0 linker stubs
 *(.stub)
 *(.gnu.warning)
 *(.gnu.linkonce.t*)
                0x000000000011e49c                . = ALIGN (0x4)
 *(.fini)
 .fini          0x000000000011e49c        0xc c:/devkitpro/devkitarm/bin/../lib/gcc/arm-none-eabi/11.1.0/armv6k/fpu/crti.o
                0x000000000011e49c                _fini
 .fini          0x000000000011e4a8        0xc c:/devkitpro/devkitarm/bin/../lib/gcc/arm-none-eabi/11.1.0/armv6k/fpu/crtn.o
                0x000000000011e4b4                . = ALIGN (0x4)

.vfp11_veneer   0x000000000011e4b4        0x0
 .vfp11_veneer  0x000000000011e4b4        0x0 linker stubs

.v4_bx          0x000000000011e4b4        0x0
 .v4_bx         0x000000000011e4b4        0x0 linker stubs

.iplt           0x000000000011e4b4        0x0
 .iplt          0x000000000011e4b4        0x0 c:/devkitpro/devkitarm/bin/../lib/gcc/arm-none-eabi/11.1.0/../../../../arm-none-eabi/lib/armv6k/fpu/3dsx_crt0.o
                0x000000000011f000                . = ALIGN (0x1000)

.rodata         0x000000000011f000      0x9d8
 *(.rodata)
 .rodata        0x000000000011f000        0x3 C:/devkitPro/libctru/lib\libctru.a(apt.o)
 *fill*         0x000000000011f003        0x1 
 .rodata        0x000000000011f004        0xc C:/devkitPro/libctru/lib\libctru.a(archive_dev.o)
 *(.roda)
 *(.rodata.*)
 .rodata.str1.4
                0x000000000011f010       0xe3 main.o
                                         0xf3 (size before relaxing)
 *fill*         0x000000000011f0f3        0x1 
 .rodata.C2D_Init.str1.4
                0x000000000011f0f4       0x10 C:/devkitPro/libctru/lib\libcitro2d.a(base.o)
 .rodata.render2d_shbin
                0x000000000011f104      0x190 C:/devkitPro/libctru/lib\libcitro2d.a(render2d.shbin.o)
                0x000000000011f104                render2d_shbin
                0x000000000011f290                render2d_shbin_end
                0x000000000011f290                render2d_shbin_size
 .rodata.colorFmtSizes
                0x000000000011f294        0x5 C:/devkitPro/libctru/lib\libcitro3d.a(framebuffer.o)
 *fill*         0x000000000011f299        0x3 
 .rodata.depthFmtSizes
                0x000000000011f29c        0x4 C:/devkitPro/libctru/lib\libcitro3d.a(framebuffer.o)
 .rodata.CSWTCH.9
                0x000000000011f2a0       0x10 C:/devkitPro/libctru/lib\libcitro3d.a(proctex.o)
 .rodata.srvInit.str1.4
                0x000000000011f2b0        0x5 C:/devkitPro/libctru/lib\libctru.a(srv.o)
 *fill*         0x000000000011f2b5        0x3 
 .rodata.gspInit.str1.4
                0x000000000011f2b8        0x9 C:/devkitPro/libctru/lib\libctru.a(gspgpu.o)
 *fill*         0x000000000011f2c1        0x3 
 .rodata.aptSendCommand.str1.4
                0x000000000011f2c4       0x16 C:/devkitPro/libctru/lib\libctru.a(apt.o)
 *fill*         0x000000000011f2da        0x2 
 .rodata.morton_x.3
                0x000000000011f2dc        0x8 C:/devkitPro/libctru/lib\libctru.a(apt.o)
 .rodata.morton_y.2
                0x000000000011f2e4        0x8 C:/devkitPro/libctru/lib\libctru.a(apt.o)
 .rodata.s_sleepWakeEvents.4
                0x000000000011f2ec        0x8 C:/devkitPro/libctru/lib\libctru.a(apt.o)
 .rodata.hidInit.str1.4