Archive member included to satisfy reference by file (symbol)

C:/devkitPro/libctru/lib\libcitro2d.a(base.o)
                              main.o (C2D_Init)
C:/devkitPro/libctru/lib\libcitro2d.a(text.o)
                              main.o (C2D_TextBufNew)
C:/devkitPro/libctru/lib\libcitro2d.a(font.o)
                              C:/devkitPro/libctru/lib\libcitro2d.a(text.o) (C2D_FontGlyphIndexFromCodePoint)
C:/devkitPro/libctru/lib\libcitro2d.a(render2d.shbin.o)
                              C:/devkitPro/libctru/lib\libcitro2d.a(base.o) (render2d_shbin)
C:/devkitPro/libctru/lib\libcitro3d.a(base.o)
                              main.o (C3D_Init)
C:/devkitPro/libctru/lib\libcitro3d.a(renderqueue.o)
                              C:/devkitPro/libctru/lib\libcitro3d.a(base.o) (C3Di_RenderQueueEnableVBlank)
C:/devkitPro/libctru/lib\libcitro3d.a(texture.o)
                              C:/devkitPro/libctru/lib\libcitro2d.a(base.o) (C3D_TexBind)
C:/devkitPro/libctru/lib\libcitro3d.a(framebuffer.o)
                              C:/devkitPro/libctru/lib\libcitro3d.a(renderqueue.o) (C3D_CalcColorBufSize)
C:/devkitPro/libctru/lib\libcitro3d.a(texenv.o)
                              C:/devkitPro/libctru/lib\libcitro2d.a(base.o) (C3D_GetTexEnv)
C:/devkitPro/libctru/lib\libcitro3d.a(proctex.o)
                              C:/devkitPro/libctru/lib\libcitro2d.a(base.o) (C3D_ProcTexInit)
C:/devkitPro/libctru/lib\libcitro3d.a(buffers.o)
                              C:/devkitPro/libctru/lib\libcitro2d.a(base.o) (BufInfo_Init)
C:/devkitPro/libctru/lib\libcitro3d.a(drawArrays.o)
                              C:/devkitPro/libctru/lib\libcitro2d.a(base.o) (C3D_DrawArrays)
C:/devkitPro/libctru/lib\libcitro3d.a(effect.o)
                              C:/devkitPro/libctru/lib\libcitro3d.a(base.o) (C3D_DepthMap)
C:/devkitPro/libctru/lib\libcitro3d.a(attribs.o)
                              C:/devkitPro/libctru/lib\libcitro2d.a(base.o) (AttrInfo_Init)
C:/devkitPro/libctru/lib\libcitro3d.a(immediate.o)
                              C:/devkitPro/libctru/lib\libcitro3d.a(base.o) (C3D_ImmSendAttrib)
C:/devkitPro/libctru/lib\libcitro3d.a(uniforms.o)
                              C:/devkitPro/libctru/lib\libcitro3d.a(base.o) (C3D_UpdateUniforms)
C:/devkitPro/libctru/lib\libcitro3d.a(mtx_ortho.o)
                              C:/devkitPro/libctru/lib\libcitro2d.a(base.o) (Mtx_Ortho)
C:/devkitPro/libctru/lib\libcitro3d.a(mtx_scale.o)
                              C:/devkitPro/libctru/lib\libcitro2d.a(base.o) (Mtx_Scale)
C:/devkitPro/libctru/lib\libcitro3d.a(mtx_multiply.o)
                              C:/devkitPro/libctru/lib\libcitro2d.a(base.o) (Mtx_Multiply)
C:/devkitPro/libctru/lib\libcitro3d.a(mtx_orthotilt.o)
                              C:/devkitPro/libctru/lib\libcitro2d.a(base.o) (Mtx_OrthoTilt)
C:/devkitPro/libctru/lib\libcitro3d.a(mtx_translate.o)
                              C:/devkitPro/libctru/lib\libcitro2d.a(base.o) (Mtx_Translate)
C:/devkitPro/libctru/lib\libcitro3d.a(mtx_rotatez.o)
                              C:/devkitPro/libctru/lib\libcitro2d.a(base.o) (Mtx_RotateZ)
C:/devkitPro/libctru/lib\libctru.a(vram.o)
                              C:/devkitPro/libctru/lib\libcitro3d.a(renderqueue.o) (vramAlloc)
C:/devkitPro/libctru/lib\libctru.a(linear.o)
                              C:/devkitPro/libctru/lib\libcitro2d.a(base.o) (linearAlloc)
C:/devkitPro/libctru/lib\libctru.a(mem_pool.o)
                              C:/devkitPro/libctru/lib\libctru.a(vram.o) (MemPool::Allocate(MemChunk&, unsigned long, int))
C:/devkitPro/libctru/lib\libctru.a(romfs_dev.o)
                              C:/devkitPro/libctru/lib\libcitro2d.a(font.o) (romfsMountFromTitle)
C:/devkitPro/libctru/lib\libctru.a(os.o)
                              C:/devkitPro/libctru/lib\libcitro3d.a(texture.o) (osConvertVirtToPhys)
C:/devkitPro/libctru/lib\libctru.a(console.o)
                              main.o (consoleInit)
C:/devkitPro/libctru/lib\libctru.a(path_buf.o)
                              C:/devkitPro/libctru/lib\libctru.a(romfs_dev.o) (__ctru_dev_utf16_buf)
C:/devkitPro/libctru/lib\libctru.a(font.o)
                              C:/devkitPro/libctru/lib\libcitro2d.a(text.o) (fontEnsureMapped)
C:/devkitPro/libctru/lib\libctru.a(srv.o)
                              main.o (srvInit)
C:/devkitPro/libctru/lib\libctru.a(gfx.o)
                              main.o (gfxSet3D)
C:/devkitPro/libctru/lib\libctru.a(shaderProgram.o)
                              C:/devkitPro/libctru/lib\libcitro2d.a(base.o) (shaderInstanceGetUniformLocation)
C:/devkitPro/libctru/lib\libctru.a(shbin.o)
                              C:/devkitPro/libctru/lib\libcitro2d.a(base.o) (DVLB_ParseFile)
C:/devkitPro/libctru/lib\libctru.a(gx.o)
                              C:/devkitPro/libctru/lib\libcitro3d.a(renderqueue.o) (GX_BindQueue)
C:/devkitPro/libctru/lib\libctru.a(gxqueue.o)
                              C:/devkitPro/libctru/lib\libcitro3d.a(renderqueue.o) (gxCmdQueueClear)
[...]
Memory Configuration

Name             Origin             Length             Attributes
*default*        0x0000000000000000 0xffffffffffffffff

Linker script and memory map

                0x0000000000100000                PROVIDE (__start__ = 0x100000)
                0x0000000000100000                . = __start__

.text           0x0000000000100000    0x26744
 *(.crt0)
 .crt0          0x0000000000100000       0x94 c:/devkitpro/devkitarm/bin/../lib/gcc/arm-none-eabi/11.1.0/../../../../arm-none-eabi/lib/armv6k/fpu/3dsx_crt0.o
                0x0000000000100000                _start
                0x0000000000100008                __service_ptr
                0x000000000010000c                __apt_appid
                0x0000000000100010                __heap_size
                0x0000000000100014                __linear_heap_size
                0x0000000000100018                __system_arglist
                0x000000000010001c                __system_runflags
 *(.init)
 .init          0x0000000000100094        0xc c:/devkitpro/devkitarm/bin/../lib/gcc/arm-none-eabi/11.1.0/armv6k/fpu/crti.o
                0x0000000000100094                _init
 .init          0x00000000001000a0        0xc c:/devkitpro/devkitarm/bin/../lib/gcc/arm-none-eabi/11.1.0/armv6k/fpu/crtn.o
                0x00000000001000ac                . = ALIGN (0x4)
 *(.text)
 .text          0x00000000001000ac      0x20c c:/devkitpro/devkitarm/bin/../lib/gcc/arm-none-eabi/11.1.0/armv6k/fpu\libgcc.a(_udivsi3.o)
                0x00000000001000ac                __aeabi_uidiv
                0x00000000001000ac                __udivsi3
                0x0000000000100298                __aeabi_uidivmod
 .text          0x00000000001002b8      0x240 c:/devkitpro/devkitarm/bin/../lib/gcc/arm-none-eabi/11.1.0/armv6k/fpu\libgcc.a(_divsi3.o)
                0x00000000001002b8                __divsi3
                0x00000000001002b8                __aeabi_idiv
                0x00000000001004d8                __aeabi_idivmod
 .text          0x00000000001004f8        0x4 c:/devkitpro/devkitarm/bin/../lib/gcc/arm-none-eabi/11.1.0/armv6k/fpu\libgcc.a(_dvmd_tls.o)
                0x00000000001004f8                __aeabi_idiv0
                0x00000000001004f8                __aeabi_ldiv0
 .text          0x00000000001004fc      0x3c0 c:/devkitpro/devkitarm/bin/../lib/gcc/arm-none-eabi/11.1.0/armv6k/fpu\libgcc.a(_arm_addsubdf3.o)
                0x00000000001004fc                __aeabi_drsub
                0x0000000000100504                __aeabi_dsub
                0x0000000000100504                __subdf3
                0x0000000000100508                __aeabi_dadd
                0x0000000000100508                __adddf3
                0x00000000001007b4                __floatunsidf
                0x00000000001007b4                __aeabi_ui2d
                0x00000000001007d8                __floatsidf
                0x00000000001007d8                __aeabi_i2d
                0x0000000000100800                __aeabi_f2d
                0x0000000000100800                __extendsfdf2
                0x0000000000100848                __floatundidf
                0x0000000000100848                __aeabi_ul2d
                0x000000000010085c                __floatdidf
                0x000000000010085c                __aeabi_l2d
 .text          0x00000000001008bc       0xd4 c:/devkitpro/devkitarm/bin/../lib/gcc/arm-none-eabi/11.1.0/armv6k/fpu\libgcc.a(_aeabi_ldivmod.o)
                0x00000000001008bc                __aeabi_ldivmod
 .text          0x0000000000100990       0x3c c:/devkitpro/devkitarm/bin/../lib/gcc/arm-none-eabi/11.1.0/armv6k/fpu\libgcc.a(_aeabi_uldivmod.o)
                0x0000000000100990                __aeabi_uldivmod
 *fill*         0x00000000001009cc       0x14 
 .text          0x00000000001009e0      0x390 c:/devkitpro/devkitarm/bin/../lib/gcc/arm-none-eabi/11.1.0/../../../../arm-none-eabi/lib/armv6k/fpu\libg.a(lib_a-strcmp.o)
                0x00000000001009e8                strcmp
 *(.text.*)
 .text.__do_global_dtors_aux
                0x0000000000100d70       0x40 c:/devkitpro/devkitarm/bin/../lib/gcc/arm-none-eabi/11.1.0/armv6k/fpu/crtbegin.o
 .text.frame_dummy
                0x0000000000100db0       0x2c c:/devkitpro/devkitarm/bin/../lib/gcc/arm-none-eabi/11.1.0/armv6k/fpu/crtbegin.o
 .text.checkButtons
                0x0000000000100ddc      0x2d8 buttons.o
                0x0000000000100ddc                checkButtons
 .text.mainMenuSet
                0x00000000001010b4       0x14 main.o
                0x00000000001010b4                mainMenuSet
 .text.startup.main
                0x00000000001010c8     0x1058 main.o
                0x00000000001010c8                main
 .text.m_useColor
                0x0000000000102120       0x14 mochalibs.o
                0x0000000000102120                m_useColor
 .text.touchWithin
                0x0000000000102134       0x40 mochalibs.o
                0x0000000000102134                touchWithin
 .text.adv_background
                0x0000000000102174       0x50 mochalibs.o
                0x0000000000102174                adv_background
 .text.m_background
                0x00000000001021c4       0x60 mochalibs.o
                0x00000000001021c4                m_background
 .text.m_rect   0x0000000000102224       0x88 mochalibs.o
                0x0000000000102224                m_rect
 .text.m_circle
                0x00000000001022ac       0x64 mochalibs.o
                0x00000000001022ac                m_circle
 .text.rgbsTop  0x0000000000102310       0xf4 screens.o
                0x0000000000102310                rgbsTop
 .text.rgbsBtm  0x0000000000102404       0xec screens.o
                0x0000000000102404                rgbsBtm
 .text.drawLStick
                0x00000000001024f0      0x14c sticks.o
                0x00000000001024f0                drawLStick
 .text.drawCStick
                0x000000000010263c      0x16c sticks.o
                0x000000000010263c                drawCStick
 .text.touchPosLines
                0x00000000001027a8       0x98 touchscreen.o
                0x00000000001027a8                touchPosLines
 .text.C2Di_FrameEndHook
                0x0000000000102840       0x34 C:/devkitPro/libctru/lib\libcitro2d.a(base.o)
 *fill*         0x0000000000102874        0x4 
 .text.C2D_Init
                0x0000000000102878      0x330 C:/devkitPro/libctru/lib\libcitro2d.a(base.o)
                0x0000000000102878                C2D_Init
 .text.C2D_Fini
                0x0000000000102ba8       0x44 C:/devkitPro/libctru/lib\libcitro2d.a(base.o)
                0x0000000000102ba8                C2D_Fini
 .text.C2D_Prepare
                0x0000000000102bec       0xd0 C:/devkitPro/libctru/lib\libcitro2d.a(base.o)
                0x0000000000102bec                C2D_Prepare
 .text.C2D_Flush
                0x0000000000102cbc       0x3c C:/devkitPro/libctru/lib\libcitro2d.a(base.o)
                0x0000000000102cbc                C2D_Flush
 .text.C2D_SceneSize
                0x0000000000102cf8      0x108 C:/devkitPro/libctru/lib\libcitro2d.a(base.o)
                0x0000000000102cf8                C2D_SceneSize
 .text.C2D_CreateScreenTarget
                0x0000000000102e00       0x58 C:/devkitPro/libctru/lib\libcitro2d.a(base.o)
                0x0000000000102e00                C2D_CreateScreenTarget
 .text.C2D_TargetClear
                0x0000000000102e58       0x58 C:/devkitPro/libctru/lib\libcitro2d.a(base.o)
                0x0000000000102e58                C2D_TargetClear
 .text.C2Di_AppendVtx
                0x0000000000102eb0       0x40 C:/devkitPro/libctru/lib\libcitro2d.a(base.o)
                0x0000000000102eb0                C2Di_AppendVtx
 .text.C2Di_Update
                0x0000000000102ef0      0x22c C:/devkitPro/libctru/lib\libcitro2d.a(base.o)
                0x0000000000102ef0                C2Di_Update
 .text.C2D_DrawLine
                0x000000000010311c      0x220 C:/devkitPro/libctru/lib\libcitro2d.a(base.o)
                0x000000000010311c                C2D_DrawLine
 .text.C2D_DrawRectangle
                0x000000000010333c      0x1b0 C:/devkitPro/libctru/lib\libcitro2d.a(base.o)
                0x000000000010333c                C2D_DrawRectangle
 .text.C2D_DrawEllipse
                0x00000000001034ec      0x1a8 C:/devkitPro/libctru/lib\libcitro2d.a(base.o)
                0x00000000001034ec                C2D_DrawEllipse
 .text.C2Di_GlyphComp
                0x0000000000103694       0x18 C:/devkitPro/libctru/lib\libcitro2d.a(text.o)
 .text.C2Di_CalcLineWidths
                0x00000000001036ac      0x140 C:/devkitPro/libctru/lib\libcitro2d.a(text.o)
 .text.C2D_TextBufNew
                0x00000000001037ec      0x1d0 C:/devkitPro/libctru/lib\libcitro2d.a(text.o)
                0x00000000001037ec                C2D_TextBufNew
 .text.C2D_TextBufDelete
                0x00000000001039bc        0x4 C:/devkitPro/libctru/lib\libcitro2d.a(text.o)
                0x00000000001039bc                C2D_TextBufDelete
 .text.C2D_TextBufClear
                0x00000000001039c0        0xc C:/devkitPro/libctru/lib\libcitro2d.a(text.o)
                0x00000000001039c0                C2D_TextBufClear
 .text.C2D_TextFontParseLine
                0x00000000001039cc      0x1c8 C:/devkitPro/libctru/lib\libcitro2d.a(text.o)
                0x00000000001039cc                C2D_TextFontParseLine
 .text.C2D_TextFontParse
                0x0000000000103b94       0xa8 C:/devkitPro/libctru/lib\libcitro2d.a(text.o)
                0x0000000000103b94                C2D_TextFontParse
 .text.C2D_TextParse
                0x0000000000103c3c       0x14 C:/devkitPro/libctru/lib\libcitro2d.a(text.o)
                0x0000000000103c3c                C2D_TextParse
 .text.C2D_TextOptimize
                0x0000000000103c50       0x30 C:/devkitPro/libctru/lib\libcitro2d.a(text.o)
                0x0000000000103c50                C2D_TextOptimize
 .text.C2D_DrawText
                0x0000000000103c80     0x10d4 C:/devkitPro/libctru/lib\libcitro2d.a(text.o)
                0x0000000000103c80                C2D_DrawText
 .text.C2D_FontGlyphIndexFromCodePoint
                0x0000000000104d54       0x44 C:/devkitPro/libctru/lib\libcitro2d.a(font.o)
                0x0000000000104d54                C2D_FontGlyphIndexFromCodePoint
 .text.C2D_FontCalcGlyphPos
                0x0000000000104d98       0x78 C:/devkitPro/libctru/lib\libcitro2d.a(font.o)
                0x0000000000104d98                C2D_FontCalcGlyphPos
 .text.C3Di_LightEnvUpdate
                0x0000000000104e10        0x4 C:/devkitPro/libctru/lib\libcitro3d.a(base.o)
                0x0000000000104e10                C3Di_LightEnvUpdate
 .text.C3Di_LightEnvDirty
                0x0000000000104e14        0x4 C:/devkitPro/libctru/lib\libcitro3d.a(base.o)
                0x0000000000104e14                C3Di_LightEnvDirty
 .text.C3Di_AptEventHook
                0x0000000000104e18       0xb4 C:/devkitPro/libctru/lib\libcitro3d.a(base.o)
 .text.C3Di_GasUpdate
                0x0000000000104ecc        0x4 C:/devkitPro/libctru/lib\libcitro3d.a(base.o)
                0x0000000000104ecc                C3Di_GasUpdate
 .text.C3D_Init
                0x0000000000104ed0      0x1e0 C:/devkitPro/libctru/lib\libcitro3d.a(base.o)
                0x0000000000104ed0                C3D_Init
 .text.C3D_SetViewport
                0x00000000001050b0       0x98 C:/devkitPro/libctru/lib\libcitro3d.a(base.o)
                0x00000000001050b0                C3D_SetViewport
 .text.C3Di_UpdateContext
                0x0000000000105148      0x4ec C:/devkitPro/libctru/lib\libcitro3d.a(base.o)
                0x0000000000105148                C3Di_UpdateContext
 .text.C3Di_SplitFrame
                0x0000000000105634       0xe0 C:/devkitPro/libctru/lib\libcitro3d.a(base.o)
                0x0000000000105634                C3Di_SplitFrame
 .text.C3D_Fini
                0x0000000000105714       0x44 C:/devkitPro/libctru/lib\libcitro3d.a(base.o)
                0x0000000000105714                C3D_Fini
 .text.C3D_BindProgram
                0x0000000000105758      0x108 C:/devkitPro/libctru/lib\libcitro3d.a(base.o)
                0x0000000000105758                C3D_BindProgram
 .text.onVBlank0
                0x0000000000105860       0x4c C:/devkitPro/libctru/lib\libcitro3d.a(renderqueue.o)
 .text.onVBlank1
                0x00000000001058ac       0x4c C:/devkitPro/libctru/lib\libcitro3d.a(renderqueue.o)
 .text.C3Di_RenderTargetDestroy
                0x00000000001058f8       0x80 C:/devkitPro/libctru/lib\libcitro3d.a(renderqueue.o)
 .text.onQueueFinish
                0x0000000000105978       0xf4 C:/devkitPro/libctru/lib\libcitro3d.a(renderqueue.o)
 .text.C3Di_RenderQueueEnableVBlank
                0x0000000000105a6c       0x38 C:/devkitPro/libctru/lib\libcitro3d.a(renderqueue.o)
                0x0000000000105a6c                C3Di_RenderQueueEnableVBlank
 .text.C3Di_RenderQueueDisableVBlank
                0x0000000000105aa4       0x30 C:/devkitPro/libctru/lib\libcitro3d.a(renderqueue.o)
                0x0000000000105aa4                C3Di_RenderQueueDisableVBlank
 .text.C3Di_RenderQueueInit
                0x0000000000105ad4       0x60 C:/devkitPro/libctru/lib\libcitro3d.a(renderqueue.o)
                0x0000000000105ad4                C3Di_RenderQueueInit
 .text.C3Di_RenderQueueExit
                0x0000000000105b34       0xb0 C:/devkitPro/libctru/lib\libcitro3d.a(renderqueue.o)
                0x0000000000105b34                C3Di_RenderQueueExit
 .text.C3Di_RenderQueueWaitDone
                0x0000000000105be4       0x34 C:/devkitPro/libctru/lib\libcitro3d.a(renderqueue.o)
                0x0000000000105be4                C3Di_RenderQueueWaitDone
 .text.C3D_FrameBegin
                0x0000000000105c18       0xe4 C:/devkitPro/libctru/lib\libcitro3d.a(renderqueue.o)
                0x0000000000105c18                C3D_FrameBegin
 .text.C3D_FrameDrawOn
                0x0000000000105cfc       0x48 C:/devkitPro/libctru/lib\libcitro3d.a(renderqueue.o)
                0x0000000000105cfc                C3D_FrameDrawOn
 .text.C3D_FrameSplit
                0x0000000000105d44       0x58 C:/devkitPro/libctru/lib\libcitro3d.a(renderqueue.o)
                0x0000000000105d44                C3D_FrameSplit
 .text.C3D_FrameEnd
                0x0000000000105d9c      0x1d8 C:/devkitPro/libctru/lib\libcitro3d.a(renderqueue.o)
                0x0000000000105d9c                C3D_FrameEnd
 .text.C3D_FrameEndHook
                0x0000000000105f74       0x1c C:/devkitPro/libctru/lib\libcitro3d.a(renderqueue.o)
                0x0000000000105f74                C3D_FrameEndHook
 .text.C3D_RenderTargetCreate
                0x0000000000105f90      0x128 C:/devkitPro/libctru/lib\libcitro3d.a(renderqueue.o)
                0x0000000000105f90                C3D_RenderTargetCreate
 .text.C3D_RenderTargetSetOutput
                0x00000000001060b8       0xa8 C:/devkitPro/libctru/lib\libcitro3d.a(renderqueue.o)
                0x00000000001060b8                C3D_RenderTargetSetOutput
 .text.C3D_TexBind
                0x0000000000106160       0x44 C:/devkitPro/libctru/lib\libcitro3d.a(texture.o)
                0x0000000000106160                C3D_TexBind
 .text.C3Di_SetTex
                0x00000000001061a4      0x16c C:/devkitPro/libctru/lib\libcitro3d.a(texture.o)
                0x00000000001061a4                C3Di_SetTex
 .text.C3D_CalcColorBufSize
                0x0000000000106310       0x1c C:/devkitPro/libctru/lib\libcitro3d.a(framebuffer.o)
                0x0000000000106310                C3D_CalcColorBufSize
 .text.C3D_CalcDepthBufSize
                0x000000000010632c       0x1c C:/devkitPro/libctru/lib\libcitro3d.a(framebuffer.o)
                0x000000000010632c                C3D_CalcDepthBufSize
 .text.C3D_SetFrameBuf
                0x0000000000106348       0x44 C:/devkitPro/libctru/lib\libcitro3d.a(framebuffer.o)
                0x0000000000106348                C3D_SetFrameBuf
 .text.C3Di_FrameBufBind
                0x000000000010638c      0x16c C:/devkitPro/libctru/lib\libcitro3d.a(framebuffer.o)
                0x000000000010638c                C3Di_FrameBufBind
 .text.C3D_FrameBufClear
                0x00000000001064f8       0xcc C:/devkitPro/libctru/lib\libcitro3d.a(framebuffer.o)
                0x00000000001064f8                C3D_FrameBufClear
 .text.C3D_FrameBufTransfer
                0x00000000001065c4       0x44 C:/devkitPro/libctru/lib\libcitro3d.a(framebuffer.o)
                0x00000000001065c4                C3D_FrameBufTransfer
 .text.C3D_GetTexEnv
                0x0000000000106608       0x34 C:/devkitPro/libctru/lib\libcitro3d.a(texenv.o)
                0x0000000000106608                C3D_GetTexEnv
 .text.C3Di_TexEnvBind
                0x000000000010663c       0x24 C:/devkitPro/libctru/lib\libcitro3d.a(texenv.o)
                0x000000000010663c                C3Di_TexEnvBind
 .text.C3D_ProcTexInit
                0x0000000000106660       0x70 C:/devkitPro/libctru/lib\libcitro3d.a(proctex.o)
                0x0000000000106660                C3D_ProcTexInit
 .text.C3D_ProcTexBind
                0x00000000001066d0       0x54 C:/devkitPro/libctru/lib\libcitro3d.a(proctex.o)
                0x00000000001066d0                C3D_ProcTexBind
 .text.C3D_ProcTexLutBind
                0x0000000000106724       0x5c C:/devkitPro/libctru/lib\libcitro3d.a(proctex.o)
                0x0000000000106724                C3D_ProcTexLutBind
 .text.ProcTexLut_FromArray
                0x0000000000106780       0xa4 C:/devkitPro/libctru/lib\libcitro3d.a(proctex.o)
                0x0000000000106780                ProcTexLut_FromArray
 .text.C3Di_ProcTexUpdate
                0x0000000000106824      0x17c C:/devkitPro/libctru/lib\libcitro3d.a(proctex.o)
                0x0000000000106824                C3Di_ProcTexUpdate
 .text.C3Di_ProcTexDirty
                0x00000000001069a0       0x68 C:/devkitPro/libctru/lib\libcitro3d.a(proctex.o)
                0x00000000001069a0                C3Di_ProcTexDirty
 .text.BufInfo_Init
                0x0000000000106a08       0x24 C:/devkitPro/libctru/lib\libcitro3d.a(buffers.o)
                0x0000000000106a08                BufInfo_Init
 .text.BufInfo_Add
                0x0000000000106a2c       0x80 C:/devkitPro/libctru/lib\libcitro3d.a(buffers.o)
                0x0000000000106a2c                BufInfo_Add
 .text.C3D_SetBufInfo
                0x0000000000106aac       0x40 C:/devkitPro/libctru/lib\libcitro3d.a(buffers.o)
                0x0000000000106aac                C3D_SetBufInfo
 .text.C3Di_BufInfoBind
                0x0000000000106aec       0x48 C:/devkitPro/libctru/lib\libcitro3d.a(buffers.o)
                0x0000000000106aec                C3Di_BufInfoBind
 .text.C3D_DrawArrays
                0x0000000000106b34      0x148 C:/devkitPro/libctru/lib\libcitro3d.a(drawArrays.o)
                0x0000000000106b34                C3D_DrawArrays
 .text.C3D_DepthMap
                0x0000000000106c7c       0x40 C:/devkitPro/libctru/lib\libcitro3d.a(effect.o)
                0x0000000000106c7c                C3D_DepthMap
 .text.C3D_CullFace
                0x0000000000106cbc       0x1c C:/devkitPro/libctru/lib\libcitro3d.a(effect.o)
                0x0000000000106cbc                C3D_CullFace
 .text.C3D_StencilTest
                0x0000000000106cd8       0x40 C:/devkitPro/libctru/lib\libcitro3d.a(effect.o)
                0x0000000000106cd8                C3D_StencilTest
 .text.C3D_StencilOp
                0x0000000000106d18       0x24 C:/devkitPro/libctru/lib\libcitro3d.a(effect.o)
                0x0000000000106d18                C3D_StencilOp
 .text.C3D_BlendingColor
                0x0000000000106d3c       0x1c C:/devkitPro/libctru/lib\libcitro3d.a(effect.o)
                0x0000000000106d3c                C3D_BlendingColor
 .text.C3D_EarlyDepthTest
                0x0000000000106d58       0x24 C:/devkitPro/libctru/lib\libcitro3d.a(effect.o)
                0x0000000000106d58                C3D_EarlyDepthTest
 .text.C3D_DepthTest
                0x0000000000106d7c       0x2c C:/devkitPro/libctru/lib\libcitro3d.a(effect.o)
                0x0000000000106d7c                C3D_DepthTest
 .text.C3D_AlphaTest
                0x0000000000106da8       0x2c C:/devkitPro/libctru/lib\libcitro3d.a(effect.o)
                0x0000000000106da8                C3D_AlphaTest
 .text.C3D_AlphaBlend
                0x0000000000106dd4       0x50 C:/devkitPro/libctru/lib\libcitro3d.a(effect.o)
                0x0000000000106dd4                C3D_AlphaBlend
 .text.C3D_FragOpMode
                0x0000000000106e24       0x30 C:/devkitPro/libctru/lib\libcitro3d.a(effect.o)
                0x0000000000106e24                C3D_FragOpMode
 .text.C3D_FragOpShadow
                0x0000000000106e54       0x44 C:/devkitPro/libctru/lib\libcitro3d.a(effect.o)
                0x0000000000106e54                C3D_FragOpShadow
 .text.C3Di_EffectBind
                0x0000000000106e98      0x1ac C:/devkitPro/libctru/lib\libcitro3d.a(effect.o)
                0x0000000000106e98                C3Di_EffectBind
 .text.AttrInfo_Init
                0x0000000000107044       0x28 C:/devkitPro/libctru/lib\libcitro3d.a(attribs.o)
                0x0000000000107044                AttrInfo_Init
 .text.AttrInfo_AddLoader
                0x000000000010706c       0x98 C:/devkitPro/libctru/lib\libcitro3d.a(attribs.o)
                0x000000000010706c                AttrInfo_AddLoader
 .text.C3D_SetAttrInfo
                0x0000000000107104       0x54 C:/devkitPro/libctru/lib\libcitro3d.a(attribs.o)
                0x0000000000107104                C3D_SetAttrInfo
 .text.C3Di_AttrInfoBind
                0x0000000000107158       0x80 C:/devkitPro/libctru/lib\libcitro3d.a(attribs.o)
                0x0000000000107158                C3Di_AttrInfoBind
 .text.C3D_ImmSendAttrib
                0x00000000001071d8       0xa8 C:/devkitPro/libctru/lib\libcitro3d.a(immediate.o)
                0x00000000001071d8                C3D_ImmSendAttrib
 .text.C3D_UpdateUniforms
                0x0000000000107280      0x29c C:/devkitPro/libctru/lib\libcitro3d.a(uniforms.o)
                0x0000000000107280                C3D_UpdateUniforms
 .text.C3Di_DirtyUniforms
                0x000000000010751c       0xc0 C:/devkitPro/libctru/lib\libcitro3d.a(uniforms.o)
                0x000000000010751c                C3Di_DirtyUniforms
 .text.C3Di_LoadShaderUniforms
                0x00000000001075dc       0xd8 C:/devkitPro/libctru/lib\libcitro3d.a(uniforms.o)
                0x00000000001075dc                C3Di_LoadShaderUniforms
 .text.C3Di_ClearShaderUniforms
                0x00000000001076b4       0x28 C:/devkitPro/libctru/lib\libcitro3d.a(uniforms.o)
                0x00000000001076b4                C3Di_ClearShaderUniforms
 .text.Mtx_Ortho
                0x00000000001076dc       0xcc C:/devkitPro/libctru/lib\libcitro3d.a(mtx_ortho.o)
                0x00000000001076dc                Mtx_Ortho
 .text.Mtx_OrthoTilt
                0x00000000001077a8       0xcc C:/devkitPro/libctru/lib\libcitro3d.a(mtx_orthotilt.o)
                0x00000000001077a8                Mtx_OrthoTilt
 .text._ZL21addrMapNodeComparatorPK11rbtree_nodeS1_
                0x0000000000107874       0x24 C:/devkitPro/libctru/lib\libctru.a(vram.o)
 .text._ZL21addrMapNodeDestructorP11rbtree_node
                0x0000000000107898        0x4 C:/devkitPro/libctru/lib\libctru.a(vram.o)
 .text.vramMemAlign
                0x000000000010789c      0x114 C:/devkitPro/libctru/lib\libctru.a(vram.o)
                0x000000000010789c                vramMemAlign
 .text.vramAlloc
                0x00000000001079b0        0x8 C:/devkitPro/libctru/lib\libctru.a(vram.o)
                0x00000000001079b0                vramAlloc
 .text.vramFree
                0x00000000001079b8       0x5c C:/devkitPro/libctru/lib\libctru.a(vram.o)
                0x00000000001079b8                vramFree
 .text._ZL21addrMapNodeComparatorPK11rbtree_nodeS1_
                0x0000000000107a14       0x24 C:/devkitPro/libctru/lib\libctru.a(linear.o)
 .text._ZL21addrMapNodeDestructorP11rbtree_node
                0x0000000000107a38        0x4 C:/devkitPro/libctru/lib\libctru.a(linear.o)
 .text.linearMemAlign
                0x0000000000107a3c      0x120 C:/devkitPro/libctru/lib\libctru.a(linear.o)
                0x0000000000107a3c                linearMemAlign
 .text.linearAlloc
                0x0000000000107b5c        0x8 C:/devkitPro/libctru/lib\libctru.a(linear.o)
                0x0000000000107b5c                linearAlloc
 .text.linearFree
                0x0000000000107b64       0x5c C:/devkitPro/libctru/lib\libctru.a(linear.o)
                0x0000000000107b64                linearFree
 .text._ZN7MemPool13CoalesceRightEP8MemBlock
                0x0000000000107bc0       0x84 C:/devkitPro/libctru/lib\libctru.a(mem_pool.o)
                0x0000000000107bc0                MemPool::CoalesceRight(MemBlock*)
 .text._ZN7MemPool8AllocateER8MemChunkmi
                0x0000000000107c44      0x170 C:/devkitPro/libctru/lib\libctru.a(mem_pool.o)
                0x0000000000107c44                MemPool::Allocate(MemChunk&, unsigned long, int)
 .text._ZN7MemPool10DeallocateERK8MemChunk
                0x0000000000107db4       0xfc C:/devkitPro/libctru/lib\libctru.a(mem_pool.o)
                0x0000000000107db4                MemPool::Deallocate(MemChunk const&)
 .text.osConvertVirtToPhys
                0x0000000000107eb0       0x74 C:/devkitPro/libctru/lib\libctru.a(os.o)
                0x0000000000107eb0                osConvertVirtToPhys
 .text.osGetTimeRef
                0x0000000000107f24       0x54 C:/devkitPro/libctru/lib\libctru.a(os.o)
                0x0000000000107f24                osGetTimeRef
 .text.osGetTime
                0x0000000000107f78       0xe4 C:/devkitPro/libctru/lib\libctru.a(os.o)
                0x0000000000107f78                osGetTime
 .text.__libctru_gtod
                0x000000000010805c       0x74 C:/devkitPro/libctru/lib\libctru.a(os.o)
                0x000000000010805c                __libctru_gtod
 .text.__ctru_speedup_config
                0x00000000001080d0       0x34 C:/devkitPro/libctru/lib\libctru.a(os.o)
                0x00000000001080d0                __ctru_speedup_config
 .text.consoleDrawChar
                0x0000000000108104      0x178 C:/devkitPro/libctru/lib\libctru.a(console.o)
                0x0000000000108104                consoleDrawChar
 .text.consolePrintChar
                0x000000000010827c      0x124 C:/devkitPro/libctru/lib\libctru.a(console.o)
                0x000000000010827c                consolePrintChar
 .text.con_write
                0x00000000001083a0      0xa00 C:/devkitPro/libctru/lib\libctru.a(console.o)
                0x00000000001083a0                con_write
 .text.consoleInit
                0x0000000000108da0      0x168 C:/devkitPro/libctru/lib\libctru.a(console.o)
                0x0000000000108da0                consoleInit
 .text.newRow   0x0000000000108f08       0xf4 C:/devkitPro/libctru/lib\libctru.a(console.o)
 .text.fontEnsureMapped
                0x0000000000108ffc       0x9c C:/devkitPro/libctru/lib\libctru.a(font.o)
                0x0000000000108ffc                fontEnsureMapped
 .text.fontGlyphIndexFromCodePoint
                0x0000000000109098       0xfc C:/devkitPro/libctru/lib\libctru.a(font.o)
                0x0000000000109098                fontGlyphIndexFromCodePoint
 .text.fontGetCharWidthInfo
                0x0000000000109194       0x6c C:/devkitPro/libctru/lib\libctru.a(font.o)
                0x0000000000109194                fontGetCharWidthInfo
 .text.fontCalcGlyphPos
                0x0000000000109200      0x1c0 C:/devkitPro/libctru/lib\libctru.a(font.o)
                0x0000000000109200                fontCalcGlyphPos
 .text.srvInit  0x00000000001093c0      0x124 C:/devkitPro/libctru/lib\libctru.a(srv.o)
                0x00000000001093c0                srvInit
 .text.srvExit  0x00000000001094e4       0x58 C:/devkitPro/libctru/lib\libctru.a(srv.o)
                0x00000000001094e4                srvExit
 .text.srvGetServiceHandleDirect
                0x000000000010953c       0x80 C:/devkitPro/libctru/lib\libctru.a(srv.o)
                0x000000000010953c                srvGetServiceHandleDirect
 .text.srvGetServiceHandle
                0x00000000001095bc       0x48 C:/devkitPro/libctru/lib\libctru.a(srv.o)
                0x00000000001095bc                srvGetServiceHandle
 .text.srvPublishToSubscriber
                0x0000000000109604       0x38 C:/devkitPro/libctru/lib\libctru.a(srv.o)
                0x0000000000109604                srvPublishToSubscriber
 .text.gfxPresentFramebuffer
                0x000000000010963c       0xd0 C:/devkitPro/libctru/lib\libctru.a(gfx.o)
 .text.gfxSet3D
                0x000000000010970c       0x10 C:/devkitPro/libctru/lib\libctru.a(gfx.o)
                0x000000000010970c                gfxSet3D
 .text.gfxIsWide
                0x000000000010971c       0x1c C:/devkitPro/libctru/lib\libctru.a(gfx.o)
                0x000000000010971c                gfxIsWide
 .text.gfxSetScreenFormat
                0x0000000000109738       0xec C:/devkitPro/libctru/lib\libctru.a(gfx.o)
                0x0000000000109738                gfxSetScreenFormat
 .text.gfxSetDoubleBuffering
                0x0000000000109824       0x10 C:/devkitPro/libctru/lib\libctru.a(gfx.o)
                0x0000000000109824                gfxSetDoubleBuffering
 .text.gfxInit  0x0000000000109834      0x108 C:/devkitPro/libctru/lib\libctru.a(gfx.o)
                0x0000000000109834                gfxInit
 .text.gfxInitDefault
                0x000000000010993c       0x10 C:/devkitPro/libctru/lib\libctru.a(gfx.o)
                0x000000000010993c                gfxInitDefault
 .text.gfxExit  0x000000000010994c       0xb4 C:/devkitPro/libctru/lib\libctru.a(gfx.o)
                0x000000000010994c                gfxExit
 .text.gfxGetFramebuffer
                0x0000000000109a00       0xa0 C:/devkitPro/libctru/lib\libctru.a(gfx.o)
                0x0000000000109a00                gfxGetFramebuffer
 .text.gfxFlushBuffers
                0x0000000000109aa0      0x10c C:/devkitPro/libctru/lib\libctru.a(gfx.o)
                0x0000000000109aa0                gfxFlushBuffers
 .text.gfxScreenSwapBuffers
                0x0000000000109bac       0x30 C:/devkitPro/libctru/lib\libctru.a(gfx.o)
                0x0000000000109bac                gfxScreenSwapBuffers
 .text.gfxSwapBuffersGpu
                0x0000000000109bdc       0x50 C:/devkitPro/libctru/lib\libctru.a(gfx.o)
                0x0000000000109bdc                gfxSwapBuffersGpu
 .text.shaderInstanceInit
                0x0000000000109c2c      0x1e0 C:/devkitPro/libctru/lib\libctru.a(shaderProgram.o)
                0x0000000000109c2c                shaderInstanceInit
 .text.shaderInstanceGetUniformLocation
                0x0000000000109e0c       0x18 C:/devkitPro/libctru/lib\libctru.a(shaderProgram.o)
                0x0000000000109e0c                shaderInstanceGetUniformLocation
 .text.shaderProgramInit
                0x0000000000109e24       0x1c C:/devkitPro/libctru/lib\libctru.a(shaderProgram.o)
                0x0000000000109e24                shaderProgramInit
 .text.shaderProgramFree
                0x0000000000109e40       0x64 C:/devkitPro/libctru/lib\libctru.a(shaderProgram.o)
                0x0000000000109e40                shaderProgramFree
 .text.shaderProgramSetVsh
                0x0000000000109ea4       0x80 C:/devkitPro/libctru/lib\libctru.a(shaderProgram.o)
                0x0000000000109ea4                shaderProgramSetVsh
 .text.shaderProgramConfigure
                0x0000000000109f24      0x8c0 C:/devkitPro/libctru/lib\libctru.a(shaderProgram.o)
                0x0000000000109f24                shaderProgramConfigure
 .text.DVLE_GenerateOutmap.part.0
                0x000000000010a7e4      0x1f8 C:/devkitPro/libctru/lib\libctru.a(shbin.o)
 .text.DVLB_ParseFile
                0x000000000010a9dc      0x1cc C:/devkitPro/libctru/lib\libctru.a(shbin.o)
                0x000000000010a9dc                DVLB_ParseFile
 .text.DVLB_Free
                0x000000000010aba8       0x38 C:/devkitPro/libctru/lib\libctru.a(shbin.o)
                0x000000000010aba8                DVLB_Free
 .text.DVLE_GetUniformRegister
                0x000000000010abe0       0x74 C:/devkitPro/libctru/lib\libctru.a(shbin.o)
                0x000000000010abe0                DVLE_GetUniformRegister
 .text.GX_BindQueue
                0x000000000010ac54       0x10 C:/devkitPro/libctru/lib\libctru.a(gx.o)
                0x000000000010ac54                GX_BindQueue
 .text.GX_ProcessCommandList
                0x000000000010ac64       0x78 C:/devkitPro/libctru/lib\libctru.a(gx.o)
                0x000000000010ac64                GX_ProcessCommandList
 .text.GX_MemoryFill
                0x000000000010acdc       0x74 C:/devkitPro/libctru/lib\libctru.a(gx.o)
                0x000000000010acdc                GX_MemoryFill
 .text.GX_DisplayTransfer
                0x000000000010ad50       0x70 C:/devkitPro/libctru/lib\libctru.a(gx.o)
                0x000000000010ad50                GX_DisplayTransfer
 .text.gxCmdQueueDoCommands.part.0
                0x000000000010adc0       0x68 C:/devkitPro/libctru/lib\libctru.a(gxqueue.o)
 .text.gxCmdQueueInterrupt
                0x000000000010ae28       0xc8 C:/devkitPro/libctru/lib\libctru.a(gxqueue.o)
                0x000000000010ae28                gxCmdQueueInterrupt
 .text.gxCmdQueueClear
                0x000000000010aef0       0x4c C:/devkitPro/libctru/lib\libctru.a(gxqueue.o)
                0x000000000010aef0                gxCmdQueueClear
 .text.gxCmdQueueAdd
                0x000000000010af3c       0xf8 C:/devkitPro/libctru/lib\libctru.a(gxqueue.o)
                0x000000000010af3c                gxCmdQueueAdd
 .text.gxCmdQueueRun
                0x000000000010b034       0x80 C:/devkitPro/libctru/lib\libctru.a(gxqueue.o)
                0x000000000010b034                gxCmdQueueRun
 .text.gxCmdQueueStop
                0x000000000010b0b4       0x60 C:/devkitPro/libctru/lib\libctru.a(gxqueue.o)
                0x000000000010b0b4                gxCmdQueueStop
 .text.gxCmdQueueWait
                0x000000000010b114       0x74 C:/devkitPro/libctru/lib\libctru.a(gxqueue.o)
                0x000000000010b114                gxCmdQueueWait
 .text.GPUCMD_Add
                0x000000000010b188      0x13c C:/devkitPro/libctru/lib\libctru.a(gpu.o)
                0x000000000010b188                GPUCMD_Add
 .text.GPUCMD_Split
                0x000000000010b2c4       0xac C:/devkitPro/libctru/lib\libctru.a(gpu.o)
                0x000000000010b2c4                GPUCMD_Split
 .text.f32tof16
                0x000000000010b370       0x40 C:/devkitPro/libctru/lib\libctru.a(gpu.o)
                0x000000000010b370                f32tof16
 .text.f32tof24
                0x000000000010b3b0       0x40 C:/devkitPro/libctru/lib\libctru.a(gpu.o)
                0x000000000010b3b0                f32tof24
 .text.f32tof31
                0x000000000010b3f0       0x44 C:/devkitPro/libctru/lib\libctru.a(gpu.o)
                0x000000000010b3f0                f32tof31
 .text.cfguInit
                0x000000000010b434       0xa4 C:/devkitPro/libctru/lib\libctru.a(cfgu.o)
                0x000000000010b434                cfguInit
 .text.cfguExit
                0x000000000010b4d8       0x3c C:/devkitPro/libctru/lib\libctru.a(cfgu.o)
                0x000000000010b4d8                cfguExit
 .text.CFGU_SecureInfoGetRegion
                0x000000000010b514       0x38 C:/devkitPro/libctru/lib\libctru.a(cfgu.o)
                0x000000000010b514                CFGU_SecureInfoGetRegion
 .text.CFGU_GetSystemLanguage
                0x000000000010b54c       0x54 C:/devkitPro/libctru/lib\libctru.a(cfgu.o)
                0x000000000010b54c                CFGU_GetSystemLanguage
 .text.gspHardwareInit
                0x000000000010b5a0      0xc58 C:/devkitPro/libctru/lib\libctru.a(gspgpu.o)
 .text.gspInit  0x000000000010c1f8      0x254 C:/devkitPro/libctru/lib\libctru.a(gspgpu.o)
                0x000000000010c1f8                gspInit
 .text.gspExit  0x000000000010c44c       0xf0 C:/devkitPro/libctru/lib\libctru.a(gspgpu.o)
                0x000000000010c44c                gspExit
 .text.gspHasGpuRight
                0x000000000010c53c       0x10 C:/devkitPro/libctru/lib\libctru.a(gspgpu.o)
                0x000000000010c53c                gspHasGpuRight
 .text.gspPresentBuffer
                0x000000000010c54c       0x98 C:/devkitPro/libctru/lib\libctru.a(gspgpu.o)
                0x000000000010c54c                gspPresentBuffer
 .text.gspSetEventCallback
                0x000000000010c5e4       0x30 C:/devkitPro/libctru/lib\libctru.a(gspgpu.o)
                0x000000000010c5e4                gspSetEventCallback
 .text.gspWaitForEvent
                0x000000000010c614       0x50 C:/devkitPro/libctru/lib\libctru.a(gspgpu.o)
                0x000000000010c614                gspWaitForEvent
 .text.gspWaitForAnyEvent
                0x000000000010c664       0x4c C:/devkitPro/libctru/lib\libctru.a(gspgpu.o)
                0x000000000010c664                gspWaitForAnyEvent
 .text.gspEventThreadMain
                0x000000000010c6b0      0x160 C:/devkitPro/libctru/lib\libctru.a(gspgpu.o)
 .text.gspSubmitGxCommand
                0x000000000010c810      0x130 C:/devkitPro/libctru/lib\libctru.a(gspgpu.o)
                0x000000000010c810                gspSubmitGxCommand
 .text.GSPGPU_FlushDataCache
                0x000000000010c940       0x50 C:/devkitPro/libctru/lib\libctru.a(gspgpu.o)
                0x000000000010c940                GSPGPU_FlushDataCache
 .text.GSPGPU_SetLcdForceBlack
                0x000000000010c990       0x34 C:/devkitPro/libctru/lib\libctru.a(gspgpu.o)
                0x000000000010c990                GSPGPU_SetLcdForceBlack
 .text.GSPGPU_AcquireRight
                0x000000000010c9c4       0x68 C:/devkitPro/libctru/lib\libctru.a(gspgpu.o)
                0x000000000010c9c4                GSPGPU_AcquireRight
 .text.GSPGPU_ReleaseRight
                0x000000000010ca2c       0x48 C:/devkitPro/libctru/lib\libctru.a(gspgpu.o)
                0x000000000010ca2c                GSPGPU_ReleaseRight
 .text.GSPGPU_ImportDisplayCaptureInfo
                0x000000000010ca74       0x7c C:/devkitPro/libctru/lib\libctru.a(gspgpu.o)
                0x000000000010ca74                GSPGPU_ImportDisplayCaptureInfo
 .text.GSPGPU_SaveVramSysArea
                0x000000000010caf0       0x2c C:/devkitPro/libctru/lib\libctru.a(gspgpu.o)
                0x000000000010caf0                GSPGPU_SaveVramSysArea
 .text.GSPGPU_RestoreVramSysArea
                0x000000000010cb1c       0x2c C:/devkitPro/libctru/lib\libctru.a(gspgpu.o)
                0x000000000010cb1c                GSPGPU_RestoreVramSysArea
 .text.aptConvertScreenForCapture
                0x000000000010cb48      0x1b0 C:/devkitPro/libctru/lib\libctru.a(apt.o)
 .text.aptDspSleep
                0x000000000010ccf8        0x8 C:/devkitPro/libctru/lib\libctru.a(apt.o)
                0x000000000010ccf8                aptDspSleep
 .text.aptDspWakeup
                0x000000000010cd00        0x4 C:/devkitPro/libctru/lib\libctru.a(apt.o)
                0x000000000010cd00                aptDspWakeup
 .text.aptDspCancel
                0x000000000010cd04        0x4 C:/devkitPro/libctru/lib\libctru.a(apt.o)
                0x000000000010cd04                aptDspCancel
 .text.aptSendCommand
                0x000000000010cd08      0x15c C:/devkitPro/libctru/lib\libctru.a(apt.o)
                0x000000000010cd08                aptSendCommand
 .text.aptExitProcess
                0x000000000010ce64       0x38 C:/devkitPro/libctru/lib\libctru.a(apt.o)
 .text.aptSetChainloader
                0x000000000010ce9c       0x50 C:/devkitPro/libctru/lib\libctru.a(apt.o)
                0x000000000010ce9c                aptSetChainloader
 .text.aptExit  0x000000000010ceec      0x2f0 C:/devkitPro/libctru/lib\libctru.a(apt.o)
                0x000000000010ceec                aptExit
 .text.aptHandleSleep
                0x000000000010d1dc       0xd8 C:/devkitPro/libctru/lib\libctru.a(apt.o)
                0x000000000010d1dc                aptHandleSleep
 .text.aptHook  0x000000000010d2b4       0x30 C:/devkitPro/libctru/lib\libctru.a(apt.o)
                0x000000000010d2b4                aptHook
 .text.aptUnhook
                0x000000000010d2e4       0x30 C:/devkitPro/libctru/lib\libctru.a(apt.o)
                0x000000000010d2e4                aptUnhook
 .text.APT_HardwareResetAsync
                0x000000000010d314       0x20 C:/devkitPro/libctru/lib\libctru.a(apt.o)
                0x000000000010d314                APT_HardwareResetAsync
 .text.APT_SleepIfShellClosed
                0x000000000010d334       0x84 C:/devkitPro/libctru/lib\libctru.a(apt.o)
                0x000000000010d334                APT_SleepIfShellClosed
 .text.aptSetSleepAllowed
                0x000000000010d3b8       0x84 C:/devkitPro/libctru/lib\libctru.a(apt.o)
                0x000000000010d3b8                aptSetSleepAllowed
 .text.APT_UnlockTransition
                0x000000000010d43c       0x84 C:/devkitPro/libctru/lib\libctru.a(apt.o)
                0x000000000010d43c                APT_UnlockTransition
 .text.aptEventHandler
                0x000000000010d4c0      0x484 C:/devkitPro/libctru/lib\libctru.a(apt.o)
 .text.APT_ReceiveParameter
                0x000000000010d944       0xb0 C:/devkitPro/libctru/lib\libctru.a(apt.o)
                0x000000000010d944                APT_ReceiveParameter
 .text.aptReceiveParameter.constprop.0
                0x000000000010d9f4       0xb0 C:/devkitPro/libctru/lib\libctru.a(apt.o)
 *fill*         0x000000000010daa4        0x4 
 .text.aptScreenTransfer
                0x000000000010daa8      0x2bc C:/devkitPro/libctru/lib\libctru.a(apt.o)
 .text.aptWaitForWakeUp.isra.0
                0x000000000010dd64      0x2d0 C:/devkitPro/libctru/lib\libctru.a(apt.o)
 .text.aptJumpToHomeMenu
                0x000000000010e034       0xf8 C:/devkitPro/libctru/lib\libctru.a(apt.o)
                0x000000000010e034                aptJumpToHomeMenu
 .text.aptMainLoop
                0x000000000010e12c       0x4c C:/devkitPro/libctru/lib\libctru.a(apt.o)
                0x000000000010e12c                aptMainLoop
 .text.aptInit  0x000000000010e178      0x234 C:/devkitPro/libctru/lib\libctru.a(apt.o)
                0x000000000010e178                aptInit
 .text.APT_CheckNew3DS
                0x000000000010e3ac       0x7c C:/devkitPro/libctru/lib\libctru.a(apt.o)
                0x000000000010e3ac                APT_CheckNew3DS
 .text.APT_GetSharedFont
                0x000000000010e428       0x48 C:/devkitPro/libctru/lib\libctru.a(apt.o)
                0x000000000010e428                APT_GetSharedFont
 .text.hidShouldUseIrrst
                0x000000000010e470       0x24 C:/devkitPro/libctru/lib\libctru.a(hid.o)
                0x000000000010e470                hidShouldUseIrrst
 .text.hidInit  0x000000000010e494      0x18c C:/devkitPro/libctru/lib\libctru.a(hid.o)
                0x000000000010e494                hidInit
 .text.hidExit  0x000000000010e620       0xe8 C:/devkitPro/libctru/lib\libctru.a(hid.o)
                0x000000000010e620                hidExit
 .text.hidScanInput
                0x000000000010e708      0x294 C:/devkitPro/libctru/lib\libctru.a(hid.o)
                0x000000000010e708                hidScanInput
 .text.hidKeysHeld
                0x000000000010e99c       0x10 C:/devkitPro/libctru/lib\libctru.a(hid.o)
                0x000000000010e99c                hidKeysHeld
 .text.hidKeysDown
                0x000000000010e9ac       0x10 C:/devkitPro/libctru/lib\libctru.a(hid.o)
                0x000000000010e9ac                hidKeysDown
 .text.hidTouchRead
                0x000000000010e9bc       0x18 C:/devkitPro/libctru/lib\libctru.a(hid.o)
                0x000000000010e9bc                hidTouchRead
 .text.hidCircleRead
                0x000000000010e9d4       0x18 C:/devkitPro/libctru/lib\libctru.a(hid.o)
                0x000000000010e9d4                hidCircleRead
 .text.srvPmGetSessionHandle
                0x000000000010e9ec        0xc C:/devkitPro/libctru/lib\libctru.a(srvpm.o)
                0x000000000010e9ec                srvPmGetSessionHandle
 .text.ptmSysmInit
                0x000000000010e9f8       0x74 C:/devkitPro/libctru/lib\libctru.a(ptmsysm.o)
                0x000000000010e9f8                ptmSysmInit
 .text.ptmSysmExit
                0x000000000010ea6c       0x3c C:/devkitPro/libctru/lib\libctru.a(ptmsysm.o)
                0x000000000010ea6c                ptmSysmExit
 .text.PTMSYSM_ConfigureNew3DSCPU
                0x000000000010eaa8       0x34 C:/devkitPro/libctru/lib\libctru.a(ptmsysm.o)
                0x000000000010eaa8                PTMSYSM_ConfigureNew3DSCPU
 .text.fsInit   0x000000000010eadc       0xc8 C:/devkitPro/libctru/lib\libctru.a(fs.o)
                0x000000000010eadc                fsInit
 .text.fsExit   0x000000000010eba4       0x3c C:/devkitPro/libctru/lib\libctru.a(fs.o)
                0x000000000010eba4                fsExit
 .text.fsExemptFromSession
                0x000000000010ebe0       0x60 C:/devkitPro/libctru/lib\libctru.a(fs.o)
                0x000000000010ebe0                fsExemptFromSession
 .text.fsUnexemptFromSession
                0x000000000010ec40       0x50 C:/devkitPro/libctru/lib\libctru.a(fs.o)
                0x000000000010ec40                fsUnexemptFromSession
 .text.FSUSER_OpenFile
                0x000000000010ec90       0xcc C:/devkitPro/libctru/lib\libctru.a(fs.o)
                0x000000000010ec90                FSUSER_OpenFile
 .text.FSUSER_DeleteFile
                0x000000000010ed5c       0xbc C:/devkitPro/libctru/lib\libctru.a(fs.o)
                0x000000000010ed5c                FSUSER_DeleteFile
 .text.FSUSER_RenameFile
                0x000000000010ee18       0xf8 C:/devkitPro/libctru/lib\libctru.a(fs.o)
                0x000000000010ee18                FSUSER_RenameFile
 .text.FSUSER_DeleteDirectory
                0x000000000010ef10       0xbc C:/devkitPro/libctru/lib\libctru.a(fs.o)
                0x000000000010ef10                FSUSER_DeleteDirectory
 .text.FSUSER_CreateFile
                0x000000000010efcc       0xd4 C:/devkitPro/libctru/lib\libctru.a(fs.o)
                0x000000000010efcc                FSUSER_CreateFile
 .text.FSUSER_CreateDirectory
                0x000000000010f0a0       0xc4 C:/devkitPro/libctru/lib\libctru.a(fs.o)
                0x000000000010f0a0                FSUSER_CreateDirectory
 .text.FSUSER_RenameDirectory
                0x000000000010f164       0xf8 C:/devkitPro/libctru/lib\libctru.a(fs.o)
                0x000000000010f164                FSUSER_RenameDirectory
 .text.FSUSER_OpenDirectory
                0x000000000010f25c       0xb4 C:/devkitPro/libctru/lib\libctru.a(fs.o)
                0x000000000010f25c                FSUSER_OpenDirectory
 .text.FSUSER_OpenArchive
                0x000000000010f310       0x94 C:/devkitPro/libctru/lib\libctru.a(fs.o)
                0x000000000010f310                FSUSER_OpenArchive
 .text.FSUSER_CloseArchive
                0x000000000010f3a4       0x8c C:/devkitPro/libctru/lib\libctru.a(fs.o)
                0x000000000010f3a4                FSUSER_CloseArchive
 .text.FSUSER_GetSdmcArchiveResource
                0x000000000010f430       0x74 C:/devkitPro/libctru/lib\libctru.a(fs.o)
                0x000000000010f430                FSUSER_GetSdmcArchiveResource
 .text.FSUSER_IsSdmcWritable
                0x000000000010f4a4       0x64 C:/devkitPro/libctru/lib\libctru.a(fs.o)
                0x000000000010f4a4                FSUSER_IsSdmcWritable
 .text.FSFILE_Read
                0x000000000010f508       0x58 C:/devkitPro/libctru/lib\libctru.a(fs.o)
                0x000000000010f508                FSFILE_Read
 .text.FSFILE_Write
                0x000000000010f560       0x60 C:/devkitPro/libctru/lib\libctru.a(fs.o)
                0x000000000010f560                FSFILE_Write
 .text.FSFILE_GetSize
                0x000000000010f5c0       0x38 C:/devkitPro/libctru/lib\libctru.a(fs.o)
                0x000000000010f5c0                FSFILE_GetSize
 .text.FSFILE_SetSize
                0x000000000010f5f8       0x28 C:/devkitPro/libctru/lib\libctru.a(fs.o)
                0x000000000010f5f8                FSFILE_SetSize
 .text.FSFILE_Close
                0x000000000010f620       0x3c C:/devkitPro/libctru/lib\libctru.a(fs.o)
                0x000000000010f620                FSFILE_Close
 .text.FSFILE_Flush
                0x000000000010f65c       0x24 C:/devkitPro/libctru/lib\libctru.a(fs.o)
                0x000000000010f65c                FSFILE_Flush
 .text.FSDIR_Read
                0x000000000010f680       0x50 C:/devkitPro/libctru/lib\libctru.a(fs.o)
                0x000000000010f680                FSDIR_Read
 .text.FSDIR_Close
                0x000000000010f6d0       0x3c C:/devkitPro/libctru/lib\libctru.a(fs.o)
                0x000000000010f6d0                FSDIR_Close
 .text.rbtree_init
                0x000000000010f70c       0x10 C:/devkitPro/libctru/lib\libctru.a(rbtree_init.o)
                0x000000000010f70c                rbtree_init
 .text.do_insert
                0x000000000010f71c      0x1a0 C:/devkitPro/libctru/lib\libctru.a(rbtree_insert.o)
 .text.rbtree_insert
                0x000000000010f8bc        0x8 C:/devkitPro/libctru/lib\libctru.a(rbtree_insert.o)
                0x000000000010f8bc                rbtree_insert
 .text.rbtree_rotate
                0x000000000010f8c4       0x90 C:/devkitPro/libctru/lib\libctru.a(rbtree_rotate.o)
                0x000000000010f8c4                rbtree_rotate
 .text.rbtree_remove
                0x000000000010f954      0x338 C:/devkitPro/libctru/lib\libctru.a(rbtree_remove.o)
                0x000000000010f954                rbtree_remove
 .text.rbtree_find
                0x000000000010fc8c       0x74 C:/devkitPro/libctru/lib\libctru.a(rbtree_find.o)
                0x000000000010fc8c                rbtree_find
 .text.utf16_to_utf8
                0x000000000010fd00       0xe8 C:/devkitPro/libctru/lib\libctru.a(utf16_to_utf8.o)
                0x000000000010fd00                utf16_to_utf8
 .text.decode_utf16
                0x000000000010fde8       0x64 C:/devkitPro/libctru/lib\libctru.a(decode_utf16.o)
                0x000000000010fde8                decode_utf16
 .text.decode_utf8
                0x000000000010fe4c      0x13c C:/devkitPro/libctru/lib\libctru.a(decode_utf8.o)
                0x000000000010fe4c                decode_utf8
 .text.utf8_to_utf16
                0x000000000010ff88       0xc0 C:/devkitPro/libctru/lib\libctru.a(utf8_to_utf16.o)
                0x000000000010ff88                utf8_to_utf16
 .text.__system_allocateHeaps
                0x0000000000110048      0x1e0 C:/devkitPro/libctru/lib\libctru.a(allocateHeaps.o)
                0x0000000000110048                __system_allocateHeaps
 .text.__libctru_init
                0x0000000000110228       0x38 C:/devkitPro/libctru/lib\libctru.a(ctru_init.o)
                0x0000000000110228                __libctru_init
 .text.__system_initArgv
                0x0000000000110260       0xf0 C:/devkitPro/libctru/lib\libctru.a(initArgv.o)
                0x0000000000110260                __system_initArgv
 .text.svcControlMemory
                0x0000000000110350       0x20 C:/devkitPro/libctru/lib\libctru.a(svc.o)
                0x0000000000110350                svcControlMemory
 .text.svcQueryMemory
                0x0000000000110370       0x30 C:/devkitPro/libctru/lib\libctru.a(svc.o)
                0x0000000000110370                svcQueryMemory
 .text.svcExitProcess
                0x00000000001103a0        0x8 C:/devkitPro/libctru/lib\libctru.a(svc.o)
                0x00000000001103a0                svcExitProcess
 .text.svcCreateThread
                0x00000000001103a8       0x20 C:/devkitPro/libctru/lib\libctru.a(svc.o)
                0x00000000001103a8                svcCreateThread
 .text.svcExitThread
                0x00000000001103c8        0x8 C:/devkitPro/libctru/lib\libctru.a(svc.o)
                0x00000000001103c8                svcExitThread
 .text.svcSleepThread
                0x00000000001103d0        0x8 C:/devkitPro/libctru/lib\libctru.a(svc.o)
                0x00000000001103d0                svcSleepThread
 .text.svcReleaseMutex
                0x00000000001103d8        0x8 C:/devkitPro/libctru/lib\libctru.a(svc.o)
                0x00000000001103d8                svcReleaseMutex
 .text.svcCreateEvent
                0x00000000001103e0       0x14 C:/devkitPro/libctru/lib\libctru.a(svc.o)
                0x00000000001103e0                svcCreateEvent
 .text.svcSignalEvent
                0x00000000001103f4        0x8 C:/devkitPro/libctru/lib\libctru.a(svc.o)
                0x00000000001103f4                svcSignalEvent
 .text.svcClearEvent
                0x00000000001103fc        0x8 C:/devkitPro/libctru/lib\libctru.a(svc.o)
                0x00000000001103fc                svcClearEvent
 .text.svcMapMemoryBlock
                0x0000000000110404        0x8 C:/devkitPro/libctru/lib\libctru.a(svc.o)
                0x0000000000110404                svcMapMemoryBlock
 .text.svcUnmapMemoryBlock
                0x000000000011040c        0x8 C:/devkitPro/libctru/lib\libctru.a(svc.o)
                0x000000000011040c                svcUnmapMemoryBlock
 .text.svcCreateAddressArbiter
                0x0000000000110414       0x14 C:/devkitPro/libctru/lib\libctru.a(svc.o)
                0x0000000000110414                svcCreateAddressArbiter
 .text.svcArbitrateAddressNoTimeout
                0x0000000000110428        0x8 C:/devkitPro/libctru/lib\libctru.a(svc.o)
                0x0000000000110428                svcArbitrateAddressNoTimeout
 .text.svcCloseHandle
                0x0000000000110430        0x8 C:/devkitPro/libctru/lib\libctru.a(svc.o)
                0x0000000000110430                svcCloseHandle
 .text.svcWaitSynchronization
                0x0000000000110438        0x8 C:/devkitPro/libctru/lib\libctru.a(svc.o)
                0x0000000000110438                svcWaitSynchronization
 .text.svcWaitSynchronizationN
                0x0000000000110440       0x28 C:/devkitPro/libctru/lib\libctru.a(svc.o)
                0x0000000000110440                svcWaitSynchronizationN
 .text.svcDuplicateHandle
                0x0000000000110468       0x14 C:/devkitPro/libctru/lib\libctru.a(svc.o)
                0x0000000000110468                svcDuplicateHandle
 .text.svcGetSystemTick
                0x000000000011047c        0x8 C:/devkitPro/libctru/lib\libctru.a(svc.o)
                0x000000000011047c                svcGetSystemTick
 .text.svcConnectToPort
                0x0000000000110484       0x14 C:/devkitPro/libctru/lib\libctru.a(svc.o)
                0x0000000000110484                svcConnectToPort
 .text.svcSendSyncRequest
                0x0000000000110498        0x8 C:/devkitPro/libctru/lib\libctru.a(svc.o)
                0x0000000000110498                svcSendSyncRequest
 .text.svcGetResourceLimit
                0x00000000001104a0       0x14 C:/devkitPro/libctru/lib\libctru.a(svc.o)
                0x00000000001104a0                svcGetResourceLimit
 .text.svcGetResourceLimitLimitValues
                0x00000000001104b4        0x8 C:/devkitPro/libctru/lib\libctru.a(svc.o)
                0x00000000001104b4                svcGetResourceLimitLimitValues
 .text.svcGetResourceLimitCurrentValues
                0x00000000001104bc        0x8 C:/devkitPro/libctru/lib\libctru.a(svc.o)
                0x00000000001104bc                svcGetResourceLimitCurrentValues
 .text.svcBreak
                0x00000000001104c4        0x8 C:/devkitPro/libctru/lib\libctru.a(svc.o)
                0x00000000001104c4                svcBreak
 .text.initSystem
                0x00000000001104cc       0x50 C:/devkitPro/libctru/lib\libctru.a(stack_adjust.o)
                0x00000000001104cc                initSystem
 .text.__ctru_exit
                0x000000000011051c       0x18 C:/devkitPro/libctru/lib\libctru.a(stack_adjust.o)
                0x000000000011051c                __ctru_exit
 .text.__aeabi_read_tp
                0x0000000000110534        0xc C:/devkitPro/libctru/lib\libctru.a(readtp.o)
                0x0000000000110534                __aeabi_read_tp
 .text.__sync_init
                0x0000000000110540        0xc C:/devkitPro/libctru/lib\libctru.a(synchronization.o)
                0x0000000000110540                __sync_init
 .text.__sync_fini
                0x000000000011054c       0x18 C:/devkitPro/libctru/lib\libctru.a(synchronization.o)
                0x000000000011054c                __sync_fini
 .text.syncArbitrateAddress
                0x0000000000110564       0x2c C:/devkitPro/libctru/lib\libctru.a(synchronization.o)
                0x0000000000110564                syncArbitrateAddress
 .text.LightLock_Init
                0x0000000000110590       0x1c C:/devkitPro/libctru/lib\libctru.a(synchronization.o)
                0x0000000000110590                LightLock_Init
 .text.LightLock_Lock
                0x00000000001105ac       0x94 C:/devkitPro/libctru/lib\libctru.a(synchronization.o)
                0x00000000001105ac                LightLock_Lock
 .text.LightLock_TryLock
                0x0000000000110640       0x44 C:/devkitPro/libctru/lib\libctru.a(synchronization.o)
                0x0000000000110640                LightLock_TryLock
 .text.LightLock_Unlock
                0x0000000000110684       0x40 C:/devkitPro/libctru/lib\libctru.a(synchronization.o)
                0x0000000000110684                LightLock_Unlock
 .text.RecursiveLock_Init
                0x00000000001106c4       0x24 C:/devkitPro/libctru/lib\libctru.a(synchronization.o)
                0x00000000001106c4                RecursiveLock_Init
 .text.RecursiveLock_Lock
                0x00000000001106e8       0x30 C:/devkitPro/libctru/lib\libctru.a(synchronization.o)
                0x00000000001106e8                RecursiveLock_Lock
 .text.RecursiveLock_TryLock
                0x0000000000110718       0x78 C:/devkitPro/libctru/lib\libctru.a(synchronization.o)
                0x0000000000110718                RecursiveLock_TryLock
 .text.RecursiveLock_Unlock
                0x0000000000110790       0x54 C:/devkitPro/libctru/lib\libctru.a(synchronization.o)
                0x0000000000110790                RecursiveLock_Unlock
 .text.LightEvent_Init
                0x00000000001107e4       0x40 C:/devkitPro/libctru/lib\libctru.a(synchronization.o)
                0x00000000001107e4                LightEvent_Init
 .text.LightEvent_Clear
                0x0000000000110824       0xa4 C:/devkitPro/libctru/lib\libctru.a(synchronization.o)
                0x0000000000110824                LightEvent_Clear
 .text.LightEvent_Signal
                0x00000000001108c8       0xc8 C:/devkitPro/libctru/lib\libctru.a(synchronization.o)
                0x00000000001108c8                LightEvent_Signal
 .text.LightEvent_TryWait
                0x0000000000110990       0x58 C:/devkitPro/libctru/lib\libctru.a(synchronization.o)
                0x0000000000110990                LightEvent_TryWait
 .text.LightEvent_Wait
                0x00000000001109e8       0xb0 C:/devkitPro/libctru/lib\libctru.a(synchronization.o)
                0x00000000001109e8                LightEvent_Wait
 .text.envGetHandle
                0x0000000000110a98       0x84 C:/devkitPro/libctru/lib\libctru.a(env.o)
                0x0000000000110a98                envGetHandle
 .text.envDestroyHandles
                0x0000000000110b1c       0x50 C:/devkitPro/libctru/lib\libctru.a(env.o)
                0x0000000000110b1c                envDestroyHandles
 .text.threadCreate
                0x0000000000110b6c      0x188 C:/devkitPro/libctru/lib\libctru.a(thread.o)
                0x0000000000110b6c                threadCreate
 .text.threadFree
                0x0000000000110cf4       0x2c C:/devkitPro/libctru/lib\libctru.a(thread.o)
                0x0000000000110cf4                threadFree
 .text.threadJoin
                0x0000000000110d20       0x24 C:/devkitPro/libctru/lib\libctru.a(thread.o)
                0x0000000000110d20                threadJoin
 .text.threadGetCurrent
                0x0000000000110d44       0x30 C:/devkitPro/libctru/lib\libctru.a(thread.o)
                0x0000000000110d44                threadGetCurrent
 .text.threadExit
                0x0000000000110d74       0x40 C:/devkitPro/libctru/lib\libctru.a(thread.o)
                0x0000000000110d74                threadExit
 .text._thread_begin
                0x0000000000110db4       0x44 C:/devkitPro/libctru/lib\libctru.a(thread.o)
 .text.mappableFindAddressWithin
                0x0000000000110df8       0x94 C:/devkitPro/libctru/lib\libctru.a(mappable.o)
 .text.mappableInit
                0x0000000000110e8c       0x28 C:/devkitPro/libctru/lib\libctru.a(mappable.o)
                0x0000000000110e8c                mappableInit
 .text.mappableAlloc
                0x0000000000110eb4       0x80 C:/devkitPro/libctru/lib\libctru.a(mappable.o)
                0x0000000000110eb4                mappableAlloc
 .text.mappableFree
                0x0000000000110f34        0x4 C:/devkitPro/libctru/lib\libctru.a(mappable.o)
                0x0000000000110f34                mappableFree
 .text.irrstInit
                0x0000000000110f38      0x160 C:/devkitPro/libctru/lib\libctru.a(irrst.o)
                0x0000000000110f38                irrstInit
 .text.irrstExit
                0x0000000000111098       0xcc C:/devkitPro/libctru/lib\libctru.a(irrst.o)
                0x0000000000111098                irrstExit
 .text.irrstScanInput
                0x0000000000111164       0xb0 C:/devkitPro/libctru/lib\libctru.a(irrst.o)
                0x0000000000111164                irrstScanInput
 .text.irrstKeysHeld
                0x0000000000111214       0x24 C:/devkitPro/libctru/lib\libctru.a(irrst.o)
                0x0000000000111214                irrstKeysHeld
 .text.rbtree_node_next
                0x0000000000111238       0x50 C:/devkitPro/libctru/lib\libctru.a(rbtree_iterator.o)
                0x0000000000111238                rbtree_node_next
 .text.encode_utf16
                0x0000000000111288       0x60 C:/devkitPro/libctru/lib\libctru.a(encode_utf16.o)
                0x0000000000111288                encode_utf16
 .text.encode_utf8
                0x00000000001112e8       0xfc C:/devkitPro/libctru/lib\libctru.a(encode_utf8.o)
                0x00000000001112e8                encode_utf8
 .text.__appInit
                0x00000000001113e4       0x30 C:/devkitPro/libctru/lib\libctru.a(appInit.o)
                0x00000000001113e4                __appInit
 .text.__libctru_nanosleep
                0x0000000000111414       0x30 C:/devkitPro/libctru/lib\libctru.a(syscalls.o)
 .text.__libctru_get_reent
                0x0000000000111444       0x30 C:/devkitPro/libctru/lib\libctru.a(syscalls.o)
 .text.__system_initSyscalls
                0x0000000000111474       0xf8 C:/devkitPro/libctru/lib\libctru.a(syscalls.o)
                0x0000000000111474                __system_initSyscalls
 .text.__appExit
                0x000000000011156c       0x30 C:/devkitPro/libctru/lib\libctru.a(appExit.o)
                0x000000000011156c                __appExit
 .text.__libctru_exit
                0x000000000011159c       0x90 C:/devkitPro/libctru/lib\libctru.a(ctru_exit.o)
                0x000000000011159c                __libctru_exit
 .text.archive_link
                0x000000000011162c       0x14 C:/devkitPro/libctru/lib\libctru.a(archive_dev.o)
 .text.archive_dirreset
                0x0000000000111640       0x14 C:/devkitPro/libctru/lib\libctru.a(archive_dev.o)
 .text.archive_chmod
                0x0000000000111654       0x14 C:/devkitPro/libctru/lib\libctru.a(archive_dev.o)
 .text.error_cmp
                0x0000000000111668       0x24 C:/devkitPro/libctru/lib\libctru.a(archive_dev.o)
 .text.archive_translate_error
                0x000000000011168c       0x50 C:/devkitPro/libctru/lib\libctru.a(archive_dev.o)
 .text.archive_seek
                0x00000000001116dc       0xd4 C:/devkitPro/libctru/lib\libctru.a(archive_dev.o)
 .text._archiveInit.part.0
                0x00000000001117b0       0x7c C:/devkitPro/libctru/lib\libctru.a(archive_dev.o)
 .text.archiveFindDevice.part.0
                0x000000000011182c       0x8c C:/devkitPro/libctru/lib\libctru.a(archive_dev.o)
 .text.archive_utf16path
                0x00000000001118b8      0x294 C:/devkitPro/libctru/lib\libctru.a(archive_dev.o)
 .text._archiveUnmountDeviceStruct.part.0
                0x0000000000111b4c       0xa0 C:/devkitPro/libctru/lib\libctru.a(archive_dev.o)
 .text.archive_fchmod
                0x0000000000111bec       0x14 C:/devkitPro/libctru/lib\libctru.a(archive_dev.o)
 .text.archive_statvfs
                0x0000000000111c00       0x14 C:/devkitPro/libctru/lib\libctru.a(archive_dev.o)
 .text._archiveMountDevice
                0x0000000000111c14      0x158 C:/devkitPro/libctru/lib\libctru.a(archive_dev.o)
 .text.archive_diropen
                0x0000000000111d6c       0xe8 C:/devkitPro/libctru/lib\libctru.a(archive_dev.o)
 .text.archive_fstat
                0x0000000000111e54       0xa4 C:/devkitPro/libctru/lib\libctru.a(archive_dev.o)
 .text.archive_close
                0x0000000000111ef8       0x6c C:/devkitPro/libctru/lib\libctru.a(archive_dev.o)
 .text.archive_fsync
                0x0000000000111f64       0x6c C:/devkitPro/libctru/lib\libctru.a(archive_dev.o)
 .text.archive_dirclose
                0x0000000000111fd0       0x70 C:/devkitPro/libctru/lib\libctru.a(archive_dev.o)
 .text.sdmc_statvfs
                0x0000000000112040       0xe8 C:/devkitPro/libctru/lib\libctru.a(archive_dev.o)
 .text.archive_ftruncate
                0x0000000000112128       0x80 C:/devkitPro/libctru/lib\libctru.a(archive_dev.o)
 .text.archive_chdir
                0x00000000001121a8       0xfc C:/devkitPro/libctru/lib\libctru.a(archive_dev.o)
 .text.archive_read
                0x00000000001122a4       0xb0 C:/devkitPro/libctru/lib\libctru.a(archive_dev.o)
 .text.archive_unlink
                0x0000000000112354       0xac C:/devkitPro/libctru/lib\libctru.a(archive_dev.o)
 .text.archive_rmdir
                0x0000000000112400       0xc8 C:/devkitPro/libctru/lib\libctru.a(archive_dev.o)
 .text.archive_mkdir
                0x00000000001124c8       0xec C:/devkitPro/libctru/lib\libctru.a(archive_dev.o)
 .text.archive_stat
                0x00000000001125b4      0x1a8 C:/devkitPro/libctru/lib\libctru.a(archive_dev.o)
 .text.archive_rename
                0x000000000011275c      0x184 C:/devkitPro/libctru/lib\libctru.a(archive_dev.o)
 .text.archive_dirnext
                0x00000000001128e0      0x168 C:/devkitPro/libctru/lib\libctru.a(archive_dev.o)
 .text.archive_write
                0x0000000000112a48      0x12c C:/devkitPro/libctru/lib\libctru.a(archive_dev.o)
 .text.archive_open
                0x0000000000112b74      0x1f0 C:/devkitPro/libctru/lib\libctru.a(archive_dev.o)
 .text.archiveMountSdmc
                0x0000000000112d64      0x1a4 C:/devkitPro/libctru/lib\libctru.a(archive_dev.o)
                0x0000000000112d64                archiveMountSdmc
 .text.archiveUnmountAll
                0x0000000000112f08       0x54 C:/devkitPro/libctru/lib\libctru.a(archive_dev.o)
                0x0000000000112f08                archiveUnmountAll
 .text.ceilf    0x0000000000112f5c       0xb8 c:/devkitpro/devkitarm/bin/../lib/gcc/arm-none-eabi/11.1.0/../../../../arm-none-eabi/lib/armv6k/fpu\libm.a(lib_a-sf_ceil.o)
                0x0000000000112f5c                ceilf
 .text.sqrtf    0x0000000000113014       0x50 c:/devkitpro/devkitarm/bin/../lib/gcc/arm-none-eabi/11.1.0/../../../../arm-none-eabi/lib/armv6k/fpu\libm.a(lib_a-wf_sqrt.o)
                0x0000000000113014                sqrtf
 .text.__ieee754_sqrtf
                0x0000000000113064        0x8 c:/devkitpro/devkitarm/bin/../lib/gcc/arm-none-eabi/11.1.0/../../../../arm-none-eabi/lib/armv6k/fpu\libm.a(lib_a-ef_sqrt.o)
                0x0000000000113064                __ieee754_sqrtf
 .text.__udivmoddi4
                0x000000000011306c      0x120 c:/devkitpro/devkitarm/bin/../lib/gcc/arm-none-eabi/11.1.0/armv6k/fpu\libgcc.a(_udivmoddi4.o)
                0x000000000011306c                __udivmoddi4
 .text.bsearch  0x000000000011318c       0x78 c:/devkitpro/devkitarm/bin/../lib/gcc/arm-none-eabi/11.1.0/../../../../arm-none-eabi/lib/armv6k/fpu\libg.a(lib_a-bsearch.o)
                0x000000000011318c                bsearch
 .text.calloc   0x0000000000113204       0x28 c:/devkitpro/devkitarm/bin/../lib/gcc/arm-none-eabi/11.1.0/../../../../arm-none-eabi/lib/armv6k/fpu\libg.a(lib_a-calloc.o)
                0x0000000000113204                calloc
 .text._calloc_r
                0x000000000011322c       0xbc c:/devkitpro/devkitarm/bin/../lib/gcc/arm-none-eabi/11.1.0/../../../../arm-none-eabi/lib/armv6k/fpu\libg.a(lib_a-callocr.o)
                0x000000000011322c                _calloc_r
 .text.__errno  0x00000000001132e8        0xc c:/devkitpro/devkitarm/bin/../lib/gcc/arm-none-eabi/11.1.0/../../../../arm-none-eabi/lib/armv6k/fpu\libg.a(lib_a-errno.o)
                0x00000000001132e8                __errno
 .text.exit     0x00000000001132f4       0x34 c:/devkitpro/devkitarm/bin/../lib/gcc/arm-none-eabi/11.1.0/../../../../arm-none-eabi/lib/armv6k/fpu\libg.a(lib_a-exit.o)
                0x00000000001132f4                exit
 .text._fclose_r
                0x0000000000113328      0x160 c:/devkitpro/devkitarm/bin/../lib/gcc/arm-none-eabi/11.1.0/../../../../arm-none-eabi/lib/armv6k/fpu\libg.a(lib_a-fclose.o)
                0x0000000000113328                _fclose_r
 .text.__sflush_r
                0x0000000000113488      0x258 c:/devkitpro/devkitarm/bin/../lib/gcc/arm-none-eabi/11.1.0/../../../../arm-none-eabi/lib/armv6k/fpu\libg.a(lib_a-fflush.o)
                0x0000000000113488                __sflush_r
 .text._fflush_r
                0x00000000001136e0       0x94 c:/devkitpro/devkitarm/bin/../lib/gcc/arm-none-eabi/11.1.0/../../../../arm-none-eabi/lib/armv6k/fpu\libg.a(lib_a-fflush.o)
                0x00000000001136e0                _fflush_r
 .text._cleanup_r
                0x0000000000113774        0xc c:/devkitpro/devkitarm/bin/../lib/gcc/arm-none-eabi/11.1.0/../../../../arm-none-eabi/lib/armv6k/fpu\libg.a(lib_a-findfp.o)
                0x0000000000113774                _cleanup_r
 .text.__sinit  0x0000000000113780      0x184 c:/devkitpro/devkitarm/bin/../lib/gcc/arm-none-eabi/11.1.0/../../../../arm-none-eabi/lib/armv6k/fpu\libg.a(lib_a-findfp.o)
                0x0000000000113780                __sinit
 .text.__sfp_lock_acquire
                0x0000000000113904        0xc c:/devkitpro/devkitarm/bin/../lib/gcc/arm-none-eabi/11.1.0/../../../../arm-none-eabi/lib/armv6k/fpu\libg.a(lib_a-findfp.o)
                0x0000000000113904                __sfp_lock_acquire
 .text.__sfp_lock_release
                0x0000000000113910        0xc c:/devkitpro/devkitarm/bin/../lib/gcc/arm-none-eabi/11.1.0/../../../../arm-none-eabi/lib/armv6k/fpu\libg.a(lib_a-findfp.o)
                0x0000000000113910                __sfp_lock_release
 .text.__libc_fini_array
                0x000000000011391c       0x3c c:/devkitpro/devkitarm/bin/../lib/gcc/arm-none-eabi/11.1.0/../../../../arm-none-eabi/lib/armv6k/fpu\libg.a(lib_a-fini.o)
                0x000000000011391c                __libc_fini_array
 .text._malloc_trim_r
                0x0000000000113958       0xf8 c:/devkitpro/devkitarm/bin/../lib/gcc/arm-none-eabi/11.1.0/../../../../arm-none-eabi/lib/armv6k/fpu\libg.a(lib_a-freer.o)
                0x0000000000113958                _malloc_trim_r
 .text._free_r  0x0000000000113a50      0x2e4 c:/devkitpro/devkitarm/bin/../lib/gcc/arm-none-eabi/11.1.0/../../../../arm-none-eabi/lib/armv6k/fpu\libg.a(lib_a-freer.o)
                0x0000000000113a50                _free_r
 .text._fwalk_reent
                0x0000000000113d34       0x70 c:/devkitpro/devkitarm/bin/../lib/gcc/arm-none-eabi/11.1.0/../../../../arm-none-eabi/lib/armv6k/fpu\libg.a(lib_a-fwalk.o)
                0x0000000000113d34                _fwalk_reent
 .text.__libc_init_array
                0x0000000000113da4       0x7c c:/devkitpro/devkitarm/bin/../lib/gcc/arm-none-eabi/11.1.0/../../../../arm-none-eabi/lib/armv6k/fpu\libg.a(lib_a-init.o)
                0x0000000000113da4                __libc_init_array
 .text.__smakebuf_r
                0x0000000000113e20      0x138 c:/devkitpro/devkitarm/bin/../lib/gcc/arm-none-eabi/11.1.0/../../../../arm-none-eabi/lib/armv6k/fpu\libg.a(lib_a-makebuf.o)
                0x0000000000113e20                __smakebuf_r
 .text.__swhatbuf_r
                0x0000000000113f58       0x8c c:/devkitpro/devkitarm/bin/../lib/gcc/arm-none-eabi/11.1.0/../../../../arm-none-eabi/lib/armv6k/fpu\libg.a(lib_a-makebuf.o)
                0x0000000000113f58                __swhatbuf_r
 .text.memalign
                0x0000000000113fe4       0x28 c:/devkitpro/devkitarm/bin/../lib/gcc/arm-none-eabi/11.1.0/../../../../arm-none-eabi/lib/armv6k/fpu\libg.a(lib_a-malign.o)
                0x0000000000113fe4                memalign
 .text._memalign_r
                0x000000000011400c      0x150 c:/devkitpro/devkitarm/bin/../lib/gcc/arm-none-eabi/11.1.0/../../../../arm-none-eabi/lib/armv6k/fpu\libg.a(lib_a-malignr.o)
                0x000000000011400c                _memalign_r
 .text.malloc   0x000000000011415c       0x20 c:/devkitpro/devkitarm/bin/../lib/gcc/arm-none-eabi/11.1.0/../../../../arm-none-eabi/lib/armv6k/fpu\libg.a(lib_a-malloc.o)
                0x000000000011415c                malloc
 .text.free     0x000000000011417c       0x20 c:/devkitpro/devkitarm/bin/../lib/gcc/arm-none-eabi/11.1.0/../../../../arm-none-eabi/lib/armv6k/fpu\libg.a(lib_a-malloc.o)
                0x000000000011417c                free
 .text._malloc_r
                0x000000000011419c      0x7e0 c:/devkitpro/devkitarm/bin/../lib/gcc/arm-none-eabi/11.1.0/../../../../arm-none-eabi/lib/armv6k/fpu\libg.a(lib_a-mallocr.o)
                0x000000000011419c                _malloc_r
 .text.memchr   0x000000000011497c       0xe0 c:/devkitpro/devkitarm/bin/../lib/gcc/arm-none-eabi/11.1.0/../../../../arm-none-eabi/lib/armv6k/fpu\libg.a(lib_a-memchr-stub.o)
                0x000000000011497c                memchr
 .text.memcpy   0x0000000000114a5c      0x11c c:/devkitpro/devkitarm/bin/../lib/gcc/arm-none-eabi/11.1.0/../../../../arm-none-eabi/lib/armv6k/fpu\libg.a(lib_a-memcpy-stub.o)
                0x0000000000114a5c                memcpy
 .text.memset   0x0000000000114b78      0x118 c:/devkitpro/devkitarm/bin/../lib/gcc/arm-none-eabi/11.1.0/../../../../arm-none-eabi/lib/armv6k/fpu\libg.a(lib_a-memset.o)
                0x0000000000114b78                memset
 .text.__malloc_lock
                0x0000000000114c90        0xc c:/devkitpro/devkitarm/bin/../lib/gcc/arm-none-eabi/11.1.0/../../../../arm-none-eabi/lib/armv6k/fpu\libg.a(lib_a-mlock.o)
                0x0000000000114c90                __malloc_lock
 .text.__malloc_unlock
                0x0000000000114c9c        0xc c:/devkitpro/devkitarm/bin/../lib/gcc/arm-none-eabi/11.1.0/../../../../arm-none-eabi/lib/armv6k/fpu\libg.a(lib_a-mlock.o)
                0x0000000000114c9c                __malloc_unlock
 .text.qsort    0x0000000000114ca8      0x958 c:/devkitpro/devkitarm/bin/../lib/gcc/arm-none-eabi/11.1.0/../../../../arm-none-eabi/lib/armv6k/fpu\libg.a(lib_a-qsort.o)
                0x0000000000114ca8                qsort
 .text.realloc  0x0000000000115600       0x28 c:/devkitpro/devkitarm/bin/../lib/gcc/arm-none-eabi/11.1.0/../../../../arm-none-eabi/lib/armv6k/fpu\libg.a(lib_a-realloc.o)
                0x0000000000115600                realloc
 .text._realloc_r
                0x0000000000115628      0x558 c:/devkitpro/devkitarm/bin/../lib/gcc/arm-none-eabi/11.1.0/../../../../arm-none-eabi/lib/armv6k/fpu\libg.a(lib_a-reallocr.o)
                0x0000000000115628                _realloc_r
 .text.setvbuf  0x0000000000115b80      0x260 c:/devkitpro/devkitarm/bin/../lib/gcc/arm-none-eabi/11.1.0/../../../../arm-none-eabi/lib/armv6k/fpu\libg.a(lib_a-setvbuf.o)
                0x0000000000115b80                setvbuf
 .text.sprintf  0x0000000000115de0       0x64 c:/devkitpro/devkitarm/bin/../lib/gcc/arm-none-eabi/11.1.0/../../../../arm-none-eabi/lib/armv6k/fpu\libg.a(lib_a-sprintf.o)
                0x0000000000115de0                sprintf
 .text.sscanf   0x0000000000115e44       0x74 c:/devkitpro/devkitarm/bin/../lib/gcc/arm-none-eabi/11.1.0/../../../../arm-none-eabi/lib/armv6k/fpu\libg.a(lib_a-sscanf.o)
                0x0000000000115e44                sscanf
 .text.__sread  0x0000000000115eb8       0x44 c:/devkitpro/devkitarm/bin/../lib/gcc/arm-none-eabi/11.1.0/../../../../arm-none-eabi/lib/armv6k/fpu\libg.a(lib_a-stdio.o)
                0x0000000000115eb8                __sread
 .text.__seofread
                0x0000000000115efc        0x8 c:/devkitpro/devkitarm/bin/../lib/gcc/arm-none-eabi/11.1.0/../../../../arm-none-eabi/lib/armv6k/fpu\libg.a(lib_a-stdio.o)
                0x0000000000115efc                __seofread
 .text.__swrite
                0x0000000000115f04       0x68 c:/devkitpro/devkitarm/bin/../lib/gcc/arm-none-eabi/11.1.0/../../../../arm-none-eabi/lib/armv6k/fpu\libg.a(lib_a-stdio.o)
                0x0000000000115f04                __swrite
 .text.__sseek  0x0000000000115f6c       0x48 c:/devkitpro/devkitarm/bin/../lib/gcc/arm-none-eabi/11.1.0/../../../../arm-none-eabi/lib/armv6k/fpu\libg.a(lib_a-stdio.o)
                0x0000000000115f6c                __sseek
 .text.__sclose
                0x0000000000115fb4        0x8 c:/devkitpro/devkitarm/bin/../lib/gcc/arm-none-eabi/11.1.0/../../../../arm-none-eabi/lib/armv6k/fpu\libg.a(lib_a-stdio.o)
                0x0000000000115fb4                __sclose
 .text.strchr   0x0000000000115fbc      0x12c c:/devkitpro/devkitarm/bin/../lib/gcc/arm-none-eabi/11.1.0/../../../../arm-none-eabi/lib/armv6k/fpu\libg.a(lib_a-strchr.o)
                0x0000000000115fbc                strchr
 .text.strlen   0x00000000001160e8       0x5c c:/devkitpro/devkitarm/bin/../lib/gcc/arm-none-eabi/11.1.0/../../../../arm-none-eabi/lib/armv6k/fpu\libg.a(lib_a-strlen-stub.o)
                0x00000000001160e8                strlen
 .text.strncat  0x0000000000116144       0xec c:/devkitpro/devkitarm/bin/../lib/gcc/arm-none-eabi/11.1.0/../../../../arm-none-eabi/lib/armv6k/fpu\libg.a(lib_a-strncat.o)
                0x0000000000116144                strncat
 .text.strncmp  0x0000000000116230       0xdc c:/devkitpro/devkitarm/bin/../lib/gcc/arm-none-eabi/11.1.0/../../../../arm-none-eabi/lib/armv6k/fpu\libg.a(lib_a-strncmp.o)
                0x0000000000116230                strncmp
 .text.strncpy  0x000000000011630c       0xc0 c:/devkitpro/devkitarm/bin/../lib/gcc/arm-none-eabi/11.1.0/../../../../arm-none-eabi/lib/armv6k/fpu\libg.a(lib_a-strncpy.o)
                0x000000000011630c                strncpy
 .text.strnlen  0x00000000001163cc       0x48 c:/devkitpro/devkitarm/bin/../lib/gcc/arm-none-eabi/11.1.0/../../../../arm-none-eabi/lib/armv6k/fpu\libg.a(lib_a-strnlen.o)
                0x00000000001163cc                strnlen
 .text.get_arg  0x0000000000116414      0x628 c:/devkitpro/devkitarm/bin/../lib/gcc/arm-none-eabi/11.1.0/../../../../arm-none-eabi/lib/armv6k/fpu\libg.a(lib_a-svfprintf.o)
 *fill*         0x0000000000116a3c        0x4 
 .text._svfprintf_r
                0x0000000000116a40     0x35b8 c:/devkitpro/devkitarm/bin/../lib/gcc/arm-none-eabi/11.1.0/../../../../arm-none-eabi/lib/armv6k/fpu\libg.a(lib_a-svfprintf.o)
                0x0000000000116a40                _svfprintf_r
 .text.get_arg  0x0000000000119ff8       0x50 c:/devkitpro/devkitarm/bin/../lib/gcc/arm-none-eabi/11.1.0/../../../../arm-none-eabi/lib/armv6k/fpu\libg.a(lib_a-svfscanf.o)
 .text.__ssvfscanf_r
                0x000000000011a048     0x2bbc c:/devkitpro/devkitarm/bin/../lib/gcc/arm-none-eabi/11.1.0/../../../../arm-none-eabi/lib/armv6k/fpu\libg.a(lib_a-svfscanf.o)
                0x000000000011a048                __ssvfscanf_r
 .text.get_arg  0x000000000011cc04      0x628 c:/devkitpro/devkitarm/bin/../lib/gcc/arm-none-eabi/11.1.0/../../../../arm-none-eabi/lib/armv6k/fpu\libg.a(lib_a-vfiprintf.o)
 .text.__sprint_r
                0x000000000011d22c       0x30 c:/devkitpro/devkitarm/bin/../lib/gcc/arm-none-eabi/11.1.0/../../../../arm-none-eabi/lib/armv6k/fpu\libg.a(lib_a-vfiprintf.o)
                0x000000000011d22c                __sprint_r
 .text._vfiprintf_r
                0x000000000011d25c     0x233c c:/devkitpro/devkitarm/bin/../lib/gcc/arm-none-eabi/11.1.0/../../../../arm-none-eabi/lib/armv6k/fpu\libg.a(lib_a-vfiprintf.o)
                0x000000000011d25c                _vfiprintf_r
 .text.__sbprintf
                0x000000000011f598       0xd4 c:/devkitpro/devkitarm/bin/../lib/gcc/arm-none-eabi/11.1.0/../../../../arm-none-eabi/lib/armv6k/fpu\libg.a(lib_a-vfiprintf.o)
 .text._wcrtomb_r
                0x000000000011f66c       0x54 c:/devkitpro/devkitarm/bin/../lib/gcc/arm-none-eabi/11.1.0/../../../../arm-none-eabi/lib/armv6k/fpu\libg.a(lib_a-wcrtomb.o)
                0x000000000011f66c                _wcrtomb_r
 .text._wcsrtombs_r
                0x000000000011f6c0       0x28 c:/devkitpro/devkitarm/bin/../lib/gcc/arm-none-eabi/11.1.0/../../../../arm-none-eabi/lib/armv6k/fpu\libg.a(lib_a-wcsrtombs.o)
                0x000000000011f6c0                _wcsrtombs_r
 .text.__swsetup_r
                0x000000000011f6e8      0x154 c:/devkitpro/devkitarm/bin/../lib/gcc/arm-none-eabi/11.1.0/../../../../arm-none-eabi/lib/armv6k/fpu\libg.a(lib_a-wsetup.o)
                0x000000000011f6e8                __swsetup_r
 .text.__call_exitprocs
                0x000000000011f83c      0x114 c:/devkitpro/devkitarm/bin/../lib/gcc/arm-none-eabi/11.1.0/../../../../arm-none-eabi/lib/armv6k/fpu\libg.a(lib_a-__call_atexit.o)
                0x000000000011f83c                __call_exitprocs
 .text.quorem   0x000000000011f950      0x1ac c:/devkitpro/devkitarm/bin/../lib/gcc/arm-none-eabi/11.1.0/../../../../arm-none-eabi/lib/armv6k/fpu\libg.a(lib_a-dtoa.o)
 *fill*         0x000000000011fafc        0x4 
 .text._dtoa_r  0x000000000011fb00     0x12cc c:/devkitpro/devkitarm/bin/../lib/gcc/arm-none-eabi/11.1.0/../../../../arm-none-eabi/lib/armv6k/fpu\libg.a(lib_a-dtoa.o)
                0x000000000011fb00                _dtoa_r
 .text.__sfvwrite_r
                0x0000000000120dcc      0x4c0 c:/devkitpro/devkitarm/bin/../lib/gcc/arm-none-eabi/11.1.0/../../../../arm-none-eabi/lib/armv6k/fpu\libg.a(lib_a-fvwrite.o)
                0x0000000000120dcc                __sfvwrite_r
 .text.iswspace
                0x000000000012128c        0x8 c:/devkitpro/devkitarm/bin/../lib/gcc/arm-none-eabi/11.1.0/../../../../arm-none-eabi/lib/armv6k/fpu\libg.a(lib_a-iswspace.o)
                0x000000000012128c                iswspace
 .text._localeconv_r
                0x0000000000121294        0xc c:/devkitpro/devkitarm/bin/../lib/gcc/arm-none-eabi/11.1.0/../../../../arm-none-eabi/lib/armv6k/fpu\libg.a(lib_a-localeconv.o)
                0x0000000000121294                _localeconv_r
 .text.__locale_mb_cur_max
                0x00000000001212a0       0x10 c:/devkitpro/devkitarm/bin/../lib/gcc/arm-none-eabi/11.1.0/../../../../arm-none-eabi/lib/armv6k/fpu\libg.a(lib_a-locale.o)
                0x00000000001212a0                __locale_mb_cur_max
 .text._mbrtowc_r
                0x00000000001212b0       0x68 c:/devkitpro/devkitarm/bin/../lib/gcc/arm-none-eabi/11.1.0/../../../../arm-none-eabi/lib/armv6k/fpu\libg.a(lib_a-mbrtowc.o)
                0x00000000001212b0                _mbrtowc_r
 .text.__utf8_mbtowc
                0x0000000000121318      0x2e4 c:/devkitpro/devkitarm/bin/../lib/gcc/arm-none-eabi/11.1.0/../../../../arm-none-eabi/lib/armv6k/fpu\libg.a(lib_a-mbtowc_r.o)
                0x0000000000121318                __utf8_mbtowc
 .text.memmove  0x00000000001215fc      0x154 c:/devkitpro/devkitarm/bin/../lib/gcc/arm-none-eabi/11.1.0/../../../../arm-none-eabi/lib/armv6k/fpu\libg.a(lib_a-memmove.o)
                0x00000000001215fc                memmove
 .text._Balloc  0x0000000000121750       0x88 c:/devkitpro/devkitarm/bin/../lib/gcc/arm-none-eabi/11.1.0/../../../../arm-none-eabi/lib/armv6k/fpu\libg.a(lib_a-mprec.o)
                0x0000000000121750                _Balloc
 .text._Bfree   0x00000000001217d8       0x1c c:/devkitpro/devkitarm/bin/../lib/gcc/arm-none-eabi/11.1.0/../../../../arm-none-eabi/lib/armv6k/fpu\libg.a(lib_a-mprec.o)
                0x00000000001217d8                _Bfree
 .text.__multadd
                0x00000000001217f4       0xf4 c:/devkitpro/devkitarm/bin/../lib/gcc/arm-none-eabi/11.1.0/../../../../arm-none-eabi/lib/armv6k/fpu\libg.a(lib_a-mprec.o)
                0x00000000001217f4                __multadd
 .text.__s2b    0x00000000001218e8      0x110 c:/devkitpro/devkitarm/bin/../lib/gcc/arm-none-eabi/11.1.0/../../../../arm-none-eabi/lib/armv6k/fpu\libg.a(lib_a-mprec.o)
                0x00000000001218e8                __s2b
 .text.__hi0bits
                0x00000000001219f8       0x58 c:/devkitpro/devkitarm/bin/../lib/gcc/arm-none-eabi/11.1.0/../../../../arm-none-eabi/lib/armv6k/fpu\libg.a(lib_a-mprec.o)
                0x00000000001219f8                __hi0bits
 .text.__lo0bits
                0x0000000000121a50       0x94 c:/devkitpro/devkitarm/bin/../lib/gcc/arm-none-eabi/11.1.0/../../../../arm-none-eabi/lib/armv6k/fpu\libg.a(lib_a-mprec.o)
                0x0000000000121a50                __lo0bits
 .text.__i2b    0x0000000000121ae4       0xa4 c:/devkitpro/devkitarm/bin/../lib/gcc/arm-none-eabi/11.1.0/../../../../arm-none-eabi/lib/armv6k/fpu\libg.a(lib_a-mprec.o)
                0x0000000000121ae4                __i2b
 .text.__multiply
                0x0000000000121b88      0x204 c:/devkitpro/devkitarm/bin/../lib/gcc/arm-none-eabi/11.1.0/../../../../arm-none-eabi/lib/armv6k/fpu\libg.a(lib_a-mprec.o)
                0x0000000000121b88                __multiply
 .text.__pow5mult
                0x0000000000121d8c      0x120 c:/devkitpro/devkitarm/bin/../lib/gcc/arm-none-eabi/11.1.0/../../../../arm-none-eabi/lib/armv6k/fpu\libg.a(lib_a-mprec.o)
                0x0000000000121d8c                __pow5mult
 .text.__lshift
                0x0000000000121eac      0x13c c:/devkitpro/devkitarm/bin/../lib/gcc/arm-none-eabi/11.1.0/../../../../arm-none-eabi/lib/armv6k/fpu\libg.a(lib_a-mprec.o)
                0x0000000000121eac                __lshift
 .text.__mcmp   0x0000000000121fe8       0x58 c:/devkitpro/devkitarm/bin/../lib/gcc/arm-none-eabi/11.1.0/../../../../arm-none-eabi/lib/armv6k/fpu\libg.a(lib_a-mprec.o)
                0x0000000000121fe8                __mcmp
 .text.__mdiff  0x0000000000122040      0x1cc c:/devkitpro/devkitarm/bin/../lib/gcc/arm-none-eabi/11.1.0/../../../../arm-none-eabi/lib/armv6k/fpu\libg.a(lib_a-mprec.o)
                0x0000000000122040                __mdiff
 .text.__ulp    0x000000000012220c       0x74 c:/devkitpro/devkitarm/bin/../lib/gcc/arm-none-eabi/11.1.0/../../../../arm-none-eabi/lib/armv6k/fpu\libg.a(lib_a-mprec.o)
                0x000000000012220c                __ulp
 .text.__b2d    0x0000000000122280       0xd0 c:/devkitpro/devkitarm/bin/../lib/gcc/arm-none-eabi/11.1.0/../../../../arm-none-eabi/lib/armv6k/fpu\libg.a(lib_a-mprec.o)
                0x0000000000122280                __b2d
 .text.__d2b    0x0000000000122350      0x124 c:/devkitpro/devkitarm/bin/../lib/gcc/arm-none-eabi/11.1.0/../../../../arm-none-eabi/lib/armv6k/fpu\libg.a(lib_a-mprec.o)
                0x0000000000122350                __d2b
 .text.__ratio  0x0000000000122474       0x78 c:/devkitpro/devkitarm/bin/../lib/gcc/arm-none-eabi/11.1.0/../../../../arm-none-eabi/lib/armv6k/fpu\libg.a(lib_a-mprec.o)
                0x0000000000122474                __ratio
 .text.__copybits
                0x00000000001224ec       0x88 c:/devkitpro/devkitarm/bin/../lib/gcc/arm-none-eabi/11.1.0/../../../../arm-none-eabi/lib/armv6k/fpu\libg.a(lib_a-mprec.o)
                0x00000000001224ec                __copybits
 .text.__any_on
                0x0000000000122574       0x5c c:/devkitpro/devkitarm/bin/../lib/gcc/arm-none-eabi/11.1.0/../../../../arm-none-eabi/lib/armv6k/fpu\libg.a(lib_a-mprec.o)
                0x0000000000122574                __any_on
 .text.__sccl   0x00000000001225d0       0xe4 c:/devkitpro/devkitarm/bin/../lib/gcc/arm-none-eabi/11.1.0/../../../../arm-none-eabi/lib/armv6k/fpu\libg.a(lib_a-sccl.o)
                0x00000000001225d0                __sccl
 .text.nanf     0x00000000001226b4        0xc c:/devkitpro/devkitarm/bin/../lib/gcc/arm-none-eabi/11.1.0/../../../../arm-none-eabi/lib/armv6k/fpu\libg.a(lib_a-sf_nan.o)
                0x00000000001226b4                nanf
 .text.frexp    0x00000000001226c0       0xa8 c:/devkitpro/devkitarm/bin/../lib/gcc/arm-none-eabi/11.1.0/../../../../arm-none-eabi/lib/armv6k/fpu\libg.a(lib_a-s_frexp.o)
                0x00000000001226c0                frexp
 .text.stpncpy  0x0000000000122768       0xb8 c:/devkitpro/devkitarm/bin/../lib/gcc/arm-none-eabi/11.1.0/../../../../arm-none-eabi/lib/armv6k/fpu\libg.a(lib_a-stpncpy.o)
                0x0000000000122768                stpncpy
 .text._strtod_l
                0x0000000000122820     0x1368 c:/devkitpro/devkitarm/bin/../lib/gcc/arm-none-eabi/11.1.0/../../../../arm-none-eabi/lib/armv6k/fpu\libg.a(lib_a-strtod.o)
                0x0000000000122820                _strtod_l
 .text._strtod_r
                0x0000000000123b88        0xc c:/devkitpro/devkitarm/bin/../lib/gcc/arm-none-eabi/11.1.0/../../../../arm-none-eabi/lib/armv6k/fpu\libg.a(lib_a-strtod.o)
                0x0000000000123b88                _strtod_r
 .text._strtoll_l.constprop.0
                0x0000000000123b94      0x22c c:/devkitpro/devkitarm/bin/../lib/gcc/arm-none-eabi/11.1.0/../../../../arm-none-eabi/lib/armv6k/fpu\libg.a(lib_a-strtoll.o)
 .text._strtoll_r
                0x0000000000123dc0        0x4 c:/devkitpro/devkitarm/bin/../lib/gcc/arm-none-eabi/11.1.0/../../../../arm-none-eabi/lib/armv6k/fpu\libg.a(lib_a-strtoll.o)
                0x0000000000123dc0                _strtoll_r
 .text._strtol_l.part.0
                0x0000000000123dc4      0x1a4 c:/devkitpro/devkitarm/bin/../lib/gcc/arm-none-eabi/11.1.0/../../../../arm-none-eabi/lib/armv6k/fpu\libg.a(lib_a-strtol.o)
 .text._strtol_r
                0x0000000000123f68       0x3c c:/devkitpro/devkitarm/bin/../lib/gcc/arm-none-eabi/11.1.0/../../../../arm-none-eabi/lib/armv6k/fpu\libg.a(lib_a-strtol.o)
                0x0000000000123f68                _strtol_r
 .text._strtoull_l.constprop.0
                0x0000000000123fa4      0x244 c:/devkitpro/devkitarm/bin/../lib/gcc/arm-none-eabi/11.1.0/../../../../arm-none-eabi/lib/armv6k/fpu\libg.a(lib_a-strtoull.o)
 .text._strtoull_r
                0x00000000001241e8        0x4 c:/devkitpro/devkitarm/bin/../lib/gcc/arm-none-eabi/11.1.0/../../../../arm-none-eabi/lib/armv6k/fpu\libg.a(lib_a-strtoull.o)
                0x00000000001241e8                _strtoull_r
 .text._strtoul_l.constprop.0
                0x00000000001241ec      0x1c4 c:/devkitpro/devkitarm/bin/../lib/gcc/arm-none-eabi/11.1.0/../../../../arm-none-eabi/lib/armv6k/fpu\libg.a(lib_a-strtoul.o)
 .text._strtoul_r
                0x00000000001243b0        0x4 c:/devkitpro/devkitarm/bin/../lib/gcc/arm-none-eabi/11.1.0/../../../../arm-none-eabi/lib/armv6k/fpu\libg.a(lib_a-strtoul.o)
                0x00000000001243b0                _strtoul_r
 .text.__ssprint_r
                0x00000000001243b4      0x190 c:/devkitpro/devkitarm/bin/../lib/gcc/arm-none-eabi/11.1.0/../../../../arm-none-eabi/lib/armv6k/fpu\libg.a(lib_a-svfiprintf.o)
                0x00000000001243b4                __ssprint_r
 .text._sungetc_r
                0x0000000000124544       0xe0 c:/devkitpro/devkitarm/bin/../lib/gcc/arm-none-eabi/11.1.0/../../../../arm-none-eabi/lib/armv6k/fpu\libg.a(lib_a-svfiscanf.o)
                0x0000000000124544                _sungetc_r
 .text.__ssrefill_r
                0x0000000000124624       0x6c c:/devkitpro/devkitarm/bin/../lib/gcc/arm-none-eabi/11.1.0/../../../../arm-none-eabi/lib/armv6k/fpu\libg.a(lib_a-svfiscanf.o)
                0x0000000000124624                __ssrefill_r
 .text._sfread_r
                0x0000000000124690       0xc8 c:/devkitpro/devkitarm/bin/../lib/gcc/arm-none-eabi/11.1.0/../../../../arm-none-eabi/lib/armv6k/fpu\libg.a(lib_a-svfiscanf.o)
                0x0000000000124690                _sfread_r
 .text.__submore
                0x0000000000124758       0xa8 c:/devkitpro/devkitarm/bin/../lib/gcc/arm-none-eabi/11.1.0/../../../../arm-none-eabi/lib/armv6k/fpu\libg.a(lib_a-ungetc.o)
                0x0000000000124758                __submore
 .text._wcsnrtombs_l
                0x0000000000124800      0x190 c:/devkitpro/devkitarm/bin/../lib/gcc/arm-none-eabi/11.1.0/../../../../arm-none-eabi/lib/armv6k/fpu\libg.a(lib_a-wcsnrtombs.o)
                0x0000000000124800                _wcsnrtombs_l
 .text._wcsnrtombs_r
                0x0000000000124990       0x4c c:/devkitpro/devkitarm/bin/../lib/gcc/arm-none-eabi/11.1.0/../../../../arm-none-eabi/lib/armv6k/fpu\libg.a(lib_a-wcsnrtombs.o)
                0x0000000000124990                _wcsnrtombs_r
 .text.__utf8_wctomb
                0x00000000001249dc       0xf0 c:/devkitpro/devkitarm/bin/../lib/gcc/arm-none-eabi/11.1.0/../../../../arm-none-eabi/lib/armv6k/fpu\libg.a(lib_a-wctomb_r.o)
                0x00000000001249dc                __utf8_wctomb
 .text.__assert_func
                0x0000000000124acc       0x54 c:/devkitpro/devkitarm/bin/../lib/gcc/arm-none-eabi/11.1.0/../../../../arm-none-eabi/lib/armv6k/fpu\libg.a(lib_a-assert.o)
                0x0000000000124acc                __assert_func
 .text.fiprintf
                0x0000000000124b20       0x3c c:/devkitpro/devkitarm/bin/../lib/gcc/arm-none-eabi/11.1.0/../../../../arm-none-eabi/lib/armv6k/fpu\libg.a(lib_a-fiprintf.o)