Archive member included to satisfy reference by file (symbol)

C:/devkitPro/libctru/lib\libcitro2d.a(base.o)
                              main.o (C2D_Init)
C:/devkitPro/libctru/lib\libcitro2d.a(text.o)
                              main.o (C2D_TextBufNew)
C:/devkitPro/libctru/lib\libcitro2d.a(font.o)
                              C:/devkitPro/libctru/lib\libcitro2d.a(text.o) (C2D_FontGlyphIndexFromCodePoint)
C:/devkitPro/libctru/lib\libcitro2d.a(render2d.shbin.o)
                              C:/devkitPro/libctru/lib\libcitro2d.a(base.o) (render2d_shbin)
C:/devkitPro/libctru/lib\libcitro3d.a(base.o)
                              main.o (C3D_Init)
C:/devkitPro/libctru/lib\libcitro3d.a(renderqueue.o)
                              C:/devkitPro/libctru/lib\libcitro3d.a(base.o) (C3Di_RenderQueueEnableVBlank)
C:/devkitPro/libctru/lib\libcitro3d.a(texture.o)
                              C:/devkitPro/libctru/lib\libcitro2d.a(base.o) (C3D_TexBind)
C:/devkitPro/libctru/lib\libcitro3d.a(framebuffer.o)
                              C:/devkitPro/libctru/lib\libcitro3d.a(renderqueue.o) (C3D_CalcColorBufSize)
C:/devkitPro/libctru/lib\libcitro3d.a(texenv.o)
                              C:/devkitPro/libctru/lib\libcitro2d.a(base.o) (C3D_GetTexEnv)
C:/devkitPro/libctru/lib\libcitro3d.a(proctex.o)
                              C:/devkitPro/libctru/lib\libcitro2d.a(base.o) (C3D_ProcTexInit)
C:/devkitPro/libctru/lib\libcitro3d.a(buffers.o)
                              C:/devkitPro/libctru/lib\libcitro2d.a(base.o) (BufInfo_Init)
C:/devkitPro/libctru/lib\libcitro3d.a(drawArrays.o)
                              C:/devkitPro/libctru/lib\libcitro2d.a(base.o) (C3D_DrawArrays)
C:/devkitPro/libctru/lib\libcitro3d.a(effect.o)
                              C:/devkitPro/libctru/lib\libcitro3d.a(base.o) (C3D_DepthMap)
C:/devkitPro/libctru/lib\libcitro3d.a(attribs.o)
                              C:/devkitPro/libctru/lib\libcitro2d.a(base.o) (AttrInfo_Init)
C:/devkitPro/libctru/lib\libcitro3d.a(immediate.o)
                              C:/devkitPro/libctru/lib\libcitro3d.a(base.o) (C3D_ImmSendAttrib)
C:/devkitPro/libctru/lib\libcitro3d.a(uniforms.o)
                              C:/devkitPro/libctru/lib\libcitro3d.a(base.o) (C3D_UpdateUniforms)
C:/devkitPro/libctru/lib\libcitro3d.a(mtx_ortho.o)
                              C:/devkitPro/libctru/lib\libcitro2d.a(base.o) (Mtx_Ortho)
C:/devkitPro/libctru/lib\libcitro3d.a(mtx_scale.o)
                              C:/devkitPro/libctru/lib\libcitro2d.a(base.o) (Mtx_Scale)
C:/devkitPro/libctru/lib\libcitro3d.a(mtx_multiply.o)
                              C:/devkitPro/libctru/lib\libcitro2d.a(base.o) (Mtx_Multiply)
C:/devkitPro/libctru/lib\libcitro3d.a(mtx_orthotilt.o)
                              C:/devkitPro/libctru/lib\libcitro2d.a(base.o) (Mtx_OrthoTilt)
C:/devkitPro/libctru/lib\libcitro3d.a(mtx_translate.o)
                              C:/devkitPro/libctru/lib\libcitro2d.a(base.o) (Mtx_Translate)
C:/devkitPro/libctru/lib\libcitro3d.a(mtx_rotatez.o)
                              C:/devkitPro/libctru/lib\libcitro2d.a(base.o) (Mtx_RotateZ)
C:/devkitPro/libctru/lib\libctru.a(vram.o)
                              C:/devkitPro/libctru/lib\libcitro3d.a(renderqueue.o) (vramAlloc)
C:/devkitPro/libctru/lib\libctru.a(linear.o)
                              C:/devkitPro/libctru/lib\libcitro2d.a(base.o) (linearAlloc)
C:/devkitPro/libctru/lib\libctru.a(mem_pool.o)
                              C:/devkitPro/libctru/lib\libctru.a(vram.o) (MemPool::Allocate(MemChunk&, unsigned long, int))
C:/devkitPro/libctru/lib\libctru.a(romfs_dev.o)
                              C:/devkitPro/libctru/lib\libcitro2d.a(font.o) (romfsMountFromTitle)
C:/devkitPro/libctru/lib\libctru.a(os.o)
                              C:/devkitPro/libctru/lib\libcitro3d.a(texture.o) (osConvertVirtToPhys)
C:/devkitPro/libctru/lib\libctru.a(path_buf.o)
                              C:/devkitPro/libctru/lib\libctru.a(romfs_dev.o) (__ctru_dev_utf16_buf)
C:/devkitPro/libctru/lib\libctru.a(font.o)
                              C:/devkitPro/libctru/lib\libcitro2d.a(text.o) (fontEnsureMapped)
C:/devkitPro/libctru/lib\libctru.a(srv.o)
                              main.o (srvInit)
C:/devkitPro/libctru/lib\libctru.a(gfx.o)
                              main.o (gfxSet3D)
C:/devkitPro/libctru/lib\libctru.a(shaderProgram.o)
                              C:/devkitPro/libctru/lib\libcitro2d.a(base.o) (shaderInstanceGetUniformLocation)
C:/devkitPro/libctru/lib\libctru.a(shbin.o)
                              C:/devkitPro/libctru/lib\libcitro2d.a(base.o) (DVLB_ParseFile)
C:/devkitPro/libctru/lib\libctru.a(gx.o)
                              C:/devkitPro/libctru/lib\libcitro3d.a(renderqueue.o) (GX_BindQueue)
C:/devkitPro/libctru/lib\libctru.a(gxqueue.o)
                              C:/devkitPro/libctru/lib\libcitro3d.a(renderqueue.o) (gxCmdQueueClear)
C:/devkitPro/libctru/lib\libctru.a(gpu.o)
[...]
Memory Configuration

Name             Origin             Length             Attributes
*default*        0x0000000000000000 0xffffffffffffffff

Linker script and memory map

                0x0000000000100000                PROVIDE (__start__ = 0x100000)
                0x0000000000100000                . = __start__

.text           0x0000000000100000    0x1ed1c
 *(.crt0)
 .crt0          0x0000000000100000       0x94 c:/devkitpro/devkitarm/bin/../lib/gcc/arm-none-eabi/11.1.0/../../../../arm-none-eabi/lib/armv6k/fpu/3dsx_crt0.o
                0x0000000000100000                _start
                0x0000000000100008                __service_ptr
                0x000000000010000c                __apt_appid
                0x0000000000100010                __heap_size
                0x0000000000100014                __linear_heap_size
                0x0000000000100018                __system_arglist
                0x000000000010001c                __system_runflags
 *(.init)
 .init          0x0000000000100094        0xc c:/devkitpro/devkitarm/bin/../lib/gcc/arm-none-eabi/11.1.0/armv6k/fpu/crti.o
                0x0000000000100094                _init
 .init          0x00000000001000a0        0xc c:/devkitpro/devkitarm/bin/../lib/gcc/arm-none-eabi/11.1.0/armv6k/fpu/crtn.o
                0x00000000001000ac                . = ALIGN (0x4)
 *(.text)
 .text          0x00000000001000ac      0x20c c:/devkitpro/devkitarm/bin/../lib/gcc/arm-none-eabi/11.1.0/armv6k/fpu\libgcc.a(_udivsi3.o)
                0x00000000001000ac                __aeabi_uidiv
                0x00000000001000ac                __udivsi3
                0x0000000000100298                __aeabi_uidivmod
 .text          0x00000000001002b8      0x240 c:/devkitpro/devkitarm/bin/../lib/gcc/arm-none-eabi/11.1.0/armv6k/fpu\libgcc.a(_divsi3.o)
                0x00000000001002b8                __divsi3
                0x00000000001002b8                __aeabi_idiv
                0x00000000001004d8                __aeabi_idivmod
 .text          0x00000000001004f8        0x4 c:/devkitpro/devkitarm/bin/../lib/gcc/arm-none-eabi/11.1.0/armv6k/fpu\libgcc.a(_dvmd_tls.o)
                0x00000000001004f8                __aeabi_idiv0
                0x00000000001004f8                __aeabi_ldiv0
 .text          0x00000000001004fc       0xd4 c:/devkitpro/devkitarm/bin/../lib/gcc/arm-none-eabi/11.1.0/armv6k/fpu\libgcc.a(_aeabi_ldivmod.o)
                0x00000000001004fc                __aeabi_ldivmod
 .text          0x00000000001005d0       0x3c c:/devkitpro/devkitarm/bin/../lib/gcc/arm-none-eabi/11.1.0/armv6k/fpu\libgcc.a(_aeabi_uldivmod.o)
                0x00000000001005d0                __aeabi_uldivmod
 *fill*         0x000000000010060c       0x14 
 .text          0x0000000000100620      0x390 c:/devkitpro/devkitarm/bin/../lib/gcc/arm-none-eabi/11.1.0/../../../../arm-none-eabi/lib/armv6k/fpu\libg.a(lib_a-strcmp.o)
                0x0000000000100628                strcmp
 *(.text.*)
 .text.__do_global_dtors_aux
                0x00000000001009b0       0x40 c:/devkitpro/devkitarm/bin/../lib/gcc/arm-none-eabi/11.1.0/armv6k/fpu/crtbegin.o
 .text.frame_dummy
                0x00000000001009f0       0x2c c:/devkitpro/devkitarm/bin/../lib/gcc/arm-none-eabi/11.1.0/armv6k/fpu/crtbegin.o
 .text.checkButtons
                0x0000000000100a1c      0x26c buttons.o
                0x0000000000100a1c                checkButtons
 .text.mainMenuSet
                0x0000000000100c88       0x14 main.o
                0x0000000000100c88                mainMenuSet
 .text.startup.main
                0x0000000000100c9c     0x10f8 main.o
                0x0000000000100c9c                main
 .text.m_useColor
                0x0000000000101d94       0x14 mochalibs.o
                0x0000000000101d94                m_useColor
 .text.touchWithin
                0x0000000000101da8       0x40 mochalibs.o
                0x0000000000101da8                touchWithin
 .text.adv_background
                0x0000000000101de8       0x50 mochalibs.o
                0x0000000000101de8                adv_background
 .text.m_background
                0x0000000000101e38       0x60 mochalibs.o
                0x0000000000101e38                m_background
 .text.m_rect   0x0000000000101e98       0x88 mochalibs.o
                0x0000000000101e98                m_rect
 .text.m_circle
                0x0000000000101f20       0x64 mochalibs.o
                0x0000000000101f20                m_circle
 .text.rgbsTop  0x0000000000101f84       0xf4 screens.o
                0x0000000000101f84                rgbsTop
 .text.rgbsBtm  0x0000000000102078       0xec screens.o
                0x0000000000102078                rgbsBtm
 .text.drawLStick
                0x0000000000102164      0x14c sticks.o
                0x0000000000102164                drawLStick
 .text.touchPosLines
                0x00000000001022b0       0x98 touchscreen.o
                0x00000000001022b0                touchPosLines
 .text.C2Di_FrameEndHook
                0x0000000000102348       0x34 C:/devkitPro/libctru/lib\libcitro2d.a(base.o)
 *fill*         0x000000000010237c        0x4 
 .text.C2D_Init
                0x0000000000102380      0x330 C:/devkitPro/libctru/lib\libcitro2d.a(base.o)
                0x0000000000102380                C2D_Init
 .text.C2D_Fini
                0x00000000001026b0       0x44 C:/devkitPro/libctru/lib\libcitro2d.a(base.o)
                0x00000000001026b0                C2D_Fini
 .text.C2D_Prepare
                0x00000000001026f4       0xd0 C:/devkitPro/libctru/lib\libcitro2d.a(base.o)
                0x00000000001026f4                C2D_Prepare
 .text.C2D_Flush
                0x00000000001027c4       0x3c C:/devkitPro/libctru/lib\libcitro2d.a(base.o)
                0x00000000001027c4                C2D_Flush
 .text.C2D_SceneSize
                0x0000000000102800      0x108 C:/devkitPro/libctru/lib\libcitro2d.a(base.o)
                0x0000000000102800                C2D_SceneSize
 .text.C2D_CreateScreenTarget
                0x0000000000102908       0x58 C:/devkitPro/libctru/lib\libcitro2d.a(base.o)
                0x0000000000102908                C2D_CreateScreenTarget
 .text.C2D_TargetClear
                0x0000000000102960       0x58 C:/devkitPro/libctru/lib\libcitro2d.a(base.o)
                0x0000000000102960                C2D_TargetClear
 .text.C2Di_AppendVtx
                0x00000000001029b8       0x40 C:/devkitPro/libctru/lib\libcitro2d.a(base.o)
                0x00000000001029b8                C2Di_AppendVtx
 .text.C2Di_Update
                0x00000000001029f8      0x22c C:/devkitPro/libctru/lib\libcitro2d.a(base.o)
                0x00000000001029f8                C2Di_Update
 .text.C2D_DrawLine
                0x0000000000102c24      0x220 C:/devkitPro/libctru/lib\libcitro2d.a(base.o)
                0x0000000000102c24                C2D_DrawLine
 .text.C2D_DrawRectangle
                0x0000000000102e44      0x1b0 C:/devkitPro/libctru/lib\libcitro2d.a(base.o)
                0x0000000000102e44                C2D_DrawRectangle
 .text.C2D_DrawEllipse
                0x0000000000102ff4      0x1a8 C:/devkitPro/libctru/lib\libcitro2d.a(base.o)
                0x0000000000102ff4                C2D_DrawEllipse
 .text.C2Di_GlyphComp
                0x000000000010319c       0x18 C:/devkitPro/libctru/lib\libcitro2d.a(text.o)
 .text.C2Di_CalcLineWidths
                0x00000000001031b4      0x140 C:/devkitPro/libctru/lib\libcitro2d.a(text.o)
 .text.C2D_TextBufNew
                0x00000000001032f4      0x1d0 C:/devkitPro/libctru/lib\libcitro2d.a(text.o)
                0x00000000001032f4                C2D_TextBufNew
 .text.C2D_TextBufDelete
                0x00000000001034c4        0x4 C:/devkitPro/libctru/lib\libcitro2d.a(text.o)
                0x00000000001034c4                C2D_TextBufDelete
 .text.C2D_TextBufClear
                0x00000000001034c8        0xc C:/devkitPro/libctru/lib\libcitro2d.a(text.o)
                0x00000000001034c8                C2D_TextBufClear
 .text.C2D_TextFontParseLine
                0x00000000001034d4      0x1c8 C:/devkitPro/libctru/lib\libcitro2d.a(text.o)
                0x00000000001034d4                C2D_TextFontParseLine
 .text.C2D_TextFontParse
                0x000000000010369c       0xa8 C:/devkitPro/libctru/lib\libcitro2d.a(text.o)
                0x000000000010369c                C2D_TextFontParse
 .text.C2D_TextParse
                0x0000000000103744       0x14 C:/devkitPro/libctru/lib\libcitro2d.a(text.o)
                0x0000000000103744                C2D_TextParse
 .text.C2D_TextOptimize
                0x0000000000103758       0x30 C:/devkitPro/libctru/lib\libcitro2d.a(text.o)
                0x0000000000103758                C2D_TextOptimize
 .text.C2D_DrawText
                0x0000000000103788     0x10d4 C:/devkitPro/libctru/lib\libcitro2d.a(text.o)
                0x0000000000103788                C2D_DrawText
 .text.C2D_FontGlyphIndexFromCodePoint
                0x000000000010485c       0x44 C:/devkitPro/libctru/lib\libcitro2d.a(font.o)
                0x000000000010485c                C2D_FontGlyphIndexFromCodePoint
 .text.C2D_FontCalcGlyphPos
                0x00000000001048a0       0x78 C:/devkitPro/libctru/lib\libcitro2d.a(font.o)
                0x00000000001048a0                C2D_FontCalcGlyphPos
 .text.C3Di_LightEnvUpdate
                0x0000000000104918        0x4 C:/devkitPro/libctru/lib\libcitro3d.a(base.o)
                0x0000000000104918                C3Di_LightEnvUpdate
 .text.C3Di_LightEnvDirty
                0x000000000010491c        0x4 C:/devkitPro/libctru/lib\libcitro3d.a(base.o)
                0x000000000010491c                C3Di_LightEnvDirty
 .text.C3Di_AptEventHook
                0x0000000000104920       0xb4 C:/devkitPro/libctru/lib\libcitro3d.a(base.o)
 .text.C3Di_GasUpdate
                0x00000000001049d4        0x4 C:/devkitPro/libctru/lib\libcitro3d.a(base.o)
                0x00000000001049d4                C3Di_GasUpdate
 .text.C3D_Init
                0x00000000001049d8      0x1e0 C:/devkitPro/libctru/lib\libcitro3d.a(base.o)
                0x00000000001049d8                C3D_Init
 .text.C3D_SetViewport
                0x0000000000104bb8       0x98 C:/devkitPro/libctru/lib\libcitro3d.a(base.o)
                0x0000000000104bb8                C3D_SetViewport
 .text.C3Di_UpdateContext
                0x0000000000104c50      0x4ec C:/devkitPro/libctru/lib\libcitro3d.a(base.o)
                0x0000000000104c50                C3Di_UpdateContext
 .text.C3Di_SplitFrame
                0x000000000010513c       0xe0 C:/devkitPro/libctru/lib\libcitro3d.a(base.o)
                0x000000000010513c                C3Di_SplitFrame
 .text.C3D_Fini
                0x000000000010521c       0x44 C:/devkitPro/libctru/lib\libcitro3d.a(base.o)
                0x000000000010521c                C3D_Fini
 .text.C3D_BindProgram
                0x0000000000105260      0x108 C:/devkitPro/libctru/lib\libcitro3d.a(base.o)
                0x0000000000105260                C3D_BindProgram
 .text.onVBlank0
                0x0000000000105368       0x4c C:/devkitPro/libctru/lib\libcitro3d.a(renderqueue.o)
 .text.onVBlank1
                0x00000000001053b4       0x4c C:/devkitPro/libctru/lib\libcitro3d.a(renderqueue.o)
 .text.C3Di_RenderTargetDestroy
                0x0000000000105400       0x80 C:/devkitPro/libctru/lib\libcitro3d.a(renderqueue.o)
 .text.onQueueFinish
                0x0000000000105480       0xf4 C:/devkitPro/libctru/lib\libcitro3d.a(renderqueue.o)
 .text.C3Di_RenderQueueEnableVBlank
                0x0000000000105574       0x38 C:/devkitPro/libctru/lib\libcitro3d.a(renderqueue.o)
                0x0000000000105574                C3Di_RenderQueueEnableVBlank
 .text.C3Di_RenderQueueDisableVBlank
                0x00000000001055ac       0x30 C:/devkitPro/libctru/lib\libcitro3d.a(renderqueue.o)
                0x00000000001055ac                C3Di_RenderQueueDisableVBlank
 .text.C3Di_RenderQueueInit
                0x00000000001055dc       0x60 C:/devkitPro/libctru/lib\libcitro3d.a(renderqueue.o)
                0x00000000001055dc                C3Di_RenderQueueInit
 .text.C3Di_RenderQueueExit
                0x000000000010563c       0xb0 C:/devkitPro/libctru/lib\libcitro3d.a(renderqueue.o)
                0x000000000010563c                C3Di_RenderQueueExit
 .text.C3Di_RenderQueueWaitDone
                0x00000000001056ec       0x34 C:/devkitPro/libctru/lib\libcitro3d.a(renderqueue.o)
                0x00000000001056ec                C3Di_RenderQueueWaitDone
 .text.C3D_FrameBegin
                0x0000000000105720       0xe4 C:/devkitPro/libctru/lib\libcitro3d.a(renderqueue.o)
                0x0000000000105720                C3D_FrameBegin
 .text.C3D_FrameDrawOn
                0x0000000000105804       0x48 C:/devkitPro/libctru/lib\libcitro3d.a(renderqueue.o)
                0x0000000000105804                C3D_FrameDrawOn
 .text.C3D_FrameSplit
                0x000000000010584c       0x58 C:/devkitPro/libctru/lib\libcitro3d.a(renderqueue.o)
                0x000000000010584c                C3D_FrameSplit
 .text.C3D_FrameEnd
                0x00000000001058a4      0x1d8 C:/devkitPro/libctru/lib\libcitro3d.a(renderqueue.o)
                0x00000000001058a4                C3D_FrameEnd
 .text.C3D_FrameEndHook
                0x0000000000105a7c       0x1c C:/devkitPro/libctru/lib\libcitro3d.a(renderqueue.o)
                0x0000000000105a7c                C3D_FrameEndHook
 .text.C3D_RenderTargetCreate
                0x0000000000105a98      0x128 C:/devkitPro/libctru/lib\libcitro3d.a(renderqueue.o)
                0x0000000000105a98                C3D_RenderTargetCreate
 .text.C3D_RenderTargetSetOutput
                0x0000000000105bc0       0xa8 C:/devkitPro/libctru/lib\libcitro3d.a(renderqueue.o)
                0x0000000000105bc0                C3D_RenderTargetSetOutput
 .text.C3D_TexBind
                0x0000000000105c68       0x44 C:/devkitPro/libctru/lib\libcitro3d.a(texture.o)
                0x0000000000105c68                C3D_TexBind
 .text.C3Di_SetTex
                0x0000000000105cac      0x16c C:/devkitPro/libctru/lib\libcitro3d.a(texture.o)
                0x0000000000105cac                C3Di_SetTex
 .text.C3D_CalcColorBufSize
                0x0000000000105e18       0x1c C:/devkitPro/libctru/lib\libcitro3d.a(framebuffer.o)
                0x0000000000105e18                C3D_CalcColorBufSize
 .text.C3D_CalcDepthBufSize
                0x0000000000105e34       0x1c C:/devkitPro/libctru/lib\libcitro3d.a(framebuffer.o)
                0x0000000000105e34                C3D_CalcDepthBufSize
 .text.C3D_SetFrameBuf
                0x0000000000105e50       0x44 C:/devkitPro/libctru/lib\libcitro3d.a(framebuffer.o)
                0x0000000000105e50                C3D_SetFrameBuf
 .text.C3Di_FrameBufBind
                0x0000000000105e94      0x16c C:/devkitPro/libctru/lib\libcitro3d.a(framebuffer.o)
                0x0000000000105e94                C3Di_FrameBufBind
 .text.C3D_FrameBufClear
                0x0000000000106000       0xcc C:/devkitPro/libctru/lib\libcitro3d.a(framebuffer.o)
                0x0000000000106000                C3D_FrameBufClear
 .text.C3D_FrameBufTransfer
                0x00000000001060cc       0x44 C:/devkitPro/libctru/lib\libcitro3d.a(framebuffer.o)
                0x00000000001060cc                C3D_FrameBufTransfer
 .text.C3D_GetTexEnv
                0x0000000000106110       0x34 C:/devkitPro/libctru/lib\libcitro3d.a(texenv.o)
                0x0000000000106110                C3D_GetTexEnv
 .text.C3Di_TexEnvBind
                0x0000000000106144       0x24 C:/devkitPro/libctru/lib\libcitro3d.a(texenv.o)
                0x0000000000106144                C3Di_TexEnvBind
 .text.C3D_ProcTexInit
                0x0000000000106168       0x70 C:/devkitPro/libctru/lib\libcitro3d.a(proctex.o)
                0x0000000000106168                C3D_ProcTexInit
 .text.C3D_ProcTexBind
                0x00000000001061d8       0x54 C:/devkitPro/libctru/lib\libcitro3d.a(proctex.o)
                0x00000000001061d8                C3D_ProcTexBind
 .text.C3D_ProcTexLutBind
                0x000000000010622c       0x5c C:/devkitPro/libctru/lib\libcitro3d.a(proctex.o)
                0x000000000010622c                C3D_ProcTexLutBind
 .text.ProcTexLut_FromArray
                0x0000000000106288       0xa4 C:/devkitPro/libctru/lib\libcitro3d.a(proctex.o)
                0x0000000000106288                ProcTexLut_FromArray
 .text.C3Di_ProcTexUpdate
                0x000000000010632c      0x17c C:/devkitPro/libctru/lib\libcitro3d.a(proctex.o)
                0x000000000010632c                C3Di_ProcTexUpdate
 .text.C3Di_ProcTexDirty
                0x00000000001064a8       0x68 C:/devkitPro/libctru/lib\libcitro3d.a(proctex.o)
                0x00000000001064a8                C3Di_ProcTexDirty
 .text.BufInfo_Init
                0x0000000000106510       0x24 C:/devkitPro/libctru/lib\libcitro3d.a(buffers.o)
                0x0000000000106510                BufInfo_Init
 .text.BufInfo_Add
                0x0000000000106534       0x80 C:/devkitPro/libctru/lib\libcitro3d.a(buffers.o)
                0x0000000000106534                BufInfo_Add
 .text.C3D_SetBufInfo
                0x00000000001065b4       0x40 C:/devkitPro/libctru/lib\libcitro3d.a(buffers.o)
                0x00000000001065b4                C3D_SetBufInfo
 .text.C3Di_BufInfoBind
                0x00000000001065f4       0x48 C:/devkitPro/libctru/lib\libcitro3d.a(buffers.o)
                0x00000000001065f4                C3Di_BufInfoBind
 .text.C3D_DrawArrays
                0x000000000010663c      0x148 C:/devkitPro/libctru/lib\libcitro3d.a(drawArrays.o)
                0x000000000010663c                C3D_DrawArrays
 .text.C3D_DepthMap
                0x0000000000106784       0x40 C:/devkitPro/libctru/lib\libcitro3d.a(effect.o)
                0x0000000000106784                C3D_DepthMap
 .text.C3D_CullFace
                0x00000000001067c4       0x1c C:/devkitPro/libctru/lib\libcitro3d.a(effect.o)
                0x00000000001067c4                C3D_CullFace
 .text.C3D_StencilTest
                0x00000000001067e0       0x40 C:/devkitPro/libctru/lib\libcitro3d.a(effect.o)
                0x00000000001067e0                C3D_StencilTest
 .text.C3D_StencilOp
                0x0000000000106820       0x24 C:/devkitPro/libctru/lib\libcitro3d.a(effect.o)
                0x0000000000106820                C3D_StencilOp
 .text.C3D_BlendingColor
                0x0000000000106844       0x1c C:/devkitPro/libctru/lib\libcitro3d.a(effect.o)
                0x0000000000106844                C3D_BlendingColor
 .text.C3D_EarlyDepthTest
                0x0000000000106860       0x24 C:/devkitPro/libctru/lib\libcitro3d.a(effect.o)
                0x0000000000106860                C3D_EarlyDepthTest
 .text.C3D_DepthTest
                0x0000000000106884       0x2c C:/devkitPro/libctru/lib\libcitro3d.a(effect.o)
                0x0000000000106884                C3D_DepthTest
 .text.C3D_AlphaTest
                0x00000000001068b0       0x2c C:/devkitPro/libctru/lib\libcitro3d.a(effect.o)
                0x00000000001068b0                C3D_AlphaTest
 .text.C3D_AlphaBlend
                0x00000000001068dc       0x50 C:/devkitPro/libctru/lib\libcitro3d.a(effect.o)
                0x00000000001068dc                C3D_AlphaBlend
 .text.C3D_FragOpMode
                0x000000000010692c       0x30 C:/devkitPro/libctru/lib\libcitro3d.a(effect.o)
                0x000000000010692c                C3D_FragOpMode
 .text.C3D_FragOpShadow
                0x000000000010695c       0x44 C:/devkitPro/libctru/lib\libcitro3d.a(effect.o)
                0x000000000010695c                C3D_FragOpShadow
 .text.C3Di_EffectBind
                0x00000000001069a0      0x1ac C:/devkitPro/libctru/lib\libcitro3d.a(effect.o)
                0x00000000001069a0                C3Di_EffectBind
 .text.AttrInfo_Init
                0x0000000000106b4c       0x28 C:/devkitPro/libctru/lib\libcitro3d.a(attribs.o)
                0x0000000000106b4c                AttrInfo_Init
 .text.AttrInfo_AddLoader
                0x0000000000106b74       0x98 C:/devkitPro/libctru/lib\libcitro3d.a(attribs.o)
                0x0000000000106b74                AttrInfo_AddLoader
 .text.C3D_SetAttrInfo
                0x0000000000106c0c       0x54 C:/devkitPro/libctru/lib\libcitro3d.a(attribs.o)
                0x0000000000106c0c                C3D_SetAttrInfo
 .text.C3Di_AttrInfoBind
                0x0000000000106c60       0x80 C:/devkitPro/libctru/lib\libcitro3d.a(attribs.o)
                0x0000000000106c60                C3Di_AttrInfoBind
 .text.C3D_ImmSendAttrib
                0x0000000000106ce0       0xa8 C:/devkitPro/libctru/lib\libcitro3d.a(immediate.o)
                0x0000000000106ce0                C3D_ImmSendAttrib
 .text.C3D_UpdateUniforms
                0x0000000000106d88      0x29c C:/devkitPro/libctru/lib\libcitro3d.a(uniforms.o)
                0x0000000000106d88                C3D_UpdateUniforms
 .text.C3Di_DirtyUniforms
                0x0000000000107024       0xc0 C:/devkitPro/libctru/lib\libcitro3d.a(uniforms.o)
                0x0000000000107024                C3Di_DirtyUniforms
 .text.C3Di_LoadShaderUniforms
                0x00000000001070e4       0xd8 C:/devkitPro/libctru/lib\libcitro3d.a(uniforms.o)
                0x00000000001070e4                C3Di_LoadShaderUniforms
 .text.C3Di_ClearShaderUniforms
                0x00000000001071bc       0x28 C:/devkitPro/libctru/lib\libcitro3d.a(uniforms.o)
                0x00000000001071bc                C3Di_ClearShaderUniforms
 .text.Mtx_Ortho
                0x00000000001071e4       0xcc C:/devkitPro/libctru/lib\libcitro3d.a(mtx_ortho.o)
                0x00000000001071e4                Mtx_Ortho
 .text.Mtx_OrthoTilt
                0x00000000001072b0       0xcc C:/devkitPro/libctru/lib\libcitro3d.a(mtx_orthotilt.o)
                0x00000000001072b0                Mtx_OrthoTilt
 .text._ZL21addrMapNodeComparatorPK11rbtree_nodeS1_
                0x000000000010737c       0x24 C:/devkitPro/libctru/lib\libctru.a(vram.o)
 .text._ZL21addrMapNodeDestructorP11rbtree_node
                0x00000000001073a0        0x4 C:/devkitPro/libctru/lib\libctru.a(vram.o)
 .text.vramMemAlign
                0x00000000001073a4      0x114 C:/devkitPro/libctru/lib\libctru.a(vram.o)
                0x00000000001073a4                vramMemAlign
 .text.vramAlloc
                0x00000000001074b8        0x8 C:/devkitPro/libctru/lib\libctru.a(vram.o)
                0x00000000001074b8                vramAlloc
 .text.vramFree
                0x00000000001074c0       0x5c C:/devkitPro/libctru/lib\libctru.a(vram.o)
                0x00000000001074c0                vramFree
 .text._ZL21addrMapNodeComparatorPK11rbtree_nodeS1_
                0x000000000010751c       0x24 C:/devkitPro/libctru/lib\libctru.a(linear.o)
 .text._ZL21addrMapNodeDestructorP11rbtree_node
                0x0000000000107540        0x4 C:/devkitPro/libctru/lib\libctru.a(linear.o)
 .text.linearMemAlign
                0x0000000000107544      0x120 C:/devkitPro/libctru/lib\libctru.a(linear.o)
                0x0000000000107544                linearMemAlign
 .text.linearAlloc
                0x0000000000107664        0x8 C:/devkitPro/libctru/lib\libctru.a(linear.o)
                0x0000000000107664                linearAlloc
 .text.linearFree
                0x000000000010766c       0x5c C:/devkitPro/libctru/lib\libctru.a(linear.o)
                0x000000000010766c                linearFree
 .text._ZN7MemPool13CoalesceRightEP8MemBlock
                0x00000000001076c8       0x84 C:/devkitPro/libctru/lib\libctru.a(mem_pool.o)
                0x00000000001076c8                MemPool::CoalesceRight(MemBlock*)
 .text._ZN7MemPool8AllocateER8MemChunkmi
                0x000000000010774c      0x170 C:/devkitPro/libctru/lib\libctru.a(mem_pool.o)
                0x000000000010774c                MemPool::Allocate(MemChunk&, unsigned long, int)
 .text._ZN7MemPool10DeallocateERK8MemChunk
                0x00000000001078bc       0xfc C:/devkitPro/libctru/lib\libctru.a(mem_pool.o)
                0x00000000001078bc                MemPool::Deallocate(MemChunk const&)
 .text.osConvertVirtToPhys
                0x00000000001079b8       0x74 C:/devkitPro/libctru/lib\libctru.a(os.o)
                0x00000000001079b8                osConvertVirtToPhys
 .text.osGetTimeRef
                0x0000000000107a2c       0x54 C:/devkitPro/libctru/lib\libctru.a(os.o)
                0x0000000000107a2c                osGetTimeRef
 .text.osGetTime
                0x0000000000107a80       0xe4 C:/devkitPro/libctru/lib\libctru.a(os.o)
                0x0000000000107a80                osGetTime
 .text.__libctru_gtod
                0x0000000000107b64       0x74 C:/devkitPro/libctru/lib\libctru.a(os.o)
                0x0000000000107b64                __libctru_gtod
 .text.__ctru_speedup_config
                0x0000000000107bd8       0x34 C:/devkitPro/libctru/lib\libctru.a(os.o)
                0x0000000000107bd8                __ctru_speedup_config
 .text.fontEnsureMapped
                0x0000000000107c0c       0x9c C:/devkitPro/libctru/lib\libctru.a(font.o)
                0x0000000000107c0c                fontEnsureMapped
 .text.fontGlyphIndexFromCodePoint
                0x0000000000107ca8       0xfc C:/devkitPro/libctru/lib\libctru.a(font.o)
                0x0000000000107ca8                fontGlyphIndexFromCodePoint
 .text.fontGetCharWidthInfo
                0x0000000000107da4       0x6c C:/devkitPro/libctru/lib\libctru.a(font.o)
                0x0000000000107da4                fontGetCharWidthInfo
 .text.fontCalcGlyphPos
                0x0000000000107e10      0x1c0 C:/devkitPro/libctru/lib\libctru.a(font.o)
                0x0000000000107e10                fontCalcGlyphPos
 .text.srvInit  0x0000000000107fd0      0x124 C:/devkitPro/libctru/lib\libctru.a(srv.o)
                0x0000000000107fd0                srvInit
 .text.srvExit  0x00000000001080f4       0x58 C:/devkitPro/libctru/lib\libctru.a(srv.o)
                0x00000000001080f4                srvExit
 .text.srvGetServiceHandleDirect
                0x000000000010814c       0x80 C:/devkitPro/libctru/lib\libctru.a(srv.o)
                0x000000000010814c                srvGetServiceHandleDirect
 .text.srvGetServiceHandle
                0x00000000001081cc       0x48 C:/devkitPro/libctru/lib\libctru.a(srv.o)
                0x00000000001081cc                srvGetServiceHandle
 .text.srvPublishToSubscriber
                0x0000000000108214       0x38 C:/devkitPro/libctru/lib\libctru.a(srv.o)
                0x0000000000108214                srvPublishToSubscriber
 .text.gfxPresentFramebuffer
                0x000000000010824c       0xd0 C:/devkitPro/libctru/lib\libctru.a(gfx.o)
 .text.gfxSet3D
                0x000000000010831c       0x10 C:/devkitPro/libctru/lib\libctru.a(gfx.o)
                0x000000000010831c                gfxSet3D
 .text.gfxIsWide
                0x000000000010832c       0x1c C:/devkitPro/libctru/lib\libctru.a(gfx.o)
                0x000000000010832c                gfxIsWide
 .text.gfxSetScreenFormat
                0x0000000000108348       0xec C:/devkitPro/libctru/lib\libctru.a(gfx.o)
                0x0000000000108348                gfxSetScreenFormat
 .text.gfxInit  0x0000000000108434      0x108 C:/devkitPro/libctru/lib\libctru.a(gfx.o)
                0x0000000000108434                gfxInit
 .text.gfxInitDefault
                0x000000000010853c       0x10 C:/devkitPro/libctru/lib\libctru.a(gfx.o)
                0x000000000010853c                gfxInitDefault
 .text.gfxExit  0x000000000010854c       0xb4 C:/devkitPro/libctru/lib\libctru.a(gfx.o)
                0x000000000010854c                gfxExit
 .text.gfxGetFramebuffer
                0x0000000000108600       0xa0 C:/devkitPro/libctru/lib\libctru.a(gfx.o)
                0x0000000000108600                gfxGetFramebuffer
 .text.gfxScreenSwapBuffers
                0x00000000001086a0       0x30 C:/devkitPro/libctru/lib\libctru.a(gfx.o)
                0x00000000001086a0                gfxScreenSwapBuffers
 .text.shaderInstanceInit
                0x00000000001086d0      0x1e0 C:/devkitPro/libctru/lib\libctru.a(shaderProgram.o)
                0x00000000001086d0                shaderInstanceInit
 .text.shaderInstanceGetUniformLocation
                0x00000000001088b0       0x18 C:/devkitPro/libctru/lib\libctru.a(shaderProgram.o)
                0x00000000001088b0                shaderInstanceGetUniformLocation
 .text.shaderProgramInit
                0x00000000001088c8       0x1c C:/devkitPro/libctru/lib\libctru.a(shaderProgram.o)
                0x00000000001088c8                shaderProgramInit
 .text.shaderProgramFree
                0x00000000001088e4       0x64 C:/devkitPro/libctru/lib\libctru.a(shaderProgram.o)
                0x00000000001088e4                shaderProgramFree
 .text.shaderProgramSetVsh
                0x0000000000108948       0x80 C:/devkitPro/libctru/lib\libctru.a(shaderProgram.o)
                0x0000000000108948                shaderProgramSetVsh
 .text.shaderProgramConfigure
                0x00000000001089c8      0x8c0 C:/devkitPro/libctru/lib\libctru.a(shaderProgram.o)
                0x00000000001089c8                shaderProgramConfigure
 .text.DVLE_GenerateOutmap.part.0
                0x0000000000109288      0x1f8 C:/devkitPro/libctru/lib\libctru.a(shbin.o)
 .text.DVLB_ParseFile
                0x0000000000109480      0x1cc C:/devkitPro/libctru/lib\libctru.a(shbin.o)
                0x0000000000109480                DVLB_ParseFile
 .text.DVLB_Free
                0x000000000010964c       0x38 C:/devkitPro/libctru/lib\libctru.a(shbin.o)
                0x000000000010964c                DVLB_Free
 .text.DVLE_GetUniformRegister
                0x0000000000109684       0x74 C:/devkitPro/libctru/lib\libctru.a(shbin.o)
                0x0000000000109684                DVLE_GetUniformRegister
 .text.GX_BindQueue
                0x00000000001096f8       0x10 C:/devkitPro/libctru/lib\libctru.a(gx.o)
                0x00000000001096f8                GX_BindQueue
 .text.GX_ProcessCommandList
                0x0000000000109708       0x78 C:/devkitPro/libctru/lib\libctru.a(gx.o)
                0x0000000000109708                GX_ProcessCommandList
 .text.GX_MemoryFill
                0x0000000000109780       0x74 C:/devkitPro/libctru/lib\libctru.a(gx.o)
                0x0000000000109780                GX_MemoryFill
 .text.GX_DisplayTransfer
                0x00000000001097f4       0x70 C:/devkitPro/libctru/lib\libctru.a(gx.o)
                0x00000000001097f4                GX_DisplayTransfer
 .text.gxCmdQueueDoCommands.part.0
                0x0000000000109864       0x68 C:/devkitPro/libctru/lib\libctru.a(gxqueue.o)
 .text.gxCmdQueueInterrupt
                0x00000000001098cc       0xc8 C:/devkitPro/libctru/lib\libctru.a(gxqueue.o)
                0x00000000001098cc                gxCmdQueueInterrupt
 .text.gxCmdQueueClear
                0x0000000000109994       0x4c C:/devkitPro/libctru/lib\libctru.a(gxqueue.o)
                0x0000000000109994                gxCmdQueueClear
 .text.gxCmdQueueAdd
                0x00000000001099e0       0xf8 C:/devkitPro/libctru/lib\libctru.a(gxqueue.o)
                0x00000000001099e0                gxCmdQueueAdd
 .text.gxCmdQueueRun
                0x0000000000109ad8       0x80 C:/devkitPro/libctru/lib\libctru.a(gxqueue.o)
                0x0000000000109ad8                gxCmdQueueRun
 .text.gxCmdQueueStop
                0x0000000000109b58       0x60 C:/devkitPro/libctru/lib\libctru.a(gxqueue.o)
                0x0000000000109b58                gxCmdQueueStop
 .text.gxCmdQueueWait
                0x0000000000109bb8       0x74 C:/devkitPro/libctru/lib\libctru.a(gxqueue.o)
                0x0000000000109bb8                gxCmdQueueWait
 .text.GPUCMD_Add
                0x0000000000109c2c      0x13c C:/devkitPro/libctru/lib\libctru.a(gpu.o)
                0x0000000000109c2c                GPUCMD_Add
 .text.GPUCMD_Split
                0x0000000000109d68       0xac C:/devkitPro/libctru/lib\libctru.a(gpu.o)
                0x0000000000109d68                GPUCMD_Split
 .text.f32tof16
                0x0000000000109e14       0x40 C:/devkitPro/libctru/lib\libctru.a(gpu.o)
                0x0000000000109e14                f32tof16
 .text.f32tof24
                0x0000000000109e54       0x40 C:/devkitPro/libctru/lib\libctru.a(gpu.o)
                0x0000000000109e54                f32tof24
 .text.f32tof31
                0x0000000000109e94       0x44 C:/devkitPro/libctru/lib\libctru.a(gpu.o)
                0x0000000000109e94                f32tof31
 .text.cfguInit
                0x0000000000109ed8       0xa4 C:/devkitPro/libctru/lib\libctru.a(cfgu.o)
                0x0000000000109ed8                cfguInit
 .text.cfguExit
                0x0000000000109f7c       0x3c C:/devkitPro/libctru/lib\libctru.a(cfgu.o)
                0x0000000000109f7c                cfguExit
 .text.CFGU_SecureInfoGetRegion
                0x0000000000109fb8       0x38 C:/devkitPro/libctru/lib\libctru.a(cfgu.o)
                0x0000000000109fb8                CFGU_SecureInfoGetRegion
 .text.CFGU_GetSystemLanguage
                0x0000000000109ff0       0x54 C:/devkitPro/libctru/lib\libctru.a(cfgu.o)
                0x0000000000109ff0                CFGU_GetSystemLanguage
 .text.gspHardwareInit
                0x000000000010a044      0xc58 C:/devkitPro/libctru/lib\libctru.a(gspgpu.o)
 .text.gspInit  0x000000000010ac9c      0x254 C:/devkitPro/libctru/lib\libctru.a(gspgpu.o)
                0x000000000010ac9c                gspInit
 .text.gspExit  0x000000000010aef0       0xf0 C:/devkitPro/libctru/lib\libctru.a(gspgpu.o)
                0x000000000010aef0                gspExit
 .text.gspHasGpuRight
                0x000000000010afe0       0x10 C:/devkitPro/libctru/lib\libctru.a(gspgpu.o)
                0x000000000010afe0                gspHasGpuRight
 .text.gspPresentBuffer
                0x000000000010aff0       0x98 C:/devkitPro/libctru/lib\libctru.a(gspgpu.o)
                0x000000000010aff0                gspPresentBuffer
 .text.gspSetEventCallback
                0x000000000010b088       0x30 C:/devkitPro/libctru/lib\libctru.a(gspgpu.o)
                0x000000000010b088                gspSetEventCallback
 .text.gspWaitForEvent
                0x000000000010b0b8       0x50 C:/devkitPro/libctru/lib\libctru.a(gspgpu.o)
                0x000000000010b0b8                gspWaitForEvent
 .text.gspWaitForAnyEvent
                0x000000000010b108       0x4c C:/devkitPro/libctru/lib\libctru.a(gspgpu.o)
                0x000000000010b108                gspWaitForAnyEvent
 .text.gspEventThreadMain
                0x000000000010b154      0x160 C:/devkitPro/libctru/lib\libctru.a(gspgpu.o)
 .text.gspSubmitGxCommand
                0x000000000010b2b4      0x130 C:/devkitPro/libctru/lib\libctru.a(gspgpu.o)
                0x000000000010b2b4                gspSubmitGxCommand
 .text.GSPGPU_FlushDataCache
                0x000000000010b3e4       0x50 C:/devkitPro/libctru/lib\libctru.a(gspgpu.o)
                0x000000000010b3e4                GSPGPU_FlushDataCache
 .text.GSPGPU_SetLcdForceBlack
                0x000000000010b434       0x34 C:/devkitPro/libctru/lib\libctru.a(gspgpu.o)
                0x000000000010b434                GSPGPU_SetLcdForceBlack
 .text.GSPGPU_AcquireRight
                0x000000000010b468       0x68 C:/devkitPro/libctru/lib\libctru.a(gspgpu.o)
                0x000000000010b468                GSPGPU_AcquireRight
 .text.GSPGPU_ReleaseRight
                0x000000000010b4d0       0x48 C:/devkitPro/libctru/lib\libctru.a(gspgpu.o)
                0x000000000010b4d0                GSPGPU_ReleaseRight
 .text.GSPGPU_ImportDisplayCaptureInfo
                0x000000000010b518       0x7c C:/devkitPro/libctru/lib\libctru.a(gspgpu.o)
                0x000000000010b518                GSPGPU_ImportDisplayCaptureInfo
 .text.GSPGPU_SaveVramSysArea
                0x000000000010b594       0x2c C:/devkitPro/libctru/lib\libctru.a(gspgpu.o)
                0x000000000010b594                GSPGPU_SaveVramSysArea
 .text.GSPGPU_RestoreVramSysArea
                0x000000000010b5c0       0x2c C:/devkitPro/libctru/lib\libctru.a(gspgpu.o)
                0x000000000010b5c0                GSPGPU_RestoreVramSysArea
 .text.aptConvertScreenForCapture
                0x000000000010b5ec      0x1b0 C:/devkitPro/libctru/lib\libctru.a(apt.o)
 .text.aptDspSleep
                0x000000000010b79c        0x8 C:/devkitPro/libctru/lib\libctru.a(apt.o)
                0x000000000010b79c                aptDspSleep
 .text.aptDspWakeup
                0x000000000010b7a4        0x4 C:/devkitPro/libctru/lib\libctru.a(apt.o)
                0x000000000010b7a4                aptDspWakeup
 .text.aptDspCancel
                0x000000000010b7a8        0x4 C:/devkitPro/libctru/lib\libctru.a(apt.o)
                0x000000000010b7a8                aptDspCancel
 .text.aptSendCommand
                0x000000000010b7ac      0x15c C:/devkitPro/libctru/lib\libctru.a(apt.o)
                0x000000000010b7ac                aptSendCommand
 .text.aptExitProcess
                0x000000000010b908       0x38 C:/devkitPro/libctru/lib\libctru.a(apt.o)
 .text.aptSetChainloader
                0x000000000010b940       0x50 C:/devkitPro/libctru/lib\libctru.a(apt.o)
                0x000000000010b940                aptSetChainloader
 .text.aptExit  0x000000000010b990      0x2f0 C:/devkitPro/libctru/lib\libctru.a(apt.o)
                0x000000000010b990                aptExit
 .text.aptHandleSleep
                0x000000000010bc80       0xd8 C:/devkitPro/libctru/lib\libctru.a(apt.o)
                0x000000000010bc80                aptHandleSleep
 .text.aptHook  0x000000000010bd58       0x30 C:/devkitPro/libctru/lib\libctru.a(apt.o)
                0x000000000010bd58                aptHook
 .text.aptUnhook
                0x000000000010bd88       0x30 C:/devkitPro/libctru/lib\libctru.a(apt.o)
                0x000000000010bd88                aptUnhook
 .text.APT_HardwareResetAsync
                0x000000000010bdb8       0x20 C:/devkitPro/libctru/lib\libctru.a(apt.o)
                0x000000000010bdb8                APT_HardwareResetAsync
 .text.APT_SleepIfShellClosed
                0x000000000010bdd8       0x84 C:/devkitPro/libctru/lib\libctru.a(apt.o)
                0x000000000010bdd8                APT_SleepIfShellClosed
 .text.aptSetSleepAllowed
                0x000000000010be5c       0x84 C:/devkitPro/libctru/lib\libctru.a(apt.o)
                0x000000000010be5c                aptSetSleepAllowed
 .text.APT_UnlockTransition
                0x000000000010bee0       0x84 C:/devkitPro/libctru/lib\libctru.a(apt.o)
                0x000000000010bee0                APT_UnlockTransition
 *fill*         0x000000000010bf64        0x4 
 .text.aptEventHandler
                0x000000000010bf68      0x484 C:/devkitPro/libctru/lib\libctru.a(apt.o)
 .text.APT_ReceiveParameter
                0x000000000010c3ec       0xb0 C:/devkitPro/libctru/lib\libctru.a(apt.o)
                0x000000000010c3ec                APT_ReceiveParameter
 .text.aptReceiveParameter.constprop.0
                0x000000000010c49c       0xb0 C:/devkitPro/libctru/lib\libctru.a(apt.o)
 *fill*         0x000000000010c54c        0x4 
 .text.aptScreenTransfer
                0x000000000010c550      0x2bc C:/devkitPro/libctru/lib\libctru.a(apt.o)
 .text.aptWaitForWakeUp.isra.0
                0x000000000010c80c      0x2d0 C:/devkitPro/libctru/lib\libctru.a(apt.o)
 .text.aptJumpToHomeMenu
                0x000000000010cadc       0xf8 C:/devkitPro/libctru/lib\libctru.a(apt.o)
                0x000000000010cadc                aptJumpToHomeMenu
 .text.aptMainLoop
                0x000000000010cbd4       0x4c C:/devkitPro/libctru/lib\libctru.a(apt.o)
                0x000000000010cbd4                aptMainLoop
 .text.aptInit  0x000000000010cc20      0x234 C:/devkitPro/libctru/lib\libctru.a(apt.o)
                0x000000000010cc20                aptInit
 .text.APT_CheckNew3DS
                0x000000000010ce54       0x7c C:/devkitPro/libctru/lib\libctru.a(apt.o)
                0x000000000010ce54                APT_CheckNew3DS
 .text.APT_GetSharedFont
                0x000000000010ced0       0x48 C:/devkitPro/libctru/lib\libctru.a(apt.o)
                0x000000000010ced0                APT_GetSharedFont
 .text.hidShouldUseIrrst
                0x000000000010cf18       0x24 C:/devkitPro/libctru/lib\libctru.a(hid.o)
                0x000000000010cf18                hidShouldUseIrrst
 .text.hidInit  0x000000000010cf3c      0x18c C:/devkitPro/libctru/lib\libctru.a(hid.o)
                0x000000000010cf3c                hidInit
 .text.hidExit  0x000000000010d0c8       0xe8 C:/devkitPro/libctru/lib\libctru.a(hid.o)
                0x000000000010d0c8                hidExit
 .text.hidScanInput
                0x000000000010d1b0      0x294 C:/devkitPro/libctru/lib\libctru.a(hid.o)
                0x000000000010d1b0                hidScanInput
 .text.hidKeysHeld
                0x000000000010d444       0x10 C:/devkitPro/libctru/lib\libctru.a(hid.o)
                0x000000000010d444                hidKeysHeld
 .text.hidKeysDown
                0x000000000010d454       0x10 C:/devkitPro/libctru/lib\libctru.a(hid.o)
                0x000000000010d454                hidKeysDown
 .text.hidTouchRead
                0x000000000010d464       0x18 C:/devkitPro/libctru/lib\libctru.a(hid.o)
                0x000000000010d464                hidTouchRead
 .text.hidCircleRead
                0x000000000010d47c       0x18 C:/devkitPro/libctru/lib\libctru.a(hid.o)
                0x000000000010d47c                hidCircleRead
 .text.srvPmGetSessionHandle
                0x000000000010d494        0xc C:/devkitPro/libctru/lib\libctru.a(srvpm.o)
                0x000000000010d494                srvPmGetSessionHandle
 .text.ptmSysmInit
                0x000000000010d4a0       0x74 C:/devkitPro/libctru/lib\libctru.a(ptmsysm.o)
                0x000000000010d4a0                ptmSysmInit
 .text.ptmSysmExit
                0x000000000010d514       0x3c C:/devkitPro/libctru/lib\libctru.a(ptmsysm.o)
                0x000000000010d514                ptmSysmExit
 .text.PTMSYSM_ConfigureNew3DSCPU
                0x000000000010d550       0x34 C:/devkitPro/libctru/lib\libctru.a(ptmsysm.o)
                0x000000000010d550                PTMSYSM_ConfigureNew3DSCPU
 .text.fsInit   0x000000000010d584       0xc8 C:/devkitPro/libctru/lib\libctru.a(fs.o)
                0x000000000010d584                fsInit
 .text.fsExit   0x000000000010d64c       0x3c C:/devkitPro/libctru/lib\libctru.a(fs.o)
                0x000000000010d64c                fsExit
 .text.fsExemptFromSession
                0x000000000010d688       0x60 C:/devkitPro/libctru/lib\libctru.a(fs.o)
                0x000000000010d688                fsExemptFromSession
 .text.fsUnexemptFromSession
                0x000000000010d6e8       0x50 C:/devkitPro/libctru/lib\libctru.a(fs.o)
                0x000000000010d6e8                fsUnexemptFromSession
 .text.FSUSER_OpenFile
                0x000000000010d738       0xcc C:/devkitPro/libctru/lib\libctru.a(fs.o)
                0x000000000010d738                FSUSER_OpenFile
 .text.FSUSER_DeleteFile
                0x000000000010d804       0xbc C:/devkitPro/libctru/lib\libctru.a(fs.o)
                0x000000000010d804                FSUSER_DeleteFile
 .text.FSUSER_RenameFile
                0x000000000010d8c0       0xf8 C:/devkitPro/libctru/lib\libctru.a(fs.o)
                0x000000000010d8c0                FSUSER_RenameFile
 .text.FSUSER_DeleteDirectory
                0x000000000010d9b8       0xbc C:/devkitPro/libctru/lib\libctru.a(fs.o)
                0x000000000010d9b8                FSUSER_DeleteDirectory
 .text.FSUSER_CreateFile
                0x000000000010da74       0xd4 C:/devkitPro/libctru/lib\libctru.a(fs.o)
                0x000000000010da74                FSUSER_CreateFile
 .text.FSUSER_CreateDirectory
                0x000000000010db48       0xc4 C:/devkitPro/libctru/lib\libctru.a(fs.o)
                0x000000000010db48                FSUSER_CreateDirectory
 .text.FSUSER_RenameDirectory
                0x000000000010dc0c       0xf8 C:/devkitPro/libctru/lib\libctru.a(fs.o)
                0x000000000010dc0c                FSUSER_RenameDirectory
 .text.FSUSER_OpenDirectory
                0x000000000010dd04       0xb4 C:/devkitPro/libctru/lib\libctru.a(fs.o)
                0x000000000010dd04                FSUSER_OpenDirectory
 .text.FSUSER_OpenArchive
                0x000000000010ddb8       0x94 C:/devkitPro/libctru/lib\libctru.a(fs.o)
                0x000000000010ddb8                FSUSER_OpenArchive
 .text.FSUSER_CloseArchive
                0x000000000010de4c       0x8c C:/devkitPro/libctru/lib\libctru.a(fs.o)
                0x000000000010de4c                FSUSER_CloseArchive
 .text.FSUSER_GetSdmcArchiveResource
                0x000000000010ded8       0x74 C:/devkitPro/libctru/lib\libctru.a(fs.o)
                0x000000000010ded8                FSUSER_GetSdmcArchiveResource
 .text.FSUSER_IsSdmcWritable
                0x000000000010df4c       0x64 C:/devkitPro/libctru/lib\libctru.a(fs.o)
                0x000000000010df4c                FSUSER_IsSdmcWritable
 .text.FSFILE_Read
                0x000000000010dfb0       0x58 C:/devkitPro/libctru/lib\libctru.a(fs.o)
                0x000000000010dfb0                FSFILE_Read
 .text.FSFILE_Write
                0x000000000010e008       0x60 C:/devkitPro/libctru/lib\libctru.a(fs.o)
                0x000000000010e008                FSFILE_Write
 .text.FSFILE_GetSize
                0x000000000010e068       0x38 C:/devkitPro/libctru/lib\libctru.a(fs.o)
                0x000000000010e068                FSFILE_GetSize
 .text.FSFILE_SetSize
                0x000000000010e0a0       0x28 C:/devkitPro/libctru/lib\libctru.a(fs.o)
                0x000000000010e0a0                FSFILE_SetSize
 .text.FSFILE_Close
                0x000000000010e0c8       0x3c C:/devkitPro/libctru/lib\libctru.a(fs.o)
                0x000000000010e0c8                FSFILE_Close
 .text.FSFILE_Flush
                0x000000000010e104       0x24 C:/devkitPro/libctru/lib\libctru.a(fs.o)
                0x000000000010e104                FSFILE_Flush
 .text.FSDIR_Read
                0x000000000010e128       0x50 C:/devkitPro/libctru/lib\libctru.a(fs.o)
                0x000000000010e128                FSDIR_Read
 .text.FSDIR_Close
                0x000000000010e178       0x3c C:/devkitPro/libctru/lib\libctru.a(fs.o)
                0x000000000010e178                FSDIR_Close
 .text.rbtree_init
                0x000000000010e1b4       0x10 C:/devkitPro/libctru/lib\libctru.a(rbtree_init.o)
                0x000000000010e1b4                rbtree_init
 .text.do_insert
                0x000000000010e1c4      0x1a0 C:/devkitPro/libctru/lib\libctru.a(rbtree_insert.o)
 .text.rbtree_insert
                0x000000000010e364        0x8 C:/devkitPro/libctru/lib\libctru.a(rbtree_insert.o)
                0x000000000010e364                rbtree_insert
 .text.rbtree_rotate
                0x000000000010e36c       0x90 C:/devkitPro/libctru/lib\libctru.a(rbtree_rotate.o)
                0x000000000010e36c                rbtree_rotate
 .text.rbtree_remove
                0x000000000010e3fc      0x338 C:/devkitPro/libctru/lib\libctru.a(rbtree_remove.o)
                0x000000000010e3fc                rbtree_remove
 .text.rbtree_find
                0x000000000010e734       0x74 C:/devkitPro/libctru/lib\libctru.a(rbtree_find.o)
                0x000000000010e734                rbtree_find
 .text.utf16_to_utf8
                0x000000000010e7a8       0xe8 C:/devkitPro/libctru/lib\libctru.a(utf16_to_utf8.o)
                0x000000000010e7a8                utf16_to_utf8
 .text.decode_utf16
                0x000000000010e890       0x64 C:/devkitPro/libctru/lib\libctru.a(decode_utf16.o)
                0x000000000010e890                decode_utf16
 .text.decode_utf8
                0x000000000010e8f4      0x13c C:/devkitPro/libctru/lib\libctru.a(decode_utf8.o)
                0x000000000010e8f4                decode_utf8
 .text.utf8_to_utf16
                0x000000000010ea30       0xc0 C:/devkitPro/libctru/lib\libctru.a(utf8_to_utf16.o)
                0x000000000010ea30                utf8_to_utf16
 .text.__system_allocateHeaps
                0x000000000010eaf0      0x1e0 C:/devkitPro/libctru/lib\libctru.a(allocateHeaps.o)
                0x000000000010eaf0                __system_allocateHeaps
 .text.__libctru_init
                0x000000000010ecd0       0x38 C:/devkitPro/libctru/lib\libctru.a(ctru_init.o)
                0x000000000010ecd0                __libctru_init
 .text.__system_initArgv
                0x000000000010ed08       0xf0 C:/devkitPro/libctru/lib\libctru.a(initArgv.o)
                0x000000000010ed08                __system_initArgv
 .text.svcControlMemory
                0x000000000010edf8       0x20 C:/devkitPro/libctru/lib\libctru.a(svc.o)
                0x000000000010edf8                svcControlMemory
 .text.svcQueryMemory
                0x000000000010ee18       0x30 C:/devkitPro/libctru/lib\libctru.a(svc.o)
                0x000000000010ee18                svcQueryMemory
 .text.svcExitProcess
                0x000000000010ee48        0x8 C:/devkitPro/libctru/lib\libctru.a(svc.o)
                0x000000000010ee48                svcExitProcess
 .text.svcCreateThread
                0x000000000010ee50       0x20 C:/devkitPro/libctru/lib\libctru.a(svc.o)
                0x000000000010ee50                svcCreateThread
 .text.svcExitThread
                0x000000000010ee70        0x8 C:/devkitPro/libctru/lib\libctru.a(svc.o)
                0x000000000010ee70                svcExitThread
 .text.svcSleepThread
                0x000000000010ee78        0x8 C:/devkitPro/libctru/lib\libctru.a(svc.o)
                0x000000000010ee78                svcSleepThread
 .text.svcReleaseMutex
                0x000000000010ee80        0x8 C:/devkitPro/libctru/lib\libctru.a(svc.o)
                0x000000000010ee80                svcReleaseMutex
 .text.svcCreateEvent
                0x000000000010ee88       0x14 C:/devkitPro/libctru/lib\libctru.a(svc.o)
                0x000000000010ee88                svcCreateEvent
 .text.svcSignalEvent
                0x000000000010ee9c        0x8 C:/devkitPro/libctru/lib\libctru.a(svc.o)
                0x000000000010ee9c                svcSignalEvent
 .text.svcClearEvent
                0x000000000010eea4        0x8 C:/devkitPro/libctru/lib\libctru.a(svc.o)
                0x000000000010eea4                svcClearEvent
 .text.svcMapMemoryBlock
                0x000000000010eeac        0x8 C:/devkitPro/libctru/lib\libctru.a(svc.o)
                0x000000000010eeac                svcMapMemoryBlock
 .text.svcUnmapMemoryBlock
                0x000000000010eeb4        0x8 C:/devkitPro/libctru/lib\libctru.a(svc.o)
                0x000000000010eeb4                svcUnmapMemoryBlock
 .text.svcCreateAddressArbiter
                0x000000000010eebc       0x14 C:/devkitPro/libctru/lib\libctru.a(svc.o)
                0x000000000010eebc                svcCreateAddressArbiter
 .text.svcArbitrateAddressNoTimeout
                0x000000000010eed0        0x8 C:/devkitPro/libctru/lib\libctru.a(svc.o)
                0x000000000010eed0                svcArbitrateAddressNoTimeout
 .text.svcCloseHandle
                0x000000000010eed8        0x8 C:/devkitPro/libctru/lib\libctru.a(svc.o)
                0x000000000010eed8                svcCloseHandle
 .text.svcWaitSynchronization
                0x000000000010eee0        0x8 C:/devkitPro/libctru/lib\libctru.a(svc.o)
                0x000000000010eee0                svcWaitSynchronization
 .text.svcWaitSynchronizationN
                0x000000000010eee8       0x28 C:/devkitPro/libctru/lib\libctru.a(svc.o)
                0x000000000010eee8                svcWaitSynchronizationN
 .text.svcDuplicateHandle
                0x000000000010ef10       0x14 C:/devkitPro/libctru/lib\libctru.a(svc.o)
                0x000000000010ef10                svcDuplicateHandle
 .text.svcGetSystemTick
                0x000000000010ef24        0x8 C:/devkitPro/libctru/lib\libctru.a(svc.o)
                0x000000000010ef24                svcGetSystemTick
 .text.svcConnectToPort
                0x000000000010ef2c       0x14 C:/devkitPro/libctru/lib\libctru.a(svc.o)
                0x000000000010ef2c                svcConnectToPort
 .text.svcSendSyncRequest
                0x000000000010ef40        0x8 C:/devkitPro/libctru/lib\libctru.a(svc.o)
                0x000000000010ef40                svcSendSyncRequest
 .text.svcGetResourceLimit
                0x000000000010ef48       0x14 C:/devkitPro/libctru/lib\libctru.a(svc.o)
                0x000000000010ef48                svcGetResourceLimit
 .text.svcGetResourceLimitLimitValues
                0x000000000010ef5c        0x8 C:/devkitPro/libctru/lib\libctru.a(svc.o)
                0x000000000010ef5c                svcGetResourceLimitLimitValues
 .text.svcGetResourceLimitCurrentValues
                0x000000000010ef64        0x8 C:/devkitPro/libctru/lib\libctru.a(svc.o)
                0x000000000010ef64                svcGetResourceLimitCurrentValues
 .text.svcBreak
                0x000000000010ef6c        0x8 C:/devkitPro/libctru/lib\libctru.a(svc.o)
                0x000000000010ef6c                svcBreak
 .text.initSystem
                0x000000000010ef74       0x50 C:/devkitPro/libctru/lib\libctru.a(stack_adjust.o)
                0x000000000010ef74                initSystem
 .text.__ctru_exit
                0x000000000010efc4       0x18 C:/devkitPro/libctru/lib\libctru.a(stack_adjust.o)
                0x000000000010efc4                __ctru_exit
 .text.__aeabi_read_tp
                0x000000000010efdc        0xc C:/devkitPro/libctru/lib\libctru.a(readtp.o)
                0x000000000010efdc                __aeabi_read_tp
 .text.__sync_init
                0x000000000010efe8        0xc C:/devkitPro/libctru/lib\libctru.a(synchronization.o)
                0x000000000010efe8                __sync_init
 .text.__sync_fini
                0x000000000010eff4       0x18 C:/devkitPro/libctru/lib\libctru.a(synchronization.o)
                0x000000000010eff4                __sync_fini
 .text.syncArbitrateAddress
                0x000000000010f00c       0x2c C:/devkitPro/libctru/lib\libctru.a(synchronization.o)
                0x000000000010f00c                syncArbitrateAddress
 .text.LightLock_Init
                0x000000000010f038       0x1c C:/devkitPro/libctru/lib\libctru.a(synchronization.o)
                0x000000000010f038                LightLock_Init
 .text.LightLock_Lock
                0x000000000010f054       0x94 C:/devkitPro/libctru/lib\libctru.a(synchronization.o)
                0x000000000010f054                LightLock_Lock
 .text.LightLock_TryLock
                0x000000000010f0e8       0x44 C:/devkitPro/libctru/lib\libctru.a(synchronization.o)
                0x000000000010f0e8                LightLock_TryLock
 .text.LightLock_Unlock
                0x000000000010f12c       0x40 C:/devkitPro/libctru/lib\libctru.a(synchronization.o)
                0x000000000010f12c                LightLock_Unlock
 .text.RecursiveLock_Init
                0x000000000010f16c       0x24 C:/devkitPro/libctru/lib\libctru.a(synchronization.o)
                0x000000000010f16c                RecursiveLock_Init
 .text.RecursiveLock_Lock
                0x000000000010f190       0x30 C:/devkitPro/libctru/lib\libctru.a(synchronization.o)
                0x000000000010f190                RecursiveLock_Lock
 .text.RecursiveLock_TryLock
                0x000000000010f1c0       0x78 C:/devkitPro/libctru/lib\libctru.a(synchronization.o)
                0x000000000010f1c0                RecursiveLock_TryLock
 .text.RecursiveLock_Unlock
                0x000000000010f238       0x54 C:/devkitPro/libctru/lib\libctru.a(synchronization.o)
                0x000000000010f238                RecursiveLock_Unlock
 .text.LightEvent_Init
                0x000000000010f28c       0x40 C:/devkitPro/libctru/lib\libctru.a(synchronization.o)
                0x000000000010f28c                LightEvent_Init
 .text.LightEvent_Clear
                0x000000000010f2cc       0xa4 C:/devkitPro/libctru/lib\libctru.a(synchronization.o)
                0x000000000010f2cc                LightEvent_Clear
 .text.LightEvent_Signal
                0x000000000010f370       0xc8 C:/devkitPro/libctru/lib\libctru.a(synchronization.o)
                0x000000000010f370                LightEvent_Signal
 .text.LightEvent_TryWait
                0x000000000010f438       0x58 C:/devkitPro/libctru/lib\libctru.a(synchronization.o)
                0x000000000010f438                LightEvent_TryWait
 .text.LightEvent_Wait
                0x000000000010f490       0xb0 C:/devkitPro/libctru/lib\libctru.a(synchronization.o)
                0x000000000010f490                LightEvent_Wait
 .text.envGetHandle
                0x000000000010f540       0x84 C:/devkitPro/libctru/lib\libctru.a(env.o)
                0x000000000010f540                envGetHandle
 .text.envDestroyHandles
                0x000000000010f5c4       0x50 C:/devkitPro/libctru/lib\libctru.a(env.o)
                0x000000000010f5c4                envDestroyHandles
 .text.threadCreate
                0x000000000010f614      0x188 C:/devkitPro/libctru/lib\libctru.a(thread.o)
                0x000000000010f614                threadCreate
 .text.threadFree
                0x000000000010f79c       0x2c C:/devkitPro/libctru/lib\libctru.a(thread.o)
                0x000000000010f79c                threadFree
 .text.threadJoin
                0x000000000010f7c8       0x24 C:/devkitPro/libctru/lib\libctru.a(thread.o)
                0x000000000010f7c8                threadJoin
 .text.threadGetCurrent
                0x000000000010f7ec       0x30 C:/devkitPro/libctru/lib\libctru.a(thread.o)
                0x000000000010f7ec                threadGetCurrent
 .text.threadExit
                0x000000000010f81c       0x40 C:/devkitPro/libctru/lib\libctru.a(thread.o)
                0x000000000010f81c                threadExit
 .text._thread_begin
                0x000000000010f85c       0x44 C:/devkitPro/libctru/lib\libctru.a(thread.o)
 .text.mappableFindAddressWithin
                0x000000000010f8a0       0x94 C:/devkitPro/libctru/lib\libctru.a(mappable.o)
 .text.mappableInit
                0x000000000010f934       0x28 C:/devkitPro/libctru/lib\libctru.a(mappable.o)
                0x000000000010f934                mappableInit
 .text.mappableAlloc
                0x000000000010f95c       0x80 C:/devkitPro/libctru/lib\libctru.a(mappable.o)
                0x000000000010f95c                mappableAlloc
 .text.mappableFree
                0x000000000010f9dc        0x4 C:/devkitPro/libctru/lib\libctru.a(mappable.o)
                0x000000000010f9dc                mappableFree
 .text.irrstInit
                0x000000000010f9e0      0x160 C:/devkitPro/libctru/lib\libctru.a(irrst.o)
                0x000000000010f9e0                irrstInit
 .text.irrstExit
                0x000000000010fb40       0xcc C:/devkitPro/libctru/lib\libctru.a(irrst.o)
                0x000000000010fb40                irrstExit
 .text.irrstScanInput
                0x000000000010fc0c       0xb0 C:/devkitPro/libctru/lib\libctru.a(irrst.o)
                0x000000000010fc0c                irrstScanInput
 .text.irrstKeysHeld
                0x000000000010fcbc       0x24 C:/devkitPro/libctru/lib\libctru.a(irrst.o)
                0x000000000010fcbc                irrstKeysHeld
 .text.rbtree_node_next
                0x000000000010fce0       0x50 C:/devkitPro/libctru/lib\libctru.a(rbtree_iterator.o)
                0x000000000010fce0                rbtree_node_next
 .text.encode_utf16
                0x000000000010fd30       0x60 C:/devkitPro/libctru/lib\libctru.a(encode_utf16.o)
                0x000000000010fd30                encode_utf16
 .text.encode_utf8
                0x000000000010fd90       0xfc C:/devkitPro/libctru/lib\libctru.a(encode_utf8.o)
                0x000000000010fd90                encode_utf8
 .text.__appInit
                0x000000000010fe8c       0x30 C:/devkitPro/libctru/lib\libctru.a(appInit.o)
                0x000000000010fe8c                __appInit
 .text.__libctru_nanosleep
                0x000000000010febc       0x30 C:/devkitPro/libctru/lib\libctru.a(syscalls.o)
 .text.__libctru_get_reent
                0x000000000010feec       0x30 C:/devkitPro/libctru/lib\libctru.a(syscalls.o)
 .text.__system_initSyscalls
                0x000000000010ff1c       0xf8 C:/devkitPro/libctru/lib\libctru.a(syscalls.o)
                0x000000000010ff1c                __system_initSyscalls
 .text.__appExit
                0x0000000000110014       0x30 C:/devkitPro/libctru/lib\libctru.a(appExit.o)
                0x0000000000110014                __appExit
 .text.__libctru_exit
                0x0000000000110044       0x90 C:/devkitPro/libctru/lib\libctru.a(ctru_exit.o)
                0x0000000000110044                __libctru_exit
 .text.archive_link
                0x00000000001100d4       0x14 C:/devkitPro/libctru/lib\libctru.a(archive_dev.o)
 .text.archive_dirreset
                0x00000000001100e8       0x14 C:/devkitPro/libctru/lib\libctru.a(archive_dev.o)
 .text.archive_chmod
                0x00000000001100fc       0x14 C:/devkitPro/libctru/lib\libctru.a(archive_dev.o)
 .text.error_cmp
                0x0000000000110110       0x24 C:/devkitPro/libctru/lib\libctru.a(archive_dev.o)
 .text.archive_translate_error
                0x0000000000110134       0x50 C:/devkitPro/libctru/lib\libctru.a(archive_dev.o)
 .text.archive_seek
                0x0000000000110184       0xd4 C:/devkitPro/libctru/lib\libctru.a(archive_dev.o)
 .text._archiveInit.part.0
                0x0000000000110258       0x7c C:/devkitPro/libctru/lib\libctru.a(archive_dev.o)
 .text.archiveFindDevice.part.0
                0x00000000001102d4       0x8c C:/devkitPro/libctru/lib\libctru.a(archive_dev.o)
 .text.archive_utf16path
                0x0000000000110360      0x294 C:/devkitPro/libctru/lib\libctru.a(archive_dev.o)
 .text._archiveUnmountDeviceStruct.part.0
                0x00000000001105f4       0xa0 C:/devkitPro/libctru/lib\libctru.a(archive_dev.o)
 .text.archive_fchmod
                0x0000000000110694       0x14 C:/devkitPro/libctru/lib\libctru.a(archive_dev.o)
 .text.archive_statvfs
                0x00000000001106a8       0x14 C:/devkitPro/libctru/lib\libctru.a(archive_dev.o)
 .text._archiveMountDevice
                0x00000000001106bc      0x158 C:/devkitPro/libctru/lib\libctru.a(archive_dev.o)
 .text.archive_diropen
                0x0000000000110814       0xe8 C:/devkitPro/libctru/lib\libctru.a(archive_dev.o)
 .text.archive_fstat
                0x00000000001108fc       0xa4 C:/devkitPro/libctru/lib\libctru.a(archive_dev.o)
 .text.archive_close
                0x00000000001109a0       0x6c C:/devkitPro/libctru/lib\libctru.a(archive_dev.o)
 .text.archive_fsync
                0x0000000000110a0c       0x6c C:/devkitPro/libctru/lib\libctru.a(archive_dev.o)
 .text.archive_dirclose
                0x0000000000110a78       0x70 C:/devkitPro/libctru/lib\libctru.a(archive_dev.o)
 .text.sdmc_statvfs
                0x0000000000110ae8       0xe8 C:/devkitPro/libctru/lib\libctru.a(archive_dev.o)
 .text.archive_ftruncate
                0x0000000000110bd0       0x80 C:/devkitPro/libctru/lib\libctru.a(archive_dev.o)
 .text.archive_chdir
                0x0000000000110c50       0xfc C:/devkitPro/libctru/lib\libctru.a(archive_dev.o)
 .text.archive_read
                0x0000000000110d4c       0xb0 C:/devkitPro/libctru/lib\libctru.a(archive_dev.o)
 .text.archive_unlink
                0x0000000000110dfc       0xac C:/devkitPro/libctru/lib\libctru.a(archive_dev.o)
 .text.archive_rmdir
                0x0000000000110ea8       0xc8 C:/devkitPro/libctru/lib\libctru.a(archive_dev.o)
 .text.archive_mkdir
                0x0000000000110f70       0xec C:/devkitPro/libctru/lib\libctru.a(archive_dev.o)
 .text.archive_stat
                0x000000000011105c      0x1a8 C:/devkitPro/libctru/lib\libctru.a(archive_dev.o)
 .text.archive_rename
                0x0000000000111204      0x184 C:/devkitPro/libctru/lib\libctru.a(archive_dev.o)
 .text.archive_dirnext
                0x0000000000111388      0x168 C:/devkitPro/libctru/lib\libctru.a(archive_dev.o)
 .text.archive_write
                0x00000000001114f0      0x12c C:/devkitPro/libctru/lib\libctru.a(archive_dev.o)
 .text.archive_open
                0x000000000011161c      0x1f0 C:/devkitPro/libctru/lib\libctru.a(archive_dev.o)
 .text.archiveMountSdmc
                0x000000000011180c      0x1a4 C:/devkitPro/libctru/lib\libctru.a(archive_dev.o)
                0x000000000011180c                archiveMountSdmc
 .text.archiveUnmountAll
                0x00000000001119b0       0x54 C:/devkitPro/libctru/lib\libctru.a(archive_dev.o)
                0x00000000001119b0                archiveUnmountAll
 .text.ceilf    0x0000000000111a04       0xb8 c:/devkitpro/devkitarm/bin/../lib/gcc/arm-none-eabi/11.1.0/../../../../arm-none-eabi/lib/armv6k/fpu\libm.a(lib_a-sf_ceil.o)
                0x0000000000111a04                ceilf
 .text.sqrtf    0x0000000000111abc       0x50 c:/devkitpro/devkitarm/bin/../lib/gcc/arm-none-eabi/11.1.0/../../../../arm-none-eabi/lib/armv6k/fpu\libm.a(lib_a-wf_sqrt.o)
                0x0000000000111abc                sqrtf
 .text.__ieee754_sqrtf
                0x0000000000111b0c        0x8 c:/devkitpro/devkitarm/bin/../lib/gcc/arm-none-eabi/11.1.0/../../../../arm-none-eabi/lib/armv6k/fpu\libm.a(lib_a-ef_sqrt.o)
                0x0000000000111b0c                __ieee754_sqrtf
 .text.__udivmoddi4
                0x0000000000111b14      0x120 c:/devkitpro/devkitarm/bin/../lib/gcc/arm-none-eabi/11.1.0/armv6k/fpu\libgcc.a(_udivmoddi4.o)
                0x0000000000111b14                __udivmoddi4
 .text.bsearch  0x0000000000111c34       0x78 c:/devkitpro/devkitarm/bin/../lib/gcc/arm-none-eabi/11.1.0/../../../../arm-none-eabi/lib/armv6k/fpu\libg.a(lib_a-bsearch.o)
                0x0000000000111c34                bsearch
 .text.calloc   0x0000000000111cac       0x28 c:/devkitpro/devkitarm/bin/../lib/gcc/arm-none-eabi/11.1.0/../../../../arm-none-eabi/lib/armv6k/fpu\libg.a(lib_a-calloc.o)
                0x0000000000111cac                calloc
 .text._calloc_r
                0x0000000000111cd4       0xbc c:/devkitpro/devkitarm/bin/../lib/gcc/arm-none-eabi/11.1.0/../../../../arm-none-eabi/lib/armv6k/fpu\libg.a(lib_a-callocr.o)
                0x0000000000111cd4                _calloc_r
 .text.__errno  0x0000000000111d90        0xc c:/devkitpro/devkitarm/bin/../lib/gcc/arm-none-eabi/11.1.0/../../../../arm-none-eabi/lib/armv6k/fpu\libg.a(lib_a-errno.o)
                0x0000000000111d90                __errno
 .text.exit     0x0000000000111d9c       0x34 c:/devkitpro/devkitarm/bin/../lib/gcc/arm-none-eabi/11.1.0/../../../../arm-none-eabi/lib/armv6k/fpu\libg.a(lib_a-exit.o)
                0x0000000000111d9c                exit
 .text._fclose_r
                0x0000000000111dd0      0x160 c:/devkitpro/devkitarm/bin/../lib/gcc/arm-none-eabi/11.1.0/../../../../arm-none-eabi/lib/armv6k/fpu\libg.a(lib_a-fclose.o)
                0x0000000000111dd0                _fclose_r
 .text.__sflush_r
                0x0000000000111f30      0x258 c:/devkitpro/devkitarm/bin/../lib/gcc/arm-none-eabi/11.1.0/../../../../arm-none-eabi/lib/armv6k/fpu\libg.a(lib_a-fflush.o)
                0x0000000000111f30                __sflush_r
 .text._fflush_r
                0x0000000000112188       0x94 c:/devkitpro/devkitarm/bin/../lib/gcc/arm-none-eabi/11.1.0/../../../../arm-none-eabi/lib/armv6k/fpu\libg.a(lib_a-fflush.o)
                0x0000000000112188                _fflush_r
 .text._cleanup_r
                0x000000000011221c        0xc c:/devkitpro/devkitarm/bin/../lib/gcc/arm-none-eabi/11.1.0/../../../../arm-none-eabi/lib/armv6k/fpu\libg.a(lib_a-findfp.o)
                0x000000000011221c                _cleanup_r
 .text.__sinit  0x0000000000112228      0x184 c:/devkitpro/devkitarm/bin/../lib/gcc/arm-none-eabi/11.1.0/../../../../arm-none-eabi/lib/armv6k/fpu\libg.a(lib_a-findfp.o)
                0x0000000000112228                __sinit
 .text.__sfp_lock_acquire
                0x00000000001123ac        0xc c:/devkitpro/devkitarm/bin/../lib/gcc/arm-none-eabi/11.1.0/../../../../arm-none-eabi/lib/armv6k/fpu\libg.a(lib_a-findfp.o)
                0x00000000001123ac                __sfp_lock_acquire
 .text.__sfp_lock_release
                0x00000000001123b8        0xc c:/devkitpro/devkitarm/bin/../lib/gcc/arm-none-eabi/11.1.0/../../../../arm-none-eabi/lib/armv6k/fpu\libg.a(lib_a-findfp.o)
                0x00000000001123b8                __sfp_lock_release
 .text.__libc_fini_array
                0x00000000001123c4       0x3c c:/devkitpro/devkitarm/bin/../lib/gcc/arm-none-eabi/11.1.0/../../../../arm-none-eabi/lib/armv6k/fpu\libg.a(lib_a-fini.o)
                0x00000000001123c4                __libc_fini_array
 .text._malloc_trim_r
                0x0000000000112400       0xf8 c:/devkitpro/devkitarm/bin/../lib/gcc/arm-none-eabi/11.1.0/../../../../arm-none-eabi/lib/armv6k/fpu\libg.a(lib_a-freer.o)
                0x0000000000112400                _malloc_trim_r
 .text._free_r  0x00000000001124f8      0x2e4 c:/devkitpro/devkitarm/bin/../lib/gcc/arm-none-eabi/11.1.0/../../../../arm-none-eabi/lib/armv6k/fpu\libg.a(lib_a-freer.o)
                0x00000000001124f8                _free_r
 .text._fwalk_reent
                0x00000000001127dc       0x70 c:/devkitpro/devkitarm/bin/../lib/gcc/arm-none-eabi/11.1.0/../../../../arm-none-eabi/lib/armv6k/fpu\libg.a(lib_a-fwalk.o)
                0x00000000001127dc                _fwalk_reent
 .text.__libc_init_array
                0x000000000011284c       0x7c c:/devkitpro/devkitarm/bin/../lib/gcc/arm-none-eabi/11.1.0/../../../../arm-none-eabi/lib/armv6k/fpu\libg.a(lib_a-init.o)
                0x000000000011284c                __libc_init_array
 .text.__smakebuf_r
                0x00000000001128c8      0x138 c:/devkitpro/devkitarm/bin/../lib/gcc/arm-none-eabi/11.1.0/../../../../arm-none-eabi/lib/armv6k/fpu\libg.a(lib_a-makebuf.o)
                0x00000000001128c8                __smakebuf_r
 .text.memalign
                0x0000000000112a00       0x28 c:/devkitpro/devkitarm/bin/../lib/gcc/arm-none-eabi/11.1.0/../../../../arm-none-eabi/lib/armv6k/fpu\libg.a(lib_a-malign.o)
                0x0000000000112a00                memalign
 .text._memalign_r
                0x0000000000112a28      0x150 c:/devkitpro/devkitarm/bin/../lib/gcc/arm-none-eabi/11.1.0/../../../../arm-none-eabi/lib/armv6k/fpu\libg.a(lib_a-malignr.o)
                0x0000000000112a28                _memalign_r
 .text.malloc   0x0000000000112b78       0x20 c:/devkitpro/devkitarm/bin/../lib/gcc/arm-none-eabi/11.1.0/../../../../arm-none-eabi/lib/armv6k/fpu\libg.a(lib_a-malloc.o)
                0x0000000000112b78                malloc
 .text.free     0x0000000000112b98       0x20 c:/devkitpro/devkitarm/bin/../lib/gcc/arm-none-eabi/11.1.0/../../../../arm-none-eabi/lib/armv6k/fpu\libg.a(lib_a-malloc.o)
                0x0000000000112b98                free
 .text._malloc_r
                0x0000000000112bb8      0x7e0 c:/devkitpro/devkitarm/bin/../lib/gcc/arm-none-eabi/11.1.0/../../../../arm-none-eabi/lib/armv6k/fpu\libg.a(lib_a-mallocr.o)
                0x0000000000112bb8                _malloc_r
 .text.memcpy   0x0000000000113398      0x11c c:/devkitpro/devkitarm/bin/../lib/gcc/arm-none-eabi/11.1.0/../../../../arm-none-eabi/lib/armv6k/fpu\libg.a(lib_a-memcpy-stub.o)
                0x0000000000113398                memcpy
 .text.memset   0x00000000001134b4      0x118 c:/devkitpro/devkitarm/bin/../lib/gcc/arm-none-eabi/11.1.0/../../../../arm-none-eabi/lib/armv6k/fpu\libg.a(lib_a-memset.o)
                0x00000000001134b4                memset
 .text.__malloc_lock
                0x00000000001135cc        0xc c:/devkitpro/devkitarm/bin/../lib/gcc/arm-none-eabi/11.1.0/../../../../arm-none-eabi/lib/armv6k/fpu\libg.a(lib_a-mlock.o)
                0x00000000001135cc                __malloc_lock
 .text.__malloc_unlock
                0x00000000001135d8        0xc c:/devkitpro/devkitarm/bin/../lib/gcc/arm-none-eabi/11.1.0/../../../../arm-none-eabi/lib/armv6k/fpu\libg.a(lib_a-mlock.o)
                0x00000000001135d8                __malloc_unlock
 .text.qsort    0x00000000001135e4      0x958 c:/devkitpro/devkitarm/bin/../lib/gcc/arm-none-eabi/11.1.0/../../../../arm-none-eabi/lib/armv6k/fpu\libg.a(lib_a-qsort.o)
                0x00000000001135e4                qsort
 .text._realloc_r
                0x0000000000113f3c      0x558 c:/devkitpro/devkitarm/bin/../lib/gcc/arm-none-eabi/11.1.0/../../../../arm-none-eabi/lib/armv6k/fpu\libg.a(lib_a-reallocr.o)
                0x0000000000113f3c                _realloc_r
 .text.sprintf  0x0000000000114494       0x64 c:/devkitpro/devkitarm/bin/../lib/gcc/arm-none-eabi/11.1.0/../../../../arm-none-eabi/lib/armv6k/fpu\libg.a(lib_a-sprintf.o)
                0x0000000000114494                sprintf
 .text.__sread  0x00000000001144f8       0x44 c:/devkitpro/devkitarm/bin/../lib/gcc/arm-none-eabi/11.1.0/../../../../arm-none-eabi/lib/armv6k/fpu\libg.a(lib_a-stdio.o)
                0x00000000001144f8                __sread
 .text.__swrite
                0x000000000011453c       0x68 c:/devkitpro/devkitarm/bin/../lib/gcc/arm-none-eabi/11.1.0/../../../../arm-none-eabi/lib/armv6k/fpu\libg.a(lib_a-stdio.o)
                0x000000000011453c                __swrite
 .text.__sseek  0x00000000001145a4       0x48 c:/devkitpro/devkitarm/bin/../lib/gcc/arm-none-eabi/11.1.0/../../../../arm-none-eabi/lib/armv6k/fpu\libg.a(lib_a-stdio.o)
                0x00000000001145a4                __sseek
 .text.__sclose
                0x00000000001145ec        0x8 c:/devkitpro/devkitarm/bin/../lib/gcc/arm-none-eabi/11.1.0/../../../../arm-none-eabi/lib/armv6k/fpu\libg.a(lib_a-stdio.o)
                0x00000000001145ec                __sclose
 .text.strchr   0x00000000001145f4      0x12c c:/devkitpro/devkitarm/bin/../lib/gcc/arm-none-eabi/11.1.0/../../../../arm-none-eabi/lib/armv6k/fpu\libg.a(lib_a-strchr.o)
                0x00000000001145f4                strchr
 .text.strlen   0x0000000000114720       0x5c c:/devkitpro/devkitarm/bin/../lib/gcc/arm-none-eabi/11.1.0/../../../../arm-none-eabi/lib/armv6k/fpu\libg.a(lib_a-strlen-stub.o)
                0x0000000000114720                strlen
 .text.strncat  0x000000000011477c       0xec c:/devkitpro/devkitarm/bin/../lib/gcc/arm-none-eabi/11.1.0/../../../../arm-none-eabi/lib/armv6k/fpu\libg.a(lib_a-strncat.o)
                0x000000000011477c                strncat
 .text.strncmp  0x0000000000114868       0xdc c:/devkitpro/devkitarm/bin/../lib/gcc/arm-none-eabi/11.1.0/../../../../arm-none-eabi/lib/armv6k/fpu\libg.a(lib_a-strncmp.o)
                0x0000000000114868                strncmp
 .text.strncpy  0x0000000000114944       0xc0 c:/devkitpro/devkitarm/bin/../lib/gcc/arm-none-eabi/11.1.0/../../../../arm-none-eabi/lib/armv6k/fpu\libg.a(lib_a-strncpy.o)
                0x0000000000114944                strncpy
 .text.strnlen  0x0000000000114a04       0x48 c:/devkitpro/devkitarm/bin/../lib/gcc/arm-none-eabi/11.1.0/../../../../arm-none-eabi/lib/armv6k/fpu\libg.a(lib_a-strnlen.o)
                0x0000000000114a04                strnlen
 .text.get_arg  0x0000000000114a4c      0x628 c:/devkitpro/devkitarm/bin/../lib/gcc/arm-none-eabi/11.1.0/../../../../arm-none-eabi/lib/armv6k/fpu\libg.a(lib_a-svfprintf.o)
 *fill*         0x0000000000115074        0x4 
 .text._svfprintf_r
                0x0000000000115078     0x35b8 c:/devkitpro/devkitarm/bin/../lib/gcc/arm-none-eabi/11.1.0/../../../../arm-none-eabi/lib/armv6k/fpu\libg.a(lib_a-svfprintf.o)
                0x0000000000115078                _svfprintf_r
 .text._wcrtomb_r
                0x0000000000118630       0x54 c:/devkitpro/devkitarm/bin/../lib/gcc/arm-none-eabi/11.1.0/../../../../arm-none-eabi/lib/armv6k/fpu\libg.a(lib_a-wcrtomb.o)
                0x0000000000118630                _wcrtomb_r
 .text._wcsrtombs_r
                0x0000000000118684       0x28 c:/devkitpro/devkitarm/bin/../lib/gcc/arm-none-eabi/11.1.0/../../../../arm-none-eabi/lib/armv6k/fpu\libg.a(lib_a-wcsrtombs.o)
                0x0000000000118684                _wcsrtombs_r
 .text.__call_exitprocs
                0x00000000001186ac      0x114 c:/devkitpro/devkitarm/bin/../lib/gcc/arm-none-eabi/11.1.0/../../../../arm-none-eabi/lib/armv6k/fpu\libg.a(lib_a-__call_atexit.o)
                0x00000000001186ac                __call_exitprocs
 .text.quorem   0x00000000001187c0      0x1ac c:/devkitpro/devkitarm/bin/../lib/gcc/arm-none-eabi/11.1.0/../../../../arm-none-eabi/lib/armv6k/fpu\libg.a(lib_a-dtoa.o)
 *fill*         0x000000000011896c        0x4 
 .text._dtoa_r  0x0000000000118970     0x12cc c:/devkitpro/devkitarm/bin/../lib/gcc/arm-none-eabi/11.1.0/../../../../arm-none-eabi/lib/armv6k/fpu\libg.a(lib_a-dtoa.o)
                0x0000000000118970                _dtoa_r
 .text._localeconv_r
                0x0000000000119c3c        0xc c:/devkitpro/devkitarm/bin/../lib/gcc/arm-none-eabi/11.1.0/../../../../arm-none-eabi/lib/armv6k/fpu\libg.a(lib_a-localeconv.o)
                0x0000000000119c3c                _localeconv_r
 .text.__locale_mb_cur_max
                0x0000000000119c48       0x10 c:/devkitpro/devkitarm/bin/../lib/gcc/arm-none-eabi/11.1.0/../../../../arm-none-eabi/lib/armv6k/fpu\libg.a(lib_a-locale.o)
                0x0000000000119c48                __locale_mb_cur_max
 .text.__utf8_mbtowc
                0x0000000000119c58      0x2e4 c:/devkitpro/devkitarm/bin/../lib/gcc/arm-none-eabi/11.1.0/../../../../arm-none-eabi/lib/armv6k/fpu\libg.a(lib_a-mbtowc_r.o)
                0x0000000000119c58                __utf8_mbtowc
 .text.memchr   0x0000000000119f3c       0xe0 c:/devkitpro/devkitarm/bin/../lib/gcc/arm-none-eabi/11.1.0/../../../../arm-none-eabi/lib/armv6k/fpu\libg.a(lib_a-memchr-stub.o)
                0x0000000000119f3c                memchr
 .text.memmove  0x000000000011a01c      0x154 c:/devkitpro/devkitarm/bin/../lib/gcc/arm-none-eabi/11.1.0/../../../../arm-none-eabi/lib/armv6k/fpu\libg.a(lib_a-memmove.o)
                0x000000000011a01c                memmove
 .text._Balloc  0x000000000011a170       0x88 c:/devkitpro/devkitarm/bin/../lib/gcc/arm-none-eabi/11.1.0/../../../../arm-none-eabi/lib/armv6k/fpu\libg.a(lib_a-mprec.o)
                0x000000000011a170                _Balloc
 .text._Bfree   0x000000000011a1f8       0x1c c:/devkitpro/devkitarm/bin/../lib/gcc/arm-none-eabi/11.1.0/../../../../arm-none-eabi/lib/armv6k/fpu\libg.a(lib_a-mprec.o)
                0x000000000011a1f8                _Bfree
 .text.__multadd
                0x000000000011a214       0xf4 c:/devkitpro/devkitarm/bin/../lib/gcc/arm-none-eabi/11.1.0/../../../../arm-none-eabi/lib/armv6k/fpu\libg.a(lib_a-mprec.o)
                0x000000000011a214                __multadd
 .text.__hi0bits
                0x000000000011a308       0x58 c:/devkitpro/devkitarm/bin/../lib/gcc/arm-none-eabi/11.1.0/../../../../arm-none-eabi/lib/armv6k/fpu\libg.a(lib_a-mprec.o)
                0x000000000011a308                __hi0bits
 .text.__lo0bits
                0x000000000011a360       0x94 c:/devkitpro/devkitarm/bin/../lib/gcc/arm-none-eabi/11.1.0/../../../../arm-none-eabi/lib/armv6k/fpu\libg.a(lib_a-mprec.o)
                0x000000000011a360                __lo0bits
 .text.__i2b    0x000000000011a3f4       0xa4 c:/devkitpro/devkitarm/bin/../lib/gcc/arm-none-eabi/11.1.0/../../../../arm-none-eabi/lib/armv6k/fpu\libg.a(lib_a-mprec.o)
                0x000000000011a3f4                __i2b
 .text.__multiply
                0x000000000011a498      0x204 c:/devkitpro/devkitarm/bin/../lib/gcc/arm-none-eabi/11.1.0/../../../../arm-none-eabi/lib/armv6k/fpu\libg.a(lib_a-mprec.o)
                0x000000000011a498                __multiply
 .text.__pow5mult
                0x000000000011a69c      0x120 c:/devkitpro/devkitarm/bin/../lib/gcc/arm-none-eabi/11.1.0/../../../../arm-none-eabi/lib/armv6k/fpu\libg.a(lib_a-mprec.o)
                0x000000000011a69c                __pow5mult
 .text.__lshift
                0x000000000011a7bc      0x13c c:/devkitpro/devkitarm/bin/../lib/gcc/arm-none-eabi/11.1.0/../../../../arm-none-eabi/lib/armv6k/fpu\libg.a(lib_a-mprec.o)
                0x000000000011a7bc                __lshift
 .text.__mcmp   0x000000000011a8f8       0x58 c:/devkitpro/devkitarm/bin/../lib/gcc/arm-none-eabi/11.1.0/../../../../arm-none-eabi/lib/armv6k/fpu\libg.a(lib_a-mprec.o)
                0x000000000011a8f8                __mcmp
 .text.__mdiff  0x000000000011a950      0x1cc c:/devkitpro/devkitarm/bin/../lib/gcc/arm-none-eabi/11.1.0/../../../../arm-none-eabi/lib/armv6k/fpu\libg.a(lib_a-mprec.o)
                0x000000000011a950                __mdiff
 .text.__d2b    0x000000000011ab1c      0x124 c:/devkitpro/devkitarm/bin/../lib/gcc/arm-none-eabi/11.1.0/../../../../arm-none-eabi/lib/armv6k/fpu\libg.a(lib_a-mprec.o)
                0x000000000011ab1c                __d2b
 .text.frexp    0x000000000011ac40       0xa8 c:/devkitpro/devkitarm/bin/../lib/gcc/arm-none-eabi/11.1.0/../../../../arm-none-eabi/lib/armv6k/fpu\libg.a(lib_a-s_frexp.o)
                0x000000000011ac40                frexp
 .text.__ssprint_r
                0x000000000011ace8      0x190 c:/devkitpro/devkitarm/bin/../lib/gcc/arm-none-eabi/11.1.0/../../../../arm-none-eabi/lib/armv6k/fpu\libg.a(lib_a-svfiprintf.o)
                0x000000000011ace8                __ssprint_r
 .text._wcsnrtombs_l
                0x000000000011ae78      0x190 c:/devkitpro/devkitarm/bin/../lib/gcc/arm-none-eabi/11.1.0/../../../../arm-none-eabi/lib/armv6k/fpu\libg.a(lib_a-wcsnrtombs.o)
                0x000000000011ae78                _wcsnrtombs_l
 .text._wcsnrtombs_r
                0x000000000011b008       0x4c c:/devkitpro/devkitarm/bin/../lib/gcc/arm-none-eabi/11.1.0/../../../../arm-none-eabi/lib/armv6k/fpu\libg.a(lib_a-wcsnrtombs.o)
                0x000000000011b008                _wcsnrtombs_r
 .text.__utf8_wctomb
                0x000000000011b054       0xf0 c:/devkitpro/devkitarm/bin/../lib/gcc/arm-none-eabi/11.1.0/../../../../arm-none-eabi/lib/armv6k/fpu\libg.a(lib_a-wctomb_r.o)
                0x000000000011b054                __utf8_wctomb
 .text.__assert_func
                0x000000000011b144       0x54 c:/devkitpro/devkitarm/bin/../lib/gcc/arm-none-eabi/11.1.0/../../../../arm-none-eabi/lib/armv6k/fpu\libg.a(lib_a-assert.o)
                0x000000000011b144                __assert_func
 .text.fiprintf
                0x000000000011b198       0x3c c:/devkitpro/devkitarm/bin/../lib/gcc/arm-none-eabi/11.1.0/../../../../arm-none-eabi/lib/armv6k/fpu\libg.a(lib_a-fiprintf.o)
                0x000000000011b198                fiprintf
 .text.get_arg  0x000000000011b1d4      0x628 c:/devkitpro/devkitarm/bin/../lib/gcc/arm-none-eabi/11.1.0/../../../../arm-none-eabi/lib/armv6k/fpu\libg.a(lib_a-vfiprintf.o)
 .text.__sprint_r
                0x000000000011b7fc       0x30 c:/devkitpro/devkitarm/bin/../lib/gcc/arm-none-eabi/11.1.0/../../../../arm-none-eabi/lib/armv6k/fpu\libg.a(lib_a-vfiprintf.o)
                0x000000000011b7fc                __sprint_r
 .text._vfiprintf_r
                0x000000000011b82c     0x233c c:/devkitpro/devkitarm/bin/../lib/gcc/arm-none-eabi/11.1.0/../../../../arm-none-eabi/lib/armv6k/fpu\libg.a(lib_a-vfiprintf.o)
                0x000000000011b82c                _vfiprintf_r
 .text.__sbprintf
                0x000000000011db68       0xd4 c:/devkitpro/devkitarm/bin/../lib/gcc/arm-none-eabi/11.1.0/../../../../arm-none-eabi/lib/armv6k/fpu\libg.a(lib_a-vfiprintf.o)
 .text.__swsetup_r
                0x000000000011dc3c      0x154 c:/devkitpro/devkitarm/bin/../lib/gcc/arm-none-eabi/11.1.0/../../../../arm-none-eabi/lib/armv6k/fpu\libg.a(lib_a-wsetup.o)
                0x000000000011dc3c                __swsetup_r
 .text.abort    0x000000000011dd90       0x14 c:/devkitpro/devkitarm/bin/../lib/gcc/arm-none-eabi/11.1.0/../../../../arm-none-eabi/lib/armv6k/fpu\libg.a(lib_a-abort.o)
                0x000000000011dd90                abort
 .text.__sfvwrite_r
                0x000000000011dda4      0x4c0 c:/devkitpro/devkitarm/bin/../lib/gcc/arm-none-eabi/11.1.0/../../../../arm-none-eabi/lib/armv6k/fpu\libg.a(lib_a-fvwrite.o)
                0x000000000011dda4                __sfvwrite_r
 .text._raise_r
                0x000000000011e264       0x98 c:/devkitpro/devkitarm/bin/../lib/gcc/arm-none-eabi/11.1.0/../../../../arm-none-eabi/lib/armv6k/fpu\libg.a(lib_a-signal.o)
                0x000000000011e264                _raise_r
 .text.raise    0x000000000011e2fc       0x20 c:/devkitpro/devkitarm/bin/../lib/gcc/arm-none-eabi/11.1.0/../../../../arm-none-eabi/lib/armv6k/fpu\libg.a(lib_a-signal.o)
                0x000000000011e2fc                raise
 .text.null_write
                0x000000000011e31c        0x8 c:/devkitpro/devkitarm/bin/../lib/gcc/arm-none-eabi/11.1.0/../../../../arm-none-eabi/lib/armv6k/fpu\libsysbase.a(iosupport.o)
 .text.setDefaultDevice
                0x000000000011e324       0x18 c:/devkitpro/devkitarm/bin/../lib/gcc/arm-none-eabi/11.1.0/../../../../arm-none-eabi/lib/armv6k/fpu\libsysbase.a(iosupport.o)
                0x000000000011e324                setDefaultDevice
 .text.FindDevice
                0x000000000011e33c       0xc8 c:/devkitpro/devkitarm/bin/../lib/gcc/arm-none-eabi/11.1.0/../../../../arm-none-eabi/lib/armv6k/fpu\libsysbase.a(iosupport.o)
                0x000000000011e33c                FindDevice
 .text.RemoveDevice
                0x000000000011e404       0x28 c:/devkitpro/devkitarm/bin/../lib/gcc/arm-none-eabi/11.1.0/../../../../arm-none-eabi/lib/armv6k/fpu\libsysbase.a(iosupport.o)
                0x000000000011e404                RemoveDevice
 .text.AddDevice
                0x000000000011e42c       0x9c c:/devkitpro/devkitarm/bin/../lib/gcc/arm-none-eabi/11.1.0/../../../../arm-none-eabi/lib/armv6k/fpu\libsysbase.a(iosupport.o)
                0x000000000011e42c                AddDevice
 .text.GetDeviceOpTab
                0x000000000011e4c8       0x20 c:/devkitpro/devkitarm/bin/../lib/gcc/arm-none-eabi/11.1.0/../../../../arm-none-eabi/lib/armv6k/fpu\libsysbase.a(iosupport.o)
                0x000000000011e4c8                GetDeviceOpTab
 .text._fstat_r
                0x000000000011e4e8       0x78 c:/devkitpro/devkitarm/bin/../lib/gcc/arm-none-eabi/11.1.0/../../../../arm-none-eabi/lib/armv6k/fpu\libsysbase.a(fstat.o)
                0x000000000011e4e8                _fstat_r
 .text._getpid_r
                0x000000000011e560       0x14 c:/devkitpro/devkitarm/bin/../lib/gcc/arm-none-eabi/11.1.0/../../../../arm-none-eabi/lib/armv6k/fpu\libsysbase.a(getpid.o)
                0x000000000011e560                _getpid_r
 .text._isatty_r
                0x000000000011e574        0x8 c:/devkitpro/devkitarm/bin/../lib/gcc/arm-none-eabi/11.1.0/../../../../arm-none-eabi/lib/armv6k/fpu\libsysbase.a(isatty.o)
                0x000000000011e574                _isatty_r
 .text._kill_r  0x000000000011e57c       0x14 c:/devkitpro/devkitarm/bin/../lib/gcc/arm-none-eabi/11.1.0/../../../../arm-none-eabi/lib/armv6k/fpu\libsysbase.a(kill.o)
                0x000000000011e57c                _kill_r
 .text._lseek_r
                0x000000000011e590       0x84 c:/devkitpro/devkitarm/bin/../lib/gcc/arm-none-eabi/11.1.0/../../../../arm-none-eabi/lib/armv6k/fpu\libsysbase.a(lseek.o)
                0x000000000011e590                _lseek_r
 .text._read_r  0x000000000011e614       0x80 c:/devkitpro/devkitarm/bin/../lib/gcc/arm-none-eabi/11.1.0/../../../../arm-none-eabi/lib/armv6k/fpu\libsysbase.a(read.o)
                0x000000000011e614                _read_r
 .text._sbrk_r  0x000000000011e694       0x78 c:/devkitpro/devkitarm/bin/../lib/gcc/arm-none-eabi/11.1.0/../../../../arm-none-eabi/lib/armv6k/fpu\libsysbase.a(sbrk.o)
                0x000000000011e694                _sbrk_r
 .text._write_r
                0x000000000011e70c       0x80 c:/devkitpro/devkitarm/bin/../lib/gcc/arm-none-eabi/11.1.0/../../../../arm-none-eabi/lib/armv6k/fpu\libsysbase.a(write.o)
                0x000000000011e70c                _write_r
 .text._exit    0x000000000011e78c       0x24 c:/devkitpro/devkitarm/bin/../lib/gcc/arm-none-eabi/11.1.0/../../../../arm-none-eabi/lib/armv6k/fpu\libsysbase.a(_exit.o)
                0x000000000011e78c                _exit
 .text._concatenate_path
                0x000000000011e7b0      0x1b8 c:/devkitpro/devkitarm/bin/../lib/gcc/arm-none-eabi/11.1.0/../../../../arm-none-eabi/lib/armv6k/fpu\libsysbase.a(chdir.o)
                0x000000000011e7b0                _concatenate_path
 .text.chdir    0x000000000011e968      0x160 c:/devkitpro/devkitarm/bin/../lib/gcc/arm-none-eabi/11.1.0/../../../../arm-none-eabi/lib/armv6k/fpu\libsysbase.a(chdir.o)
                0x000000000011e968                chdir
 .text.__flockfile
                0x000000000011eac8        0x8 c:/devkitpro/devkitarm/bin/../lib/gcc/arm-none-eabi/11.1.0/../../../../arm-none-eabi/lib/armv6k/fpu\libsysbase.a(flock.o)
                0x000000000011eac8                __flockfile
 .text.__funlockfile
                0x000000000011ead0        0x8 c:/devkitpro/devkitarm/bin/../lib/gcc/arm-none-eabi/11.1.0/../../../../arm-none-eabi/lib/armv6k/fpu\libsysbase.a(flock.o)
                0x000000000011ead0                __funlockfile
 .text.__libc_lock_acquire
                0x000000000011ead8       0x18 c:/devkitpro/devkitarm/bin/../lib/gcc/arm-none-eabi/11.1.0/../../../../arm-none-eabi/lib/armv6k/fpu\libsysbase.a(syscall_support.o)
                0x000000000011ead8                __libc_lock_acquire
 .text.__libc_lock_release
                0x000000000011eaf0       0x18 c:/devkitpro/devkitarm/bin/../lib/gcc/arm-none-eabi/11.1.0/../../../../arm-none-eabi/lib/armv6k/fpu\libsysbase.a(syscall_support.o)
                0x000000000011eaf0                __libc_lock_release
 .text.__libc_lock_init_recursive
                0x000000000011eb08       0x18 c:/devkitpro/devkitarm/bin/../lib/gcc/arm-none-eabi/11.1.0/../../../../arm-none-eabi/lib/armv6k/fpu\libsysbase.a(syscall_support.o)
                0x000000000011eb08                __libc_lock_init_recursive
 .text.__libc_lock_acquire_recursive
                0x000000000011eb20       0x18 c:/devkitpro/devkitarm/bin/../lib/gcc/arm-none-eabi/11.1.0/../../../../arm-none-eabi/lib/armv6k/fpu\libsysbase.a(syscall_support.o)
                0x000000000011eb20                __libc_lock_acquire_recursive
 .text.__libc_lock_release_recursive
                0x000000000011eb38       0x18 c:/devkitpro/devkitarm/bin/../lib/gcc/arm-none-eabi/11.1.0/../../../../arm-none-eabi/lib/armv6k/fpu\libsysbase.a(syscall_support.o)
                0x000000000011eb38                __libc_lock_release_recursive
 .text.__libc_lock_close_recursive
                0x000000000011eb50       0x18 c:/devkitpro/devkitarm/bin/../lib/gcc/arm-none-eabi/11.1.0/../../../../arm-none-eabi/lib/armv6k/fpu\libsysbase.a(syscall_support.o)
                0x000000000011eb50                __libc_lock_close_recursive
 .text.__get_handle
                0x000000000011eb68       0x3c c:/devkitpro/devkitarm/bin/../lib/gcc/arm-none-eabi/11.1.0/../../../../arm-none-eabi/lib/armv6k/fpu\libsysbase.a(handle_manager.o)
                0x000000000011eb68                __get_handle
 .text._close_r
                0x000000000011eba4       0xf4 c:/devkitpro/devkitarm/bin/../lib/gcc/arm-none-eabi/11.1.0/../../../../arm-none-eabi/lib/armv6k/fpu\libsysbase.a(handle_manager.o)
                0x000000000011eba4                _close_r
 .text.__getreent
                0x000000000011ec98       0x28 c:/devkitpro/devkitarm/bin/../lib/gcc/arm-none-eabi/11.1.0/../../../../arm-none-eabi/lib/armv6k/fpu\libsysbase.a(getreent.o)
                0x000000000011ec98                __getreent
 .text.strrchr  0x000000000011ecc0       0x44 c:/devkitpro/devkitarm/bin/../lib/gcc/arm-none-eabi/11.1.0/../../../../arm-none-eabi/lib/armv6k/fpu\libg.a(lib_a-strrchr.o)
                0x000000000011ecc0                strrchr
 *(.glue_7)
 .glue_7        0x000000000011ed04        0x0 linker stubs
 *(.glue_7t)
 .glue_7t       0x000000000011ed04        0x0 linker stubs
 *(.stub)
 *(.gnu.warning)
 *(.gnu.linkonce.t*)
                0x000000000011ed04                . = ALIGN (0x4)
 *(.fini)
 .fini          0x000000000011ed04        0xc c:/devkitpro/devkitarm/bin/../lib/gcc/arm-none-eabi/11.1.0/armv6k/fpu/crti.o
                0x000000000011ed04                _fini
 .fini          0x000000000011ed10        0xc c:/devkitpro/devkitarm/bin/../lib/gcc/arm-none-eabi/11.1.0/armv6k/fpu/crtn.o
                0x000000000011ed1c                . = ALIGN (0x4)

.vfp11_veneer   0x000000000011ed1c        0x0
 .vfp11_veneer  0x000000000011ed1c        0x0 linker stubs

.v4_bx          0x000000000011ed1c        0x0
 .v4_bx         0x000000000011ed1c        0x0 linker stubs

.iplt           0x000000000011ed1c        0x0
 .iplt          0x000000000011ed1c        0x0 c:/devkitpro/devkitarm/bin/../lib/gcc/arm-none-eabi/11.1.0/../../../../arm-none-eabi/lib/armv6k/fpu/3dsx_crt0.o
                0x000000000011f000                . = ALIGN (0x1000)

.rodata         0x000000000011f000      0xc00
 *(.rodata)
 .rodata        0x000000000011f000        0x3 C:/devkitPro/libctru/lib\libctru.a(apt.o)
 *fill*         0x000000000011f003        0x1 
 .rodata        0x000000000011f004        0xc C:/devkitPro/libctru/lib\libctru.a(archive_dev.o)
 *(.roda)
 *(.rodata.*)
 .rodata.str1.4
                0x000000000011f010      0x2f3 main.o
                                        0x32b (size before relaxing)
 *fill*         0x000000000011f303        0x1 
 .rodata.C2D_Init.str1.4
                0x000000000011f304       0x10 C:/devkitPro/libctru/lib\libcitro2d.a(base.o)
 .rodata.render2d_shbin
                0x000000000011f314      0x190 C:/devkitPro/libctru/lib\libcitro2d.a(render2d.shbin.o)
                0x000000000011f314                render2d_shbin